2026-04-28 00:17:26,571 INFO Background metadata worker starting...
2026-04-28 00:17:26,626 INFO Prefetching missing metadata for 3 tickers...
2026-04-28 00:17:27,892 ERROR HTTP Error 401: {"finance":{"result":null,"error":{"code":"Unauthorized","description":"Invalid Crumb"}}}
2026-04-28 00:17:27,893 ERROR HTTP Error 401: {"finance":{"result":null,"error":{"code":"Unauthorized","description":"User is unable to access this feature - https://bit.ly/yahoo-finance-api-feedback"}}}
2026-04-28 00:17:27,898 ERROR HTTP Error 401: {"finance":{"result":null,"error":{"code":"Unauthorized","description":"User is unable to access this feature - https://bit.ly/yahoo-finance-api-feedback"}}}
2026-04-28 00:17:28,076 INFO Background cache refresh complete for 751 symbols.
2026-04-28 00:17:45,346 INFO Prefetching missing metadata for 1 tickers...
2026-04-28 00:18:08,609 ERROR Error in ABLBL.NS: '<' not supported between instances of 'Timestamp' and 'str'
2026-04-28 00:18:08,692 ERROR Error in ABREL.NS: '<' not supported between instances of 'Timestamp' and 'str'
2026-04-28 00:18:08,764 ERROR Error in AFCONS.NS: '<' not supported between instances of 'Timestamp' and 'str'
2026-04-28 00:18:08,904 ERROR Error in 360ONE.NS: '<' not supported between instances of 'Timestamp' and 'str'
2026-04-28 00:18:08,960 ERROR Error in ANANTRAJ.NS: '<' not supported between instances of 'Timestamp' and 'str'
2026-04-28 00:18:09,041 ERROR Error in APLAPOLLO.NS: '<' not supported between instances of 'Timestamp' and 'str'
2026-04-28 00:18:09,169 ERROR Error in BEML.NS: '<' not supported between instances of 'Timestamp' and 'str'
2026-04-28 00:18:09,331 ERROR Error in AWL.NS: '<' not supported between instances of 'Timestamp' and 'str'
2026-04-28 00:18:09,352 ERROR Error in ASAHIINDIA.NS: '<' not supported between instances of 'Timestamp' and 'str'
2026-04-28 00:18:09,366 ERROR Error in CARTRADE.NS: '<' not supported between instances of 'Timestamp' and 'str'
2026-04-28 00:18:09,521 ERROR Error in CROMPTON.NS: '<' not supported between instances of 'Timestamp' and 'str'
2026-04-28 00:18:09,525 ERROR Error in DIVISLAB.NS: '<' not supported between instances of 'Timestamp' and 'str'
2026-04-28 00:18:09,556 ERROR Error in AEGISLOG.NS: '<' not supported between instances of 'Timestamp' and 'str'
2026-04-28 00:18:09,563 ERROR Error in FINCABLES.NS: '<' not supported between instances of 'Timestamp' and 'str'
2026-04-28 00:18:09,644 ERROR Error in CASTROLIND.NS: '<' not supported between instances of 'Timestamp' and 'str'
2026-04-28 00:18:09,787 ERROR Error in AIAENG.NS: '<' not supported between instances of 'Timestamp' and 'str'
2026-04-28 00:18:09,994 ERROR Error in ADANIENSOL.NS: '<' not supported between instances of 'Timestamp' and 'str'
2026-04-28 00:18:10,023 ERROR Error in CESC.NS: '<' not supported between instances of 'Timestamp' and 'str'
2026-04-28 00:18:10,060 ERROR Error in ESCORTS.NS: '<' not supported between instances of 'Timestamp' and 'str'
2026-04-28 00:18:10,396 ERROR Error in CEATLTD.NS: '<' not supported between instances of 'Timestamp' and 'str'
2026-04-28 00:18:11,031 ERROR Error in FORCEMOT.NS: '<' not supported between instances of 'Timestamp' and 'str'
2026-04-28 00:18:11,185 ERROR Error in GABRIEL.NS: '<' not supported between instances of 'Timestamp' and 'str'
2026-04-28 00:18:11,317 ERROR Error in IGIL.NS: '<' not supported between instances of 'Timestamp' and 'str'
2026-04-28 00:18:11,329 ERROR Error in FLUOROCHEM.NS: '<' not supported between instances of 'Timestamp' and 'str'
2026-04-28 00:18:11,836 ERROR Error in INFY.NS: '<' not supported between instances of 'Timestamp' and 'str'
2026-04-28 00:18:11,794 ERROR Error in GRASIM.NS: '<' not supported between instances of 'Timestamp' and 'str'
2026-04-28 00:18:11,878 ERROR Error in GLENMARK.NS: '<' not supported between instances of 'Timestamp' and 'str'
2026-04-28 00:18:12,266 ERROR Error in IKS.NS: '<' not supported between instances of 'Timestamp' and 'str'
2026-04-28 00:18:12,961 ERROR Error in JKCEMENT.NS: '<' not supported between instances of 'Timestamp' and 'str'
2026-04-28 00:18:12,974 ERROR Error in HDFCBANK.NS: '<' not supported between instances of 'Timestamp' and 'str'
2026-04-28 00:18:13,005 ERROR Error in HAL.NS: '<' not supported between instances of 'Timestamp' and 'str'
2026-04-28 00:18:13,013 ERROR Error in IOB.NS: '<' not supported between instances of 'Timestamp' and 'str'
2026-04-28 00:18:13,026 ERROR Error in IFCI.NS: '<' not supported between instances of 'Timestamp' and 'str'
2026-04-28 00:18:13,049 ERROR Error in JSL.NS: '<' not supported between instances of 'Timestamp' and 'str'
2026-04-28 00:18:13,229 ERROR Error in JUBLINGREA.NS: '<' not supported between instances of 'Timestamp' and 'str'
2026-04-28 00:18:13,233 ERROR Error in HSCL.NS: '<' not supported between instances of 'Timestamp' and 'str'
2026-04-28 00:18:13,331 ERROR Error in HINDCOPPER.NS: '<' not supported between instances of 'Timestamp' and 'str'
2026-04-28 00:18:13,568 ERROR Error in HEG.NS: '<' not supported between instances of 'Timestamp' and 'str'
2026-04-28 00:18:13,744 ERROR Error in JYOTICNC.NS: '<' not supported between instances of 'Timestamp' and 'str'
2026-04-28 00:18:13,982 ERROR Error in IRCON.NS: '<' not supported between instances of 'Timestamp' and 'str'
2026-04-28 00:18:14,118 ERROR Error in KIMS.NS: '<' not supported between instances of 'Timestamp' and 'str'
2026-04-28 00:18:14,575 ERROR Error in LEMONTREE.NS: '<' not supported between instances of 'Timestamp' and 'str'
2026-04-28 00:18:14,586 ERROR Error in KPRMILL.NS: '<' not supported between instances of 'Timestamp' and 'str'
2026-04-28 00:18:14,672 ERROR Error in KEI.NS: '<' not supported between instances of 'Timestamp' and 'str'
2026-04-28 00:18:14,820 ERROR Error in MAHABANK.NS: '<' not supported between instances of 'Timestamp' and 'str'
2026-04-28 00:18:14,938 ERROR Error in LT.NS: '<' not supported between instances of 'Timestamp' and 'str'
2026-04-28 00:18:15,201 ERROR Error in LINDEINDIA.NS: '<' not supported between instances of 'Timestamp' and 'str'
2026-04-28 00:18:15,269 ERROR Error in MOTILALOFS.NS: '<' not supported between instances of 'Timestamp' and 'str'
2026-04-28 00:18:15,292 ERROR Error in MAZDOCK.NS: '<' not supported between instances of 'Timestamp' and 'str'
2026-04-28 00:18:15,406 ERROR Error in MAXHEALTH.NS: '<' not supported between instances of 'Timestamp' and 'str'
2026-04-28 00:18:15,425 ERROR Error in MPHASIS.NS: '<' not supported between instances of 'Timestamp' and 'str'
2026-04-28 00:18:15,528 ERROR Error in MUTHOOTFIN.NS: '<' not supported between instances of 'Timestamp' and 'str'
2026-04-28 00:18:15,465 ERROR Error in MARUTI.NS: '<' not supported between instances of 'Timestamp' and 'str'
2026-04-28 00:18:15,783 ERROR Error in MRF.NS: '<' not supported between instances of 'Timestamp' and 'str'
2026-04-28 00:18:15,839 ERROR Error in NATIONALUM.NS: '<' not supported between instances of 'Timestamp' and 'str'
2026-04-28 00:18:16,075 ERROR Error in MANKIND.NS: '<' not supported between instances of 'Timestamp' and 'str'
2026-04-28 00:18:16,174 ERROR Error in MRPL.NS: '<' not supported between instances of 'Timestamp' and 'str'
2026-04-28 00:18:16,620 ERROR Error in NCC.NS: '<' not supported between instances of 'Timestamp' and 'str'
2026-04-28 00:18:16,973 ERROR Error in NH.NS: '<' not supported between instances of 'Timestamp' and 'str'
2026-04-28 00:18:17,260 ERROR Error in NIVABUPA.NS: '<' not supported between instances of 'Timestamp' and 'str'
2026-04-28 00:18:17,265 ERROR Error in NTPCGREEN.NS: '<' not supported between instances of 'Timestamp' and 'str'
2026-04-28 00:18:17,315 ERROR Error in NEWGEN.NS: '<' not supported between instances of 'Timestamp' and 'str'
2026-04-28 00:18:17,603 ERROR Error in NIACL.NS: '<' not supported between instances of 'Timestamp' and 'str'
2026-04-28 00:18:17,687 ERROR Error in NEULANDLAB.NS: '<' not supported between instances of 'Timestamp' and 'str'
2026-04-28 00:18:18,065 ERROR Error in PCBL.NS: '<' not supported between instances of 'Timestamp' and 'str'
2026-04-28 00:18:18,082 ERROR Error in PFC.NS: '<' not supported between instances of 'Timestamp' and 'str'
2026-04-28 00:18:18,097 ERROR Error in ONGC.NS: '<' not supported between instances of 'Timestamp' and 'str'
2026-04-28 00:18:18,125 ERROR Error in NLCINDIA.NS: '<' not supported between instances of 'Timestamp' and 'str'
2026-04-28 00:18:18,185 ERROR Error in PAGEIND.NS: '<' not supported between instances of 'Timestamp' and 'str'
2026-04-28 00:18:18,450 ERROR Error in PREMIERENE.NS: '<' not supported between instances of 'Timestamp' and 'str'
2026-04-28 00:18:18,512 ERROR Error in PNB.NS: '<' not supported between instances of 'Timestamp' and 'str'
2026-04-28 00:18:18,610 ERROR Error in PIIND.NS: '<' not supported between instances of 'Timestamp' and 'str'
2026-04-28 00:18:18,624 ERROR Error in PVRINOX.NS: '<' not supported between instances of 'Timestamp' and 'str'
2026-04-28 00:18:18,647 ERROR Error in POLYMED.NS: '<' not supported between instances of 'Timestamp' and 'str'
2026-04-28 00:18:18,704 ERROR Error in REDINGTON.NS: '<' not supported between instances of 'Timestamp' and 'str'
2026-04-28 00:18:18,860 ERROR Error in POLICYBZR.NS: '<' not supported between instances of 'Timestamp' and 'str'
2026-04-28 00:18:19,257 ERROR Error in RBLBANK.NS: '<' not supported between instances of 'Timestamp' and 'str'
2026-04-28 00:18:19,357 ERROR Error in RAILTEL.NS: '<' not supported between instances of 'Timestamp' and 'str'
2026-04-28 00:18:19,510 ERROR Error in RKFORGE.NS: '<' not supported between instances of 'Timestamp' and 'str'
2026-04-28 00:18:19,679 ERROR Error in SAPPHIRE.NS: '<' not supported between instances of 'Timestamp' and 'str'
2026-04-28 00:18:19,689 ERROR Error in RRKABEL.NS: '<' not supported between instances of 'Timestamp' and 'str'
2026-04-28 00:18:19,966 ERROR Error in RHIM.NS: '<' not supported between instances of 'Timestamp' and 'str'
2026-04-28 00:18:20,025 ERROR Error in SCHAEFFLER.NS: '<' not supported between instances of 'Timestamp' and 'str'
2026-04-28 00:18:20,071 ERROR Error in SBFC.NS: '<' not supported between instances of 'Timestamp' and 'str'
2026-04-28 00:18:20,167 ERROR Error in VMM.NS: '<' not supported between instances of 'Timestamp' and 'str'
2026-04-28 00:18:20,268 ERROR Error in SWANCORP.NS: '<' not supported between instances of 'Timestamp' and 'str'
2026-04-28 00:18:20,395 ERROR Error in TIINDIA.NS: '<' not supported between instances of 'Timestamp' and 'str'
2026-04-28 00:18:20,401 ERROR Error in TITAN.NS: '<' not supported between instances of 'Timestamp' and 'str'
2026-04-28 00:18:20,487 ERROR Error in ZENTEC.NS: '<' not supported between instances of 'Timestamp' and 'str'
2026-04-28 00:18:20,582 ERROR Error in TRENT.NS: '<' not supported between instances of 'Timestamp' and 'str'
2026-04-28 00:18:20,745 ERROR Error in SIEMENS.NS: '<' not supported between instances of 'Timestamp' and 'str'
2026-04-28 00:18:20,755 ERROR Error in WELSPUNLIV.NS: '<' not supported between instances of 'Timestamp' and 'str'
2026-04-28 00:18:20,780 ERROR Error in TECHM.NS: '<' not supported between instances of 'Timestamp' and 'str'
2026-04-28 00:18:20,826 ERROR Error in WAAREEENER.NS: '<' not supported between instances of 'Timestamp' and 'str'
2026-04-28 00:18:20,859 ERROR Error in USHAMART.NS: '<' not supported between instances of 'Timestamp' and 'str'
2026-04-28 00:18:20,864 ERROR Error in VEDL.NS: '<' not supported between instances of 'Timestamp' and 'str'
2026-04-28 00:18:57,660 ERROR Failed to fetch NSE CSV after 3 attempts: 404 Client Error: Not Found for url: https://nsearchives.nseindia.com/content/indices/ind_niftymicrocap250list.csv
2026-04-28 00:18:57,660 WARNING Sector segment https://nsearchives.nseindia.com/content/indices/ind_niftymicrocap250list.csv failed: 404 Client Error: Not Found for url: https://nsearchives.nseindia.com/content/indices/ind_niftymicrocap250list.csv
2026-04-28 00:19:00,967 ERROR Failed to fetch NSE CSV after 3 attempts: 404 Client Error: Not Found for url: https://archives.nseindia.com/content/indices/ind_niftymicrocap250list.csv
2026-04-28 00:19:00,967 WARNING Sector segment https://archives.nseindia.com/content/indices/ind_niftymicrocap250list.csv failed: 404 Client Error: Not Found for url: https://archives.nseindia.com/content/indices/ind_niftymicrocap250list.csv
2026-04-28 00:19:01,215 INFO Prefetching missing metadata for 3 tickers...
2026-04-28 00:19:02,105 ERROR HTTP Error 404: {"quoteSummary":{"result":null,"error":{"code":"Not Found","description":"Quote not found for symbol: DUMMYALCAR.NS"}}}
2026-04-28 00:19:12,251 ERROR Error in 360ONE.NS: '<' not supported between instances of 'Timestamp' and 'str'
2026-04-28 00:19:12,281 ERROR Error in AADHARHFC.NS: '<' not supported between instances of 'Timestamp' and 'str'
2026-04-28 00:19:12,293 ERROR Error in ABCAPITAL.NS: '<' not supported between instances of 'Timestamp' and 'str'
2026-04-28 00:19:12,342 ERROR Error in ADANIPOWER.NS: '<' not supported between instances of 'Timestamp' and 'str'
2026-04-28 00:19:12,411 ERROR Error in AKUMS.NS: '<' not supported between instances of 'Timestamp' and 'str'
2026-04-28 00:19:12,813 ERROR Error in ABLBL.NS: '<' not supported between instances of 'Timestamp' and 'str'
2026-04-28 00:19:12,876 ERROR Error in ADANIGREEN.NS: '<' not supported between instances of 'Timestamp' and 'str'
2026-04-28 00:19:12,976 ERROR Error in ABB.NS: '<' not supported between instances of 'Timestamp' and 'str'
2026-04-28 00:19:12,979 ERROR Error in ASHAPURMIN.NS: '<' not supported between instances of 'Timestamp' and 'str'
2026-04-28 00:19:13,036 ERROR Error in ADANIENSOL.NS: '<' not supported between instances of 'Timestamp' and 'str'
2026-04-28 00:19:13,046 ERROR Error in ABBOTINDIA.NS: '<' not supported between instances of 'Timestamp' and 'str'
2026-04-28 00:19:13,111 ERROR Error in 3MINDIA.NS: '<' not supported between instances of 'Timestamp' and 'str'
2026-04-28 00:19:13,135 ERROR Error in ARVINDFASN.NS: '<' not supported between instances of 'Timestamp' and 'str'
2026-04-28 00:19:13,140 ERROR Error in AFCONS.NS: '<' not supported between instances of 'Timestamp' and 'str'
2026-04-28 00:19:13,143 ERROR Error in AEGISLOG.NS: '<' not supported between instances of 'Timestamp' and 'str'
2026-04-28 00:19:13,254 ERROR Error in AIAENG.NS: '<' not supported between instances of 'Timestamp' and 'str'
2026-04-28 00:19:13,303 ERROR Error in ATGL.NS: '<' not supported between instances of 'Timestamp' and 'str'
2026-04-28 00:19:13,306 ERROR Error in ASTRAL.NS: '<' not supported between instances of 'Timestamp' and 'str'
2026-04-28 00:19:13,409 ERROR Error in ARVIND.NS: '<' not supported between instances of 'Timestamp' and 'str'
2026-04-28 00:19:13,630 ERROR Error in AVALON.NS: '<' not supported between instances of 'Timestamp' and 'str'
2026-04-28 00:19:13,677 ERROR Error in APLAPOLLO.NS: '<' not supported between instances of 'Timestamp' and 'str'
2026-04-28 00:19:13,764 ERROR Error in ASHOKLEY.NS: '<' not supported between instances of 'Timestamp' and 'str'
2026-04-28 00:19:13,835 ERROR Error in ASAHIINDIA.NS: '<' not supported between instances of 'Timestamp' and 'str'
2026-04-28 00:19:13,945 ERROR Error in AWL.NS: '<' not supported between instances of 'Timestamp' and 'str'
2026-04-28 00:19:14,016 ERROR Error in ASTRAMICRO.NS: '<' not supported between instances of 'Timestamp' and 'str'
2026-04-28 00:19:14,051 ERROR Error in ASTERDM.NS: '<' not supported between instances of 'Timestamp' and 'str'
2026-04-28 00:19:14,438 ERROR Error in ASIANPAINT.NS: '<' not supported between instances of 'Timestamp' and 'str'
2026-04-28 00:19:14,461 ERROR Error in BANKBARODA.NS: '<' not supported between instances of 'Timestamp' and 'str'
2026-04-28 00:19:14,597 ERROR Error in BANDHANBNK.NS: '<' not supported between instances of 'Timestamp' and 'str'
2026-04-28 00:19:14,611 ERROR Error in BALKRISIND.NS: '<' not supported between instances of 'Timestamp' and 'str'
2026-04-28 00:19:14,700 ERROR Error in AXISBANK.NS: '<' not supported between instances of 'Timestamp' and 'str'
2026-04-28 00:19:14,751 ERROR Error in BHEL.NS: '<' not supported between instances of 'Timestamp' and 'str'
2026-04-28 00:19:14,772 ERROR Error in BELRISE.NS: '<' not supported between instances of 'Timestamp' and 'str'
2026-04-28 00:19:14,903 ERROR Error in BALUFORGE.NS: '<' not supported between instances of 'Timestamp' and 'str'
2026-04-28 00:19:14,947 ERROR Error in BEML.NS: '<' not supported between instances of 'Timestamp' and 'str'
2026-04-28 00:19:15,015 ERROR Error in BBTC.NS: '<' not supported between instances of 'Timestamp' and 'str'
2026-04-28 00:19:15,071 ERROR Error in BHARTIARTL.NS: '<' not supported between instances of 'Timestamp' and 'str'
2026-04-28 00:19:15,087 ERROR Error in BERGEPAINT.NS: '<' not supported between instances of 'Timestamp' and 'str'
2026-04-28 00:19:15,107 ERROR Error in BBOX.NS: '<' not supported between instances of 'Timestamp' and 'str'
2026-04-28 00:19:15,122 ERROR Error in BDL.NS: '<' not supported between instances of 'Timestamp' and 'str'
2026-04-28 00:19:15,163 ERROR Error in BIRLACORPN.NS: '<' not supported between instances of 'Timestamp' and 'str'
2026-04-28 00:19:15,199 ERROR Error in BHARTIHEXA.NS: '<' not supported between instances of 'Timestamp' and 'str'
2026-04-28 00:19:15,284 ERROR Error in BIKAJI.NS: '<' not supported between instances of 'Timestamp' and 'str'
2026-04-28 00:19:15,287 ERROR Error in BLACKBUCK.NS: '<' not supported between instances of 'Timestamp' and 'str'
2026-04-28 00:19:15,360 ERROR Error in CDSL.NS: '<' not supported between instances of 'Timestamp' and 'str'
2026-04-28 00:19:15,374 ERROR Error in BLUESTARCO.NS: '<' not supported between instances of 'Timestamp' and 'str'
2026-04-28 00:19:15,494 ERROR Error in CLEAN.NS: '<' not supported between instances of 'Timestamp' and 'str'
2026-04-28 00:19:15,699 ERROR Error in COHANCE.NS: '<' not supported between instances of 'Timestamp' and 'str'
2026-04-28 00:19:15,842 ERROR Error in BLUEDART.NS: '<' not supported between instances of 'Timestamp' and 'str'
2026-04-28 00:19:15,892 ERROR Error in CESC.NS: '<' not supported between instances of 'Timestamp' and 'str'
2026-04-28 00:19:15,935 ERROR Error in CMSINFO.NS: '<' not supported between instances of 'Timestamp' and 'str'
2026-04-28 00:19:16,207 ERROR Error in CIPLA.NS: '<' not supported between instances of 'Timestamp' and 'str'
2026-04-28 00:19:16,289 ERROR Error in DABUR.NS: '<' not supported between instances of 'Timestamp' and 'str'
2026-04-28 00:19:16,297 ERROR Error in DIXON.NS: '<' not supported between instances of 'Timestamp' and 'str'
2026-04-28 00:19:16,300 ERROR Error in CGPOWER.NS: '<' not supported between instances of 'Timestamp' and 'str'
2026-04-28 00:19:16,312 ERROR Error in COALINDIA.NS: '<' not supported between instances of 'Timestamp' and 'str'
2026-04-28 00:19:16,405 ERROR Error in COFORGE.NS: '<' not supported between instances of 'Timestamp' and 'str'
2026-04-28 00:19:16,432 ERROR Error in CRISIL.NS: '<' not supported between instances of 'Timestamp' and 'str'
2026-04-28 00:19:16,480 ERROR Error in CENTURYPLY.NS: '<' not supported between instances of 'Timestamp' and 'str'
2026-04-28 00:19:16,531 ERROR Error in DATAPATTNS.NS: '<' not supported between instances of 'Timestamp' and 'str'
2026-04-28 00:19:16,555 ERROR Error in DEEPAKFERT.NS: '<' not supported between instances of 'Timestamp' and 'str'
2026-04-28 00:19:16,559 ERROR Error in ECLERX.NS: '<' not supported between instances of 'Timestamp' and 'str'
2026-04-28 00:19:16,615 ERROR Error in CRAFTSMAN.NS: '<' not supported between instances of 'Timestamp' and 'str'
2026-04-28 00:19:16,632 ERROR Error in CROMPTON.NS: '<' not supported between instances of 'Timestamp' and 'str'
2026-04-28 00:19:16,768 ERROR Error in EIDPARRY.NS: '<' not supported between instances of 'Timestamp' and 'str'
2026-04-28 00:19:16,835 ERROR Error in EIEL.NS: '<' not supported between instances of 'Timestamp' and 'str'
2026-04-28 00:19:16,953 ERROR Error in CREDITACC.NS: '<' not supported between instances of 'Timestamp' and 'str'
2026-04-28 00:19:16,984 ERROR Error in DIVISLAB.NS: '<' not supported between instances of 'Timestamp' and 'str'
2026-04-28 00:19:17,000 ERROR Error in ELECON.NS: '<' not supported between instances of 'Timestamp' and 'str'
2026-04-28 00:19:17,004 ERROR Error in EMBDL.NS: '<' not supported between instances of 'Timestamp' and 'str'
2026-04-28 00:19:17,081 ERROR Error in EMIL.NS: '<' not supported between instances of 'Timestamp' and 'str'
2026-04-28 00:19:17,135 ERROR Error in EICHERMOT.NS: '<' not supported between instances of 'Timestamp' and 'str'
2026-04-28 00:19:17,137 ERROR Error in CUB.NS: '<' not supported between instances of 'Timestamp' and 'str'
2026-04-28 00:19:17,149 ERROR Error in EMCURE.NS: '<' not supported between instances of 'Timestamp' and 'str'
2026-04-28 00:19:17,199 ERROR Error in ENGINERSIN.NS: '<' not supported between instances of 'Timestamp' and 'str'
2026-04-28 00:19:17,294 ERROR Error in ERIS.NS: '<' not supported between instances of 'Timestamp' and 'str'
2026-04-28 00:19:17,549 ERROR Error in ETHOSLTD.NS: '<' not supported between instances of 'Timestamp' and 'str'
2026-04-28 00:19:17,610 ERROR Error in FEDERALBNK.NS: '<' not supported between instances of 'Timestamp' and 'str'
2026-04-28 00:19:17,748 ERROR Error in FINPIPE.NS: '<' not supported between instances of 'Timestamp' and 'str'
2026-04-28 00:19:17,821 ERROR Error in GESHIP.NS: '<' not supported between instances of 'Timestamp' and 'str'
2026-04-28 00:19:18,011 ERROR Error in GMDCLTD.NS: '<' not supported between instances of 'Timestamp' and 'str'
2026-04-28 00:19:18,015 ERROR Error in GODREJCP.NS: '<' not supported between instances of 'Timestamp' and 'str'
2026-04-28 00:19:18,044 ERROR Error in ELECTCAST.NS: '<' not supported between instances of 'Timestamp' and 'str'
2026-04-28 00:19:18,092 ERROR Error in FIRSTCRY.NS: '<' not supported between instances of 'Timestamp' and 'str'
2026-04-28 00:19:18,120 ERROR Error in GODFRYPHLP.NS: '<' not supported between instances of 'Timestamp' and 'str'
2026-04-28 00:19:18,338 ERROR Error in GRAPHITE.NS: '<' not supported between instances of 'Timestamp' and 'str'
2026-04-28 00:19:18,425 ERROR Error in GREAVESCOT.NS: '<' not supported between instances of 'Timestamp' and 'str'
2026-04-28 00:19:18,439 ERROR Error in FORCEMOT.NS: '<' not supported between instances of 'Timestamp' and 'str'
2026-04-28 00:19:18,455 ERROR Error in GMRP&UI.NS: '<' not supported between instances of 'Timestamp' and 'str'
2026-04-28 00:19:18,470 ERROR Error in GHCL.NS: '<' not supported between instances of 'Timestamp' and 'str'
2026-04-28 00:19:18,475 ERROR Error in FINCABLES.NS: '<' not supported between instances of 'Timestamp' and 'str'
2026-04-28 00:19:18,483 ERROR Error in GLENMARK.NS: '<' not supported between instances of 'Timestamp' and 'str'
2026-04-28 00:19:18,525 ERROR Error in FIEMIND.NS: '<' not supported between instances of 'Timestamp' and 'str'
2026-04-28 00:19:18,568 ERROR Error in ESCORTS.NS: '<' not supported between instances of 'Timestamp' and 'str'
2026-04-28 00:19:18,608 ERROR Error in GSFC.NS: '<' not supported between instances of 'Timestamp' and 'str'
2026-04-28 00:19:18,678 ERROR Error in GRWRHITECH.NS: '<' not supported between instances of 'Timestamp' and 'str'
2026-04-28 00:19:18,751 ERROR Error in HCC.NS: '<' not supported between instances of 'Timestamp' and 'str'
2026-04-28 00:19:18,770 ERROR Error in GODREJAGRO.NS: '<' not supported between instances of 'Timestamp' and 'str'
2026-04-28 00:19:18,864 ERROR Error in HDFCAMC.NS: '<' not supported between instances of 'Timestamp' and 'str'
2026-04-28 00:19:19,065 ERROR Error in GMMPFAUDLR.NS: '<' not supported between instances of 'Timestamp' and 'str'
2026-04-28 00:19:19,072 ERROR Error in HDBFS.NS: '<' not supported between instances of 'Timestamp' and 'str'
2026-04-28 00:19:19,084 ERROR Error in FLUOROCHEM.NS: '<' not supported between instances of 'Timestamp' and 'str'
2026-04-28 00:19:19,102 ERROR Error in HDFCBANK.NS: '<' not supported between instances of 'Timestamp' and 'str'
2026-04-28 00:19:19,128 ERROR Error in HEMIPROP.NS: '<' not supported between instances of 'Timestamp' and 'str'
2026-04-28 00:19:19,154 ERROR Error in HINDUNILVR.NS: '<' not supported between instances of 'Timestamp' and 'str'
2026-04-28 00:19:19,189 ERROR Error in HEROMOTOCO.NS: '<' not supported between instances of 'Timestamp' and 'str'
2026-04-28 00:19:19,283 ERROR Error in HINDPETRO.NS: '<' not supported between instances of 'Timestamp' and 'str'
2026-04-28 00:19:19,295 ERROR Error in HAL.NS: '<' not supported between instances of 'Timestamp' and 'str'
2026-04-28 00:19:19,615 ERROR Error in ICICIPRULI.NS: '<' not supported between instances of 'Timestamp' and 'str'
2026-04-28 00:19:19,627 ERROR Error in HCG.NS: '<' not supported between instances of 'Timestamp' and 'str'
2026-04-28 00:19:19,687 ERROR Error in HDFCLIFE.NS: '<' not supported between instances of 'Timestamp' and 'str'
2026-04-28 00:19:19,723 ERROR Error in IIFLCAPS.NS: '<' not supported between instances of 'Timestamp' and 'str'
2026-04-28 00:19:19,923 ERROR Error in IFCI.NS: '<' not supported between instances of 'Timestamp' and 'str'
2026-04-28 00:19:19,929 ERROR Error in HSCL.NS: '<' not supported between instances of 'Timestamp' and 'str'
2026-04-28 00:19:19,947 ERROR Error in ITCHOTELS.NS: '<' not supported between instances of 'Timestamp' and 'str'
2026-04-28 00:19:19,969 ERROR Error in ICICIGI.NS: '<' not supported between instances of 'Timestamp' and 'str'
2026-04-28 00:19:20,029 ERROR Error in HINDCOPPER.NS: '<' not supported between instances of 'Timestamp' and 'str'
2026-04-28 00:19:20,050 ERROR Error in INDIAMART.NS: '<' not supported between instances of 'Timestamp' and 'str'
2026-04-28 00:19:20,055 ERROR Error in IGIL.NS: '<' not supported between instances of 'Timestamp' and 'str'
2026-04-28 00:19:20,124 ERROR Error in ITC.NS: '<' not supported between instances of 'Timestamp' and 'str'
2026-04-28 00:19:20,127 ERROR Error in IDFCFIRSTB.NS: '<' not supported between instances of 'Timestamp' and 'str'
2026-04-28 00:19:20,148 ERROR Error in IFBIND.NS: '<' not supported between instances of 'Timestamp' and 'str'
2026-04-28 00:19:20,222 ERROR Error in IKS.NS: '<' not supported between instances of 'Timestamp' and 'str'
2026-04-28 00:19:20,248 ERROR Error in IIFL.NS: '<' not supported between instances of 'Timestamp' and 'str'
2026-04-28 00:19:20,300 ERROR Error in JBCHEPHARM.NS: '<' not supported between instances of 'Timestamp' and 'str'
2026-04-28 00:19:20,304 ERROR Error in JPPOWER.NS: '<' not supported between instances of 'Timestamp' and 'str'
2026-04-28 00:19:20,409 ERROR Error in J&KBANK.NS: '<' not supported between instances of 'Timestamp' and 'str'
2026-04-28 00:19:20,486 ERROR Error in INDUSTOWER.NS: '<' not supported between instances of 'Timestamp' and 'str'
2026-04-28 00:19:20,502 ERROR Error in INDIGOPNTS.NS: '<' not supported between instances of 'Timestamp' and 'str'
2026-04-28 00:19:20,518 ERROR Error in IOB.NS: '<' not supported between instances of 'Timestamp' and 'str'
2026-04-28 00:19:20,739 ERROR Error in JSWENERGY.NS: '<' not supported between instances of 'Timestamp' and 'str'
2026-04-28 00:19:20,865 ERROR Error in JKCEMENT.NS: '<' not supported between instances of 'Timestamp' and 'str'
2026-04-28 00:19:20,921 ERROR Error in KAYNES.NS: '<' not supported between instances of 'Timestamp' and 'str'
2026-04-28 00:19:20,926 ERROR Error in INFY.NS: '<' not supported between instances of 'Timestamp' and 'str'
2026-04-28 00:19:20,990 ERROR Error in IXIGO.NS: '<' not supported between instances of 'Timestamp' and 'str'
2026-04-28 00:19:21,143 ERROR Error in KALYANKJIL.NS: '<' not supported between instances of 'Timestamp' and 'str'
2026-04-28 00:19:21,214 ERROR Error in JLHL.NS: '<' not supported between instances of 'Timestamp' and 'str'
2026-04-28 00:19:21,385 ERROR Error in JSFB.NS: '<' not supported between instances of 'Timestamp' and 'str'
2026-04-28 00:19:21,498 ERROR Error in JYOTHYLAB.NS: '<' not supported between instances of 'Timestamp' and 'str'
2026-04-28 00:19:21,506 ERROR Error in JUBLINGREA.NS: '<' not supported between instances of 'Timestamp' and 'str'
2026-04-28 00:19:21,550 ERROR Error in LATENTVIEW.NS: '<' not supported between instances of 'Timestamp' and 'str'
2026-04-28 00:19:21,607 ERROR Error in LAURUSLABS.NS: '<' not supported between instances of 'Timestamp' and 'str'
2026-04-28 00:19:21,753 ERROR Error in JMFINANCIL.NS: '<' not supported between instances of 'Timestamp' and 'str'
2026-04-28 00:19:21,792 ERROR Error in LICHSGFIN.NS: '<' not supported between instances of 'Timestamp' and 'str'
2026-04-28 00:19:21,826 ERROR Error in KPITTECH.NS: '<' not supported between instances of 'Timestamp' and 'str'
2026-04-28 00:19:21,835 ERROR Error in KRN.NS: '<' not supported between instances of 'Timestamp' and 'str'
2026-04-28 00:19:21,906 ERROR Error in JSL.NS: '<' not supported between instances of 'Timestamp' and 'str'
2026-04-28 00:19:21,916 ERROR Error in KEI.NS: '<' not supported between instances of 'Timestamp' and 'str'
2026-04-28 00:19:21,935 ERROR Error in MAHSEAMLES.NS: '<' not supported between instances of 'Timestamp' and 'str'
2026-04-28 00:19:21,964 ERROR Error in KIRLOSENG.NS: '<' not supported between instances of 'Timestamp' and 'str'
2026-04-28 00:19:22,233 ERROR Error in KPIL.NS: '<' not supported between instances of 'Timestamp' and 'str'
2026-04-28 00:19:22,395 ERROR Error in MANKIND.NS: '<' not supported between instances of 'Timestamp' and 'str'
2026-04-28 00:19:22,583 ERROR Error in MAXHEALTH.NS: '<' not supported between instances of 'Timestamp' and 'str'
2026-04-28 00:19:22,656 ERROR Error in NEULANDLAB.NS: '<' not supported between instances of 'Timestamp' and 'str'
2026-04-28 00:19:22,735 ERROR Error in LLOYDSENT.NS: '<' not supported between instances of 'Timestamp' and 'str'
2026-04-28 00:19:22,771 ERROR Error in KIRLOSBROS.NS: '<' not supported between instances of 'Timestamp' and 'str'
2026-04-28 00:19:22,792 ERROR Error in KIMS.NS: '<' not supported between instances of 'Timestamp' and 'str'
2026-04-28 00:19:23,273 ERROR Error in MAHABANK.NS: '<' not supported between instances of 'Timestamp' and 'str'
2026-04-28 00:19:23,325 ERROR Error in MRPL.NS: '<' not supported between instances of 'Timestamp' and 'str'
2026-04-28 00:19:23,419 ERROR Error in LLOYDSENGG.NS: '<' not supported between instances of 'Timestamp' and 'str'
2026-04-28 00:19:23,489 ERROR Error in NTPCGREEN.NS: '<' not supported between instances of 'Timestamp' and 'str'
2026-04-28 00:19:23,581 ERROR Error in MUTHOOTFIN.NS: '<' not supported between instances of 'Timestamp' and 'str'
2026-04-28 00:19:23,648 ERROR Error in MRF.NS: '<' not supported between instances of 'Timestamp' and 'str'
2026-04-28 00:19:23,683 ERROR Error in MIDHANI.NS: '<' not supported between instances of 'Timestamp' and 'str'
2026-04-28 00:19:23,797 ERROR Error in ONESOURCE.NS: '<' not supported between instances of 'Timestamp' and 'str'
2026-04-28 00:19:23,800 ERROR Error in LT.NS: '<' not supported between instances of 'Timestamp' and 'str'
2026-04-28 00:19:23,815 ERROR Error in NATCOPHARM.NS: '<' not supported between instances of 'Timestamp' and 'str'
2026-04-28 00:19:23,958 ERROR Error in NIVABUPA.NS: '<' not supported between instances of 'Timestamp' and 'str'
2026-04-28 00:19:23,985 ERROR Error in NIACL.NS: '<' not supported between instances of 'Timestamp' and 'str'
2026-04-28 00:19:24,036 ERROR Error in NESTLEIND.NS: '<' not supported between instances of 'Timestamp' and 'str'
2026-04-28 00:19:24,156 ERROR Error in NEWGEN.NS: '<' not supported between instances of 'Timestamp' and 'str'
2026-04-28 00:19:24,169 ERROR Error in NH.NS: '<' not supported between instances of 'Timestamp' and 'str'
2026-04-28 00:19:24,223 ERROR Error in RKFORGE.NS: '<' not supported between instances of 'Timestamp' and 'str'
2026-04-28 00:19:24,311 ERROR Error in SCHAEFFLER.NS: '<' not supported between instances of 'Timestamp' and 'str'
2026-04-28 00:19:24,325 ERROR Error in SAFARI.NS: '<' not supported between instances of 'Timestamp' and 'str'
2026-04-28 00:19:24,331 ERROR Error in RBLBANK.NS: '<' not supported between instances of 'Timestamp' and 'str'
2026-04-28 00:19:24,341 ERROR Error in PNBHOUSING.NS: '<' not supported between instances of 'Timestamp' and 'str'
2026-04-28 00:19:24,388 ERROR Error in PTCIL.NS: '<' not supported between instances of 'Timestamp' and 'str'
2026-04-28 00:19:24,483 ERROR Error in SCHNEIDER.NS: '<' not supported between instances of 'Timestamp' and 'str'
2026-04-28 00:19:24,495 ERROR Error in SKIPPER.NS: '<' not supported between instances of 'Timestamp' and 'str'
2026-04-28 00:19:24,530 ERROR Error in PIDILITIND.NS: '<' not supported between instances of 'Timestamp' and 'str'
2026-04-28 00:19:24,532 ERROR Error in TI.NS: '<' not supported between instances of 'Timestamp' and 'str'
2026-04-28 00:19:24,551 ERROR Error in SWANCORP.NS: '<' not supported between instances of 'Timestamp' and 'str'
2026-04-28 00:19:24,564 ERROR Error in SYNGENE.NS: '<' not supported between instances of 'Timestamp' and 'str'
2026-04-28 00:19:24,603 ERROR Error in OBEROIRLTY.NS: '<' not supported between instances of 'Timestamp' and 'str'
2026-04-28 00:19:24,609 ERROR Error in TTML.NS: '<' not supported between instances of 'Timestamp' and 'str'
2026-04-28 00:19:24,633 ERROR Error in ULTRACEMCO.NS: '<' not supported between instances of 'Timestamp' and 'str'
2026-04-28 00:19:24,655 ERROR Error in VOLTAMP.NS: '<' not supported between instances of 'Timestamp' and 'str'
2026-04-28 00:19:24,666 ERROR Error in THOMASCOOK.NS: '<' not supported between instances of 'Timestamp' and 'str'
2026-04-28 00:19:24,716 ERROR Error in WELENT.NS: '<' not supported between instances of 'Timestamp' and 'str'
2026-04-28 00:19:38,660 INFO Prefetching missing metadata for 3 tickers...
2026-04-28 00:19:39,285 ERROR HTTP Error 404: {"quoteSummary":{"result":null,"error":{"code":"Not Found","description":"Quote not found for symbol: DUMMYALCAR.NS"}}}
2026-04-28 00:19:51,261 WARNING Parallel download failed for chunk 500: dictionary changed size during iteration
2026-04-28 00:19:58,146 ERROR Error in 3MINDIA.NS: '<' not supported between instances of 'Timestamp' and 'str'
2026-04-28 00:19:58,160 ERROR Error in ABBOTINDIA.NS: '<' not supported between instances of 'Timestamp' and 'str'
2026-04-28 00:19:58,163 ERROR Error in AFCONS.NS: '<' not supported between instances of 'Timestamp' and 'str'
2026-04-28 00:19:58,604 ERROR Error in ABLBL.NS: '<' not supported between instances of 'Timestamp' and 'str'
2026-04-28 00:19:59,007 ERROR Error in ASIANPAINT.NS: '<' not supported between instances of 'Timestamp' and 'str'
2026-04-28 00:19:59,243 ERROR Error in ASTERDM.NS: '<' not supported between instances of 'Timestamp' and 'str'
2026-04-28 00:19:59,255 ERROR Error in ADANIPORTS.NS: '<' not supported between instances of 'Timestamp' and 'str'
2026-04-28 00:19:59,416 ERROR Error in AFFLE.NS: '<' not supported between instances of 'Timestamp' and 'str'
2026-04-28 00:19:59,453 ERROR Error in AGARWALEYE.NS: '<' not supported between instances of 'Timestamp' and 'str'
2026-04-28 00:19:59,487 ERROR Error in ASTRAMICRO.NS: '<' not supported between instances of 'Timestamp' and 'str'
2026-04-28 00:19:59,703 ERROR Error in AEGISLOG.NS: '<' not supported between instances of 'Timestamp' and 'str'
2026-04-28 00:19:59,721 ERROR Error in ABREL.NS: '<' not supported between instances of 'Timestamp' and 'str'
2026-04-28 00:19:59,756 ERROR Error in AXISBANK.NS: '<' not supported between instances of 'Timestamp' and 'str'
2026-04-28 00:19:59,784 ERROR Error in APLAPOLLO.NS: '<' not supported between instances of 'Timestamp' and 'str'
2026-04-28 00:19:59,841 ERROR Error in ASAHIINDIA.NS: '<' not supported between instances of 'Timestamp' and 'str'
2026-04-28 00:19:59,848 ERROR Error in AVANTIFEED.NS: name 'close_aligned' is not defined
2026-04-28 00:19:59,997 ERROR Error in BALUFORGE.NS: '<' not supported between instances of 'Timestamp' and 'str'
2026-04-28 00:20:00,279 ERROR Error in ASKAUTOLTD.NS: '<' not supported between instances of 'Timestamp' and 'str'
2026-04-28 00:20:00,300 ERROR Error in APTUS.NS: '<' not supported between instances of 'Timestamp' and 'str'
2026-04-28 00:20:00,301 ERROR Error in BEL.NS: name 'close_aligned' is not defined
2026-04-28 00:20:00,763 ERROR Error in BERGEPAINT.NS: '<' not supported between instances of 'Timestamp' and 'str'
2026-04-28 00:20:00,842 ERROR Error in ATHERENERG.NS: '<' not supported between instances of 'Timestamp' and 'str'
2026-04-28 00:20:00,869 ERROR Error in BLACKBUCK.NS: name 'close_aligned' is not defined
2026-04-28 00:20:00,871 ERROR Error in CDSL.NS: name 'close_aligned' is not defined
2026-04-28 00:20:01,062 ERROR Error in ASHOKA.NS: '<' not supported between instances of 'Timestamp' and 'str'
2026-04-28 00:20:01,077 ERROR Error in BEML.NS: '<' not supported between instances of 'Timestamp' and 'str'
2026-04-28 00:20:01,132 ERROR Error in BLUEDART.NS: '<' not supported between instances of 'Timestamp' and 'str'
2026-04-28 00:20:01,155 ERROR Error in CHAMBLFERT.NS: '<' not supported between instances of 'Timestamp' and 'str'
2026-04-28 00:20:01,519 ERROR Error in COALINDIA.NS: '<' not supported between instances of 'Timestamp' and 'str'
2026-04-28 00:20:01,561 ERROR Error in COHANCE.NS: '<' not supported between instances of 'Timestamp' and 'str'
2026-04-28 00:20:01,741 ERROR Error in CASTROLIND.NS: '<' not supported between instances of 'Timestamp' and 'str'
2026-04-28 00:20:01,863 ERROR Error in BHEL.NS: '<' not supported between instances of 'Timestamp' and 'str'
2026-04-28 00:20:01,984 ERROR Error in CEATLTD.NS: '<' not supported between instances of 'Timestamp' and 'str'
2026-04-28 00:20:02,094 ERROR Error in BBOX.NS: '<' not supported between instances of 'Timestamp' and 'str'
2026-04-28 00:20:02,099 ERROR Error in CUB.NS: '<' not supported between instances of 'Timestamp' and 'str'
2026-04-28 00:20:02,106 ERROR Error in CRAFTSMAN.NS: '<' not supported between instances of 'Timestamp' and 'str'
2026-04-28 00:20:02,149 ERROR Error in CONCOR.NS: '<' not supported between instances of 'Timestamp' and 'str'
2026-04-28 00:20:02,291 ERROR Error in BLUEJET.NS: '<' not supported between instances of 'Timestamp' and 'str'
2026-04-28 00:20:02,308 ERROR Error in CGPOWER.NS: '<' not supported between instances of 'Timestamp' and 'str'
2026-04-28 00:20:02,361 ERROR Error in DIXON.NS: name 'close_aligned' is not defined
2026-04-28 00:20:02,408 ERROR Error in CIPLA.NS: '<' not supported between instances of 'Timestamp' and 'str'
2026-04-28 00:20:02,429 ERROR Error in CMSINFO.NS: '<' not supported between instances of 'Timestamp' and 'str'
2026-04-28 00:20:02,573 ERROR Error in COFORGE.NS: '<' not supported between instances of 'Timestamp' and 'str'
2026-04-28 00:20:02,658 ERROR Error in CESC.NS: '<' not supported between instances of 'Timestamp' and 'str'
2026-04-28 00:20:02,782 ERROR Error in DATAMATICS.NS: '<' not supported between instances of 'Timestamp' and 'str'
2026-04-28 00:20:02,926 ERROR Error in CRISIL.NS: '<' not supported between instances of 'Timestamp' and 'str'
2026-04-28 00:20:03,087 ERROR Error in ESCORTS.NS: '<' not supported between instances of 'Timestamp' and 'str'
2026-04-28 00:20:03,185 ERROR Error in FINCABLES.NS: '<' not supported between instances of 'Timestamp' and 'str'
2026-04-28 00:20:03,254 ERROR Error in CROMPTON.NS: '<' not supported between instances of 'Timestamp' and 'str'
2026-04-28 00:20:03,267 ERROR Error in GABRIEL.NS: name 'close_aligned' is not defined
2026-04-28 00:20:03,333 ERROR Error in GHCL.NS: '<' not supported between instances of 'Timestamp' and 'str'
2026-04-28 00:20:03,362 ERROR Error in GMMPFAUDLR.NS: '<' not supported between instances of 'Timestamp' and 'str'
2026-04-28 00:20:03,401 ERROR Error in DIVISLAB.NS: '<' not supported between instances of 'Timestamp' and 'str'
2026-04-28 00:20:03,499 ERROR Error in ELECTCAST.NS: '<' not supported between instances of 'Timestamp' and 'str'
2026-04-28 00:20:03,730 ERROR Error in FEDFINA.NS: '<' not supported between instances of 'Timestamp' and 'str'
2026-04-28 00:20:03,765 ERROR Error in HAL.NS: '<' not supported between instances of 'Timestamp' and 'str'
2026-04-28 00:20:03,921 ERROR Error in FLUOROCHEM.NS: '<' not supported between instances of 'Timestamp' and 'str'
2026-04-28 00:20:03,931 ERROR Error in DLF.NS: '<' not supported between instances of 'Timestamp' and 'str'
2026-04-28 00:20:04,019 ERROR Error in FORCEMOT.NS: '<' not supported between instances of 'Timestamp' and 'str'
2026-04-28 00:20:04,443 ERROR Error in HSCL.NS: '<' not supported between instances of 'Timestamp' and 'str'
2026-04-28 00:20:04,469 ERROR Error in HINDCOPPER.NS: '<' not supported between instances of 'Timestamp' and 'str'
2026-04-28 00:20:04,522 ERROR Error in HCG.NS: '<' not supported between instances of 'Timestamp' and 'str'
2026-04-28 00:20:04,540 ERROR Error in HDFCLIFE.NS: '<' not supported between instances of 'Timestamp' and 'str'
2026-04-28 00:20:04,570 ERROR Error in GLENMARK.NS: '<' not supported between instances of 'Timestamp' and 'str'
2026-04-28 00:20:04,861 ERROR Error in GODREJPROP.NS: '<' not supported between instances of 'Timestamp' and 'str'
2026-04-28 00:20:04,952 ERROR Error in HGINFRA.NS: '<' not supported between instances of 'Timestamp' and 'str'
2026-04-28 00:20:05,079 ERROR Error in JKCEMENT.NS: '<' not supported between instances of 'Timestamp' and 'str'
2026-04-28 00:20:05,254 ERROR Error in JLHL.NS: '<' not supported between instances of 'Timestamp' and 'str'
2026-04-28 00:20:05,299 ERROR Error in JSL.NS: '<' not supported between instances of 'Timestamp' and 'str'
2026-04-28 00:20:05,447 ERROR Error in JMFINANCIL.NS: '<' not supported between instances of 'Timestamp' and 'str'
2026-04-28 00:20:05,495 ERROR Error in KEI.NS: '<' not supported between instances of 'Timestamp' and 'str'
2026-04-28 00:20:05,733 ERROR Error in KPIL.NS: '<' not supported between instances of 'Timestamp' and 'str'
2026-04-28 00:20:05,903 ERROR Error in KIMS.NS: '<' not supported between instances of 'Timestamp' and 'str'
2026-04-28 00:20:06,018 ERROR Error in INFY.NS: '<' not supported between instances of 'Timestamp' and 'str'
2026-04-28 00:20:06,025 ERROR Error in IOB.NS: '<' not supported between instances of 'Timestamp' and 'str'
2026-04-28 00:20:06,041 ERROR Error in HINDALCO.NS: '<' not supported between instances of 'Timestamp' and 'str'
2026-04-28 00:20:06,158 ERROR Error in IIFL.NS: '<' not supported between instances of 'Timestamp' and 'str'
2026-04-28 00:20:06,416 ERROR Error in LT.NS: '<' not supported between instances of 'Timestamp' and 'str'
2026-04-28 00:20:06,421 ERROR Error in IXIGO.NS: '<' not supported between instances of 'Timestamp' and 'str'
2026-04-28 00:20:06,904 ERROR Error in KPRMILL.NS: '<' not supported between instances of 'Timestamp' and 'str'
2026-04-28 00:20:06,910 ERROR Error in JWL.NS: '<' not supported between instances of 'Timestamp' and 'str'
2026-04-28 00:20:07,117 ERROR Error in LEMONTREE.NS: '<' not supported between instances of 'Timestamp' and 'str'
2026-04-28 00:20:07,126 ERROR Error in NCC.NS: '<' not supported between instances of 'Timestamp' and 'str'
2026-04-28 00:20:07,150 ERROR Error in NESTLEIND.NS: '<' not supported between instances of 'Timestamp' and 'str'
2026-04-28 00:20:07,514 ERROR Error in NH.NS: '<' not supported between instances of 'Timestamp' and 'str'
2026-04-28 00:20:07,541 ERROR Error in MUTHOOTFIN.NS: name 'close_aligned' is not defined
2026-04-28 00:20:07,664 ERROR Error in LATENTVIEW.NS: '<' not supported between instances of 'Timestamp' and 'str'
2026-04-28 00:20:07,790 ERROR Error in MARICO.NS: '<' not supported between instances of 'Timestamp' and 'str'
2026-04-28 00:20:07,962 ERROR Error in NIACL.NS: '<' not supported between instances of 'Timestamp' and 'str'
2026-04-28 00:20:08,129 ERROR Error in MANAPPURAM.NS: '<' not supported between instances of 'Timestamp' and 'str'
2026-04-28 00:20:08,165 ERROR Error in NLCINDIA.NS: name 'close_aligned' is not defined
2026-04-28 00:20:08,285 ERROR Error in MAZDOCK.NS: '<' not supported between instances of 'Timestamp' and 'str'
2026-04-28 00:20:08,345 ERROR Error in PFC.NS: '<' not supported between instances of 'Timestamp' and 'str'
2026-04-28 00:20:08,606 ERROR Error in NEWGEN.NS: '<' not supported between instances of 'Timestamp' and 'str'
2026-04-28 00:20:08,730 ERROR Error in MGL.NS: '<' not supported between instances of 'Timestamp' and 'str'
2026-04-28 00:20:08,924 ERROR Error in PVRINOX.NS: '<' not supported between instances of 'Timestamp' and 'str'
2026-04-28 00:20:08,929 ERROR Error in LTF.NS: '<' not supported between instances of 'Timestamp' and 'str'
2026-04-28 00:20:09,024 ERROR Error in PATANJALI.NS: '<' not supported between instances of 'Timestamp' and 'str'
2026-04-28 00:20:09,024 ERROR Error in MIDHANI.NS: '<' not supported between instances of 'Timestamp' and 'str'
2026-04-28 00:20:09,136 ERROR Error in POWERGRID.NS: '<' not supported between instances of 'Timestamp' and 'str'
2026-04-28 00:20:09,444 ERROR Error in PERSISTENT.NS: '<' not supported between instances of 'Timestamp' and 'str'
2026-04-28 00:20:09,448 ERROR Error in ROUTE.NS: '<' not supported between instances of 'Timestamp' and 'str'
2026-04-28 00:20:09,550 ERROR Error in NHPC.NS: '<' not supported between instances of 'Timestamp' and 'str'
2026-04-28 00:20:09,616 ERROR Error in POONAWALLA.NS: '<' not supported between instances of 'Timestamp' and 'str'
2026-04-28 00:20:09,666 ERROR Error in PETRONET.NS: '<' not supported between instances of 'Timestamp' and 'str'
2026-04-28 00:20:09,753 ERROR Error in PGEL.NS: '<' not supported between instances of 'Timestamp' and 'str'
2026-04-28 00:20:09,917 ERROR Error in PRAJIND.NS: '<' not supported between instances of 'Timestamp' and 'str'
2026-04-28 00:20:10,046 ERROR Error in RADICO.NS: '<' not supported between instances of 'Timestamp' and 'str'
2026-04-28 00:20:10,105 ERROR Error in SAIL.NS: '<' not supported between instances of 'Timestamp' and 'str'
2026-04-28 00:20:10,133 ERROR Error in RECLTD.NS: '<' not supported between instances of 'Timestamp' and 'str'
2026-04-28 00:20:10,152 ERROR Error in SANDUMA.NS: '<' not supported between instances of 'Timestamp' and 'str'
2026-04-28 00:20:10,283 ERROR Error in RELAXO.NS: '<' not supported between instances of 'Timestamp' and 'str'
2026-04-28 00:20:10,480 ERROR Error in STARCEMENT.NS: '<' not supported between instances of 'Timestamp' and 'str'
2026-04-28 00:20:10,515 ERROR Error in POLYCAB.NS: '<' not supported between instances of 'Timestamp' and 'str'
2026-04-28 00:20:10,618 ERROR Error in SFL.NS: '<' not supported between instances of 'Timestamp' and 'str'
2026-04-28 00:20:10,881 ERROR Error in SOBHA.NS: '<' not supported between instances of 'Timestamp' and 'str'
2026-04-28 00:20:11,075 ERROR Error in SHREECEM.NS: '<' not supported between instances of 'Timestamp' and 'str'
2026-04-28 00:20:11,105 ERROR Error in SHAKTIPUMP.NS: '<' not supported between instances of 'Timestamp' and 'str'
2026-04-28 00:20:11,123 ERROR Error in RPOWER.NS: '<' not supported between instances of 'Timestamp' and 'str'
2026-04-28 00:20:11,140 ERROR Error in SJVN.NS: '<' not supported between instances of 'Timestamp' and 'str'
2026-04-28 00:20:11,149 ERROR Error in SONACOMS.NS: '<' not supported between instances of 'Timestamp' and 'str'
2026-04-28 00:20:11,202 ERROR Error in SWIGGY.NS: '<' not supported between instances of 'Timestamp' and 'str'
2026-04-28 00:20:11,215 ERROR Error in SPLPETRO.NS: '<' not supported between instances of 'Timestamp' and 'str'
2026-04-28 00:20:11,363 ERROR Error in TATASTEEL.NS: '<' not supported between instances of 'Timestamp' and 'str'
2026-04-28 00:20:11,381 ERROR Error in SONATSOFTW.NS: '<' not supported between instances of 'Timestamp' and 'str'
2026-04-28 00:20:11,592 ERROR Error in STYRENIX.NS: '<' not supported between instances of 'Timestamp' and 'str'
2026-04-28 00:20:11,693 ERROR Error in SUNTV.NS: '<' not supported between instances of 'Timestamp' and 'str'
2026-04-28 00:20:11,814 ERROR Error in TATACOMM.NS: '<' not supported between instances of 'Timestamp' and 'str'
2026-04-28 00:20:12,048 ERROR Error in THELEELA.NS: '<' not supported between instances of 'Timestamp' and 'str'
2026-04-28 00:20:12,141 ERROR Error in TIPSMUSIC.NS: '<' not supported between instances of 'Timestamp' and 'str'
2026-04-28 00:20:12,291 ERROR Error in TATACHEM.NS: '<' not supported between instances of 'Timestamp' and 'str'
2026-04-28 00:20:12,317 ERROR Error in TARIL.NS: '<' not supported between instances of 'Timestamp' and 'str'
2026-04-28 00:20:12,494 ERROR Error in TATAPOWER.NS: '<' not supported between instances of 'Timestamp' and 'str'
2026-04-28 00:20:12,887 ERROR Error in TTML.NS: '<' not supported between instances of 'Timestamp' and 'str'
2026-04-28 00:20:12,963 ERROR Error in TATATECH.NS: '<' not supported between instances of 'Timestamp' and 'str'
2026-04-28 00:20:13,062 ERROR Error in VIPIND.NS: '<' not supported between instances of 'Timestamp' and 'str'
2026-04-28 00:20:13,099 ERROR Error in TEJASNET.NS: '<' not supported between instances of 'Timestamp' and 'str'
2026-04-28 00:20:13,129 ERROR Error in SUNDARMFIN.NS: '<' not supported between instances of 'Timestamp' and 'str'
2026-04-28 00:20:13,168 ERROR Error in ^NSEI: '<' not supported between instances of 'Timestamp' and 'str'
2026-04-28 00:20:13,174 ERROR Error in TEGA.NS: '<' not supported between instances of 'Timestamp' and 'str'
2026-04-28 00:20:13,178 ERROR Error in TITAGARH.NS: '<' not supported between instances of 'Timestamp' and 'str'
2026-04-28 00:20:13,180 ERROR Error in TRITURBINE.NS: '<' not supported between instances of 'Timestamp' and 'str'
2026-04-28 00:20:13,246 ERROR Error in TORNTPHARM.NS: '<' not supported between instances of 'Timestamp' and 'str'
2026-04-28 00:20:13,258 ERROR Error in TDPOWERSYS.NS: '<' not supported between instances of 'Timestamp' and 'str'
2026-04-28 00:23:30,992 INFO Prefetching missing metadata for 3 tickers...
2026-04-28 00:23:31,432 ERROR HTTP Error 404: {"quoteSummary":{"result":null,"error":{"code":"Not Found","description":"Quote not found for symbol: DUMMYALCAR.NS"}}}
2026-04-28 00:23:38,722 WARNING Parallel download failed for chunk 300: dictionary changed size during iteration
2026-04-28 00:23:45,526 ERROR Error in AADHARHFC.NS: '<' not supported between instances of 'Timestamp' and 'str'
2026-04-28 00:23:45,588 ERROR Error in ABCAPITAL.NS: '<' not supported between instances of 'Timestamp' and 'str'
2026-04-28 00:23:45,808 ERROR Error in ADANIPOWER.NS: '<' not supported between instances of 'Timestamp' and 'str'
2026-04-28 00:23:45,932 ERROR Error in AKUMS.NS: '<' not supported between instances of 'Timestamp' and 'str'
2026-04-28 00:23:46,083 ERROR Error in ADANIGREEN.NS: '<' not supported between instances of 'Timestamp' and 'str'
2026-04-28 00:23:46,115 ERROR Error in AIAENG.NS: '<' not supported between instances of 'Timestamp' and 'str'
2026-04-28 00:23:46,144 ERROR Error in ACE.NS: '<' not supported between instances of 'Timestamp' and 'str'
2026-04-28 00:23:46,196 ERROR Error in AGARWALEYE.NS: '<' not supported between instances of 'Timestamp' and 'str'
2026-04-28 00:23:46,248 ERROR Error in AJANTPHARM.NS: '<' not supported between instances of 'Timestamp' and 'str'
2026-04-28 00:23:46,265 ERROR Error in ABLBL.NS: '<' not supported between instances of 'Timestamp' and 'str'
2026-04-28 00:23:46,269 ERROR Error in AFCONS.NS: '<' not supported between instances of 'Timestamp' and 'str'
2026-04-28 00:23:46,279 ERROR Error in ADVENZYMES.NS: '<' not supported between instances of 'Timestamp' and 'str'
2026-04-28 00:23:46,288 ERROR Error in ACUTAAS.NS: '<' not supported between instances of 'Timestamp' and 'str'
2026-04-28 00:23:46,391 ERROR Error in 360ONE.NS: '<' not supported between instances of 'Timestamp' and 'str'
2026-04-28 00:23:46,393 ERROR Error in 3MINDIA.NS: '<' not supported between instances of 'Timestamp' and 'str'
2026-04-28 00:23:46,406 ERROR Error in ABBOTINDIA.NS: '<' not supported between instances of 'Timestamp' and 'str'
2026-04-28 00:23:46,457 ERROR Error in ADANIENSOL.NS: '<' not supported between instances of 'Timestamp' and 'str'
2026-04-28 00:23:46,593 ERROR Error in AEGISLOG.NS: '<' not supported between instances of 'Timestamp' and 'str'
2026-04-28 00:23:46,679 ERROR Error in APLAPOLLO.NS: '<' not supported between instances of 'Timestamp' and 'str'
2026-04-28 00:23:46,872 ERROR Error in ANTHEM.NS: '<' not supported between instances of 'Timestamp' and 'str'
2026-04-28 00:23:47,147 ERROR Error in APTUS.NS: '<' not supported between instances of 'Timestamp' and 'str'
2026-04-28 00:23:47,201 ERROR Error in ARVIND.NS: '<' not supported between instances of 'Timestamp' and 'str'
2026-04-28 00:23:47,344 ERROR Error in ASHAPURMIN.NS: '<' not supported between instances of 'Timestamp' and 'str'
2026-04-28 00:23:47,428 ERROR Error in AVALON.NS: '<' not supported between instances of 'Timestamp' and 'str'
2026-04-28 00:23:47,460 ERROR Error in AURIONPRO.NS: '<' not supported between instances of 'Timestamp' and 'str'
2026-04-28 00:23:47,530 ERROR Error in ATHERENERG.NS: '<' not supported between instances of 'Timestamp' and 'str'
2026-04-28 00:23:47,552 ERROR Error in ASAHIINDIA.NS: '<' not supported between instances of 'Timestamp' and 'str'
2026-04-28 00:23:47,640 ERROR Error in ATGL.NS: '<' not supported between instances of 'Timestamp' and 'str'
2026-04-28 00:23:47,650 ERROR Error in ASTRAL.NS: '<' not supported between instances of 'Timestamp' and 'str'
2026-04-28 00:23:47,676 ERROR Error in ARVINDFASN.NS: '<' not supported between instances of 'Timestamp' and 'str'
2026-04-28 00:23:47,690 ERROR Error in BALKRISIND.NS: '<' not supported between instances of 'Timestamp' and 'str'
2026-04-28 00:23:47,708 ERROR Error in AWL.NS: '<' not supported between instances of 'Timestamp' and 'str'
2026-04-28 00:23:47,773 ERROR Error in ASIANPAINT.NS: '<' not supported between instances of 'Timestamp' and 'str'
2026-04-28 00:23:47,780 ERROR Error in ASTRAMICRO.NS: '<' not supported between instances of 'Timestamp' and 'str'
2026-04-28 00:23:47,798 ERROR Error in ASTERDM.NS: '<' not supported between instances of 'Timestamp' and 'str'
2026-04-28 00:23:47,809 ERROR Error in ASHOKLEY.NS: '<' not supported between instances of 'Timestamp' and 'str'
2026-04-28 00:23:47,824 ERROR Error in ASHOKA.NS: '<' not supported between instances of 'Timestamp' and 'str'
2026-04-28 00:23:47,886 ERROR Error in ATLANTAELE.NS: '<' not supported between instances of 'Timestamp' and 'str'
2026-04-28 00:23:47,976 ERROR Error in AVANTIFEED.NS: '<' not supported between instances of 'Timestamp' and 'str'
2026-04-28 00:23:48,441 ERROR Error in BANDHANBNK.NS: '<' not supported between instances of 'Timestamp' and 'str'
2026-04-28 00:23:48,746 ERROR Error in BHEL.NS: '<' not supported between instances of 'Timestamp' and 'str'
2026-04-28 00:23:48,851 ERROR Error in BANKBARODA.NS: '<' not supported between instances of 'Timestamp' and 'str'
2026-04-28 00:23:48,896 ERROR Error in AXISBANK.NS: '<' not supported between instances of 'Timestamp' and 'str'
2026-04-28 00:23:49,212 ERROR Error in BSE.NS: '<' not supported between instances of 'Timestamp' and 'str'
2026-04-28 00:23:49,394 ERROR Error in BLACKBUCK.NS: '<' not supported between instances of 'Timestamp' and 'str'
2026-04-28 00:23:49,605 ERROR Error in BALUFORGE.NS: '<' not supported between instances of 'Timestamp' and 'str'
2026-04-28 00:23:49,779 ERROR Error in BEL.NS: '<' not supported between instances of 'Timestamp' and 'str'
2026-04-28 00:23:50,004 ERROR Error in BBOX.NS: '<' not supported between instances of 'Timestamp' and 'str'
2026-04-28 00:23:50,086 ERROR Error in CAPILLARY.NS: '<' not supported between instances of 'Timestamp' and 'str'
2026-04-28 00:23:50,127 ERROR Error in BERGEPAINT.NS: '<' not supported between instances of 'Timestamp' and 'str'
2026-04-28 00:23:50,151 ERROR Error in BHARATFORG.NS: '<' not supported between instances of 'Timestamp' and 'str'
2026-04-28 00:23:50,210 ERROR Error in BDL.NS: '<' not supported between instances of 'Timestamp' and 'str'
2026-04-28 00:23:50,216 ERROR Error in BIKAJI.NS: '<' not supported between instances of 'Timestamp' and 'str'
2026-04-28 00:23:50,227 ERROR Error in BLUEDART.NS: '<' not supported between instances of 'Timestamp' and 'str'
2026-04-28 00:23:50,396 ERROR Error in BHARTIARTL.NS: '<' not supported between instances of 'Timestamp' and 'str'
2026-04-28 00:23:50,598 ERROR Error in BEML.NS: '<' not supported between instances of 'Timestamp' and 'str'
2026-04-28 00:23:50,867 ERROR Error in CLEAN.NS: '<' not supported between instances of 'Timestamp' and 'str'
2026-04-28 00:23:50,902 ERROR Error in BLUESTARCO.NS: '<' not supported between instances of 'Timestamp' and 'str'
2026-04-28 00:23:50,941 ERROR Error in CDSL.NS: '<' not supported between instances of 'Timestamp' and 'str'
2026-04-28 00:23:50,989 ERROR Error in CASTROLIND.NS: '<' not supported between instances of 'Timestamp' and 'str'
2026-04-28 00:23:51,023 ERROR Error in CORONA.NS: '<' not supported between instances of 'Timestamp' and 'str'
2026-04-28 00:23:51,028 ERROR Error in CPPLUS.NS: '<' not supported between instances of 'Timestamp' and 'str'
2026-04-28 00:23:51,159 ERROR Error in BLUEJET.NS: '<' not supported between instances of 'Timestamp' and 'str'
2026-04-28 00:23:51,316 ERROR Error in CEATLTD.NS: '<' not supported between instances of 'Timestamp' and 'str'
2026-04-28 00:23:51,403 ERROR Error in CRIZAC.NS: '<' not supported between instances of 'Timestamp' and 'str'
2026-04-28 00:23:51,450 ERROR Error in CENTURYPLY.NS: '<' not supported between instances of 'Timestamp' and 'str'
2026-04-28 00:23:51,473 ERROR Error in COHANCE.NS: '<' not supported between instances of 'Timestamp' and 'str'
2026-04-28 00:23:51,484 ERROR Error in CESC.NS: '<' not supported between instances of 'Timestamp' and 'str'
2026-04-28 00:23:51,528 ERROR Error in CGPOWER.NS: '<' not supported between instances of 'Timestamp' and 'str'
2026-04-28 00:23:51,588 ERROR Error in COALINDIA.NS: '<' not supported between instances of 'Timestamp' and 'str'
2026-04-28 00:23:51,710 ERROR Error in CMSINFO.NS: '<' not supported between instances of 'Timestamp' and 'str'
2026-04-28 00:23:51,770 ERROR Error in DABUR.NS: '<' not supported between instances of 'Timestamp' and 'str'
2026-04-28 00:23:51,975 ERROR Error in CRISIL.NS: '<' not supported between instances of 'Timestamp' and 'str'
2026-04-28 00:23:52,181 ERROR Error in CRAFTSMAN.NS: '<' not supported between instances of 'Timestamp' and 'str'
2026-04-28 00:23:52,206 ERROR Error in CREDITACC.NS: '<' not supported between instances of 'Timestamp' and 'str'
2026-04-28 00:23:52,243 ERROR Error in CROMPTON.NS: '<' not supported between instances of 'Timestamp' and 'str'
2026-04-28 00:23:52,365 ERROR Error in EIDPARRY.NS: '<' not supported between instances of 'Timestamp' and 'str'
2026-04-28 00:23:52,553 ERROR Error in DIXON.NS: '<' not supported between instances of 'Timestamp' and 'str'
2026-04-28 00:23:52,604 ERROR Error in ENGINERSIN.NS: '<' not supported between instances of 'Timestamp' and 'str'
2026-04-28 00:23:52,795 ERROR Error in DEEPAKFERT.NS: '<' not supported between instances of 'Timestamp' and 'str'
2026-04-28 00:23:52,798 ERROR Error in EMIL.NS: '<' not supported between instances of 'Timestamp' and 'str'
2026-04-28 00:23:52,838 ERROR Error in ECLERX.NS: '<' not supported between instances of 'Timestamp' and 'str'
2026-04-28 00:23:52,882 ERROR Error in DLF.NS: '<' not supported between instances of 'Timestamp' and 'str'
2026-04-28 00:23:52,915 ERROR Error in CUB.NS: '<' not supported between instances of 'Timestamp' and 'str'
2026-04-28 00:23:53,127 ERROR Error in DATAPATTNS.NS: '<' not supported between instances of 'Timestamp' and 'str'
2026-04-28 00:23:53,228 ERROR Error in EIHOTEL.NS: '<' not supported between instances of 'Timestamp' and 'str'
2026-04-28 00:23:53,322 ERROR Error in ERIS.NS: '<' not supported between instances of 'Timestamp' and 'str'
2026-04-28 00:23:53,384 ERROR Error in EMCURE.NS: '<' not supported between instances of 'Timestamp' and 'str'
2026-04-28 00:23:53,484 ERROR Error in ELECON.NS: '<' not supported between instances of 'Timestamp' and 'str'
2026-04-28 00:23:53,496 ERROR Error in DIVISLAB.NS: '<' not supported between instances of 'Timestamp' and 'str'
2026-04-28 00:23:53,909 ERROR Error in ELECTCAST.NS: '<' not supported between instances of 'Timestamp' and 'str'
2026-04-28 00:23:54,071 ERROR Error in FIRSTCRY.NS: '<' not supported between instances of 'Timestamp' and 'str'
2026-04-28 00:23:54,220 ERROR Error in FIEMIND.NS: '<' not supported between instances of 'Timestamp' and 'str'
2026-04-28 00:23:54,285 ERROR Error in ESCORTS.NS: '<' not supported between instances of 'Timestamp' and 'str'
2026-04-28 00:23:54,287 ERROR Error in GODFRYPHLP.NS: '<' not supported between instances of 'Timestamp' and 'str'
2026-04-28 00:23:54,362 ERROR Error in FLUOROCHEM.NS: '<' not supported between instances of 'Timestamp' and 'str'
2026-04-28 00:23:54,473 ERROR Error in FEDFINA.NS: '<' not supported between instances of 'Timestamp' and 'str'
2026-04-28 00:23:54,558 ERROR Error in GRWRHITECH.NS: '<' not supported between instances of 'Timestamp' and 'str'
2026-04-28 00:23:54,600 ERROR Error in FORCEMOT.NS: '<' not supported between instances of 'Timestamp' and 'str'
2026-04-28 00:23:54,669 ERROR Error in FINCABLES.NS: '<' not supported between instances of 'Timestamp' and 'str'
2026-04-28 00:23:54,740 ERROR Error in GABRIEL.NS: '<' not supported between instances of 'Timestamp' and 'str'
2026-04-28 00:23:54,834 ERROR Error in GILLETTE.NS: '<' not supported between instances of 'Timestamp' and 'str'
2026-04-28 00:23:54,850 ERROR Error in GODREJCP.NS: '<' not supported between instances of 'Timestamp' and 'str'
2026-04-28 00:23:54,851 ERROR Error in GLENMARK.NS: '<' not supported between instances of 'Timestamp' and 'str'
2026-04-28 00:23:54,872 ERROR Error in GALLANTT.NS: '<' not supported between instances of 'Timestamp' and 'str'
2026-04-28 00:23:54,886 ERROR Error in GMRP&UI.NS: '<' not supported between instances of 'Timestamp' and 'str'
2026-04-28 00:23:54,937 ERROR Error in GREAVESCOT.NS: '<' not supported between instances of 'Timestamp' and 'str'
2026-04-28 00:23:54,945 ERROR Error in GHCL.NS: '<' not supported between instances of 'Timestamp' and 'str'
2026-04-28 00:23:55,037 ERROR Error in GODREJAGRO.NS: '<' not supported between instances of 'Timestamp' and 'str'
2026-04-28 00:23:55,064 ERROR Error in GODREJPROP.NS: '<' not supported between instances of 'Timestamp' and 'str'
2026-04-28 00:23:55,140 ERROR Error in HCC.NS: '<' not supported between instances of 'Timestamp' and 'str'
2026-04-28 00:23:55,162 ERROR Error in HDFCBANK.NS: '<' not supported between instances of 'Timestamp' and 'str'
2026-04-28 00:23:55,273 ERROR Error in GMMPFAUDLR.NS: '<' not supported between instances of 'Timestamp' and 'str'
2026-04-28 00:23:55,306 ERROR Error in HDFCAMC.NS: '<' not supported between instances of 'Timestamp' and 'str'
2026-04-28 00:23:55,604 ERROR Error in HEMIPROP.NS: '<' not supported between instances of 'Timestamp' and 'str'
2026-04-28 00:23:55,646 ERROR Error in ICICIAMC.NS: '<' not supported between instances of 'Timestamp' and 'str'
2026-04-28 00:23:55,723 ERROR Error in HAL.NS: '<' not supported between instances of 'Timestamp' and 'str'
2026-04-28 00:23:55,894 ERROR Error in HINDUNILVR.NS: '<' not supported between instances of 'Timestamp' and 'str'
2026-04-28 00:23:55,972 ERROR Error in IIFLCAPS.NS: '<' not supported between instances of 'Timestamp' and 'str'
2026-04-28 00:23:56,058 ERROR Error in HCG.NS: '<' not supported between instances of 'Timestamp' and 'str'
2026-04-28 00:23:56,278 ERROR Error in ICICIPRULI.NS: '<' not supported between instances of 'Timestamp' and 'str'
2026-04-28 00:23:56,341 ERROR Error in HDFCLIFE.NS: '<' not supported between instances of 'Timestamp' and 'str'
2026-04-28 00:23:56,410 ERROR Error in HINDALCO.NS: '<' not supported between instances of 'Timestamp' and 'str'
2026-04-28 00:23:56,421 ERROR Error in HGINFRA.NS: '<' not supported between instances of 'Timestamp' and 'str'
2026-04-28 00:23:56,650 ERROR Error in IKS.NS: '<' not supported between instances of 'Timestamp' and 'str'
2026-04-28 00:23:56,653 ERROR Error in ITC.NS: '<' not supported between instances of 'Timestamp' and 'str'
2026-04-28 00:23:56,708 ERROR Error in INDIGOPNTS.NS: '<' not supported between instances of 'Timestamp' and 'str'
2026-04-28 00:23:56,744 ERROR Error in INDHOTEL.NS: '<' not supported between instances of 'Timestamp' and 'str'
2026-04-28 00:23:56,791 ERROR Error in IOC.NS: '<' not supported between instances of 'Timestamp' and 'str'
2026-04-28 00:23:56,792 ERROR Error in ITCHOTELS.NS: '<' not supported between instances of 'Timestamp' and 'str'
2026-04-28 00:23:56,812 ERROR Error in HINDCOPPER.NS: '<' not supported between instances of 'Timestamp' and 'str'
2026-04-28 00:23:56,838 ERROR Error in INDIAMART.NS: '<' not supported between instances of 'Timestamp' and 'str'
2026-04-28 00:23:56,878 ERROR Error in IGIL.NS: '<' not supported between instances of 'Timestamp' and 'str'
2026-04-28 00:23:56,940 ERROR Error in IIFL.NS: '<' not supported between instances of 'Timestamp' and 'str'
2026-04-28 00:23:56,953 ERROR Error in JSWDULUX.NS: '<' not supported between instances of 'Timestamp' and 'str'
2026-04-28 00:23:56,984 ERROR Error in IFBIND.NS: '<' not supported between instances of 'Timestamp' and 'str'
2026-04-28 00:23:57,349 ERROR Error in INDUSTOWER.NS: '<' not supported between instances of 'Timestamp' and 'str'
2026-04-28 00:23:57,414 ERROR Error in IONEXCHANG.NS: '<' not supported between instances of 'Timestamp' and 'str'
2026-04-28 00:23:57,421 ERROR Error in IOB.NS: '<' not supported between instances of 'Timestamp' and 'str'
2026-04-28 00:23:57,457 ERROR Error in JPPOWER.NS: '<' not supported between instances of 'Timestamp' and 'str'
2026-04-28 00:23:57,643 ERROR Error in JSWENERGY.NS: '<' not supported between instances of 'Timestamp' and 'str'
2026-04-28 00:23:57,854 ERROR Error in JBCHEPHARM.NS: '<' not supported between instances of 'Timestamp' and 'str'
2026-04-28 00:23:57,973 ERROR Error in J&KBANK.NS: '<' not supported between instances of 'Timestamp' and 'str'
2026-04-28 00:23:58,393 ERROR Error in KAYNES.NS: '<' not supported between instances of 'Timestamp' and 'str'
2026-04-28 00:23:59,027 ERROR Error in JMFINANCIL.NS: '<' not supported between instances of 'Timestamp' and 'str'
2026-04-28 00:23:59,053 ERROR Error in KEC.NS: '<' not supported between instances of 'Timestamp' and 'str'
2026-04-28 00:23:59,357 ERROR Error in KALYANKJIL.NS: '<' not supported between instances of 'Timestamp' and 'str'
2026-04-28 00:23:59,504 ERROR Error in JKCEMENT.NS: '<' not supported between instances of 'Timestamp' and 'str'
2026-04-28 00:23:59,514 ERROR Error in KITEX.NS: '<' not supported between instances of 'Timestamp' and 'str'
2026-04-28 00:23:59,566 ERROR Error in JSL.NS: '<' not supported between instances of 'Timestamp' and 'str'
2026-04-28 00:23:59,770 ERROR Error in KRN.NS: '<' not supported between instances of 'Timestamp' and 'str'
2026-04-28 00:23:59,803 ERROR Error in KPIGREEN.NS: '<' not supported between instances of 'Timestamp' and 'str'
2026-04-28 00:23:59,822 ERROR Error in JUBLINGREA.NS: '<' not supported between instances of 'Timestamp' and 'str'
2026-04-28 00:23:59,927 ERROR Error in KIRLPNU.NS: '<' not supported between instances of 'Timestamp' and 'str'
2026-04-28 00:24:00,052 ERROR Error in KEI.NS: '<' not supported between instances of 'Timestamp' and 'str'
2026-04-28 00:24:00,072 ERROR Error in JYOTHYLAB.NS: '<' not supported between instances of 'Timestamp' and 'str'
2026-04-28 00:24:00,301 ERROR Error in KIRLOSENG.NS: '<' not supported between instances of 'Timestamp' and 'str'
2026-04-28 00:24:00,339 ERROR Error in LICHSGFIN.NS: '<' not supported between instances of 'Timestamp' and 'str'
2026-04-28 00:24:00,392 ERROR Error in KIRLOSBROS.NS: '<' not supported between instances of 'Timestamp' and 'str'
2026-04-28 00:24:00,441 ERROR Error in KPITTECH.NS: '<' not supported between instances of 'Timestamp' and 'str'
2026-04-28 00:24:00,498 ERROR Error in KPIL.NS: '<' not supported between instances of 'Timestamp' and 'str'
2026-04-28 00:24:00,506 ERROR Error in LATENTVIEW.NS: '<' not supported between instances of 'Timestamp' and 'str'
2026-04-28 00:24:00,567 ERROR Error in LAURUSLABS.NS: '<' not supported between instances of 'Timestamp' and 'str'
2026-04-28 00:24:00,637 ERROR Error in LUMAXTECH.NS: '<' not supported between instances of 'Timestamp' and 'str'
2026-04-28 00:24:00,803 ERROR Error in LINDEINDIA.NS: '<' not supported between instances of 'Timestamp' and 'str'
2026-04-28 00:24:00,862 ERROR Error in LEMONTREE.NS: '<' not supported between instances of 'Timestamp' and 'str'
2026-04-28 00:24:00,976 ERROR Error in LENSKART.NS: '<' not supported between instances of 'Timestamp' and 'str'
2026-04-28 00:24:01,370 ERROR Error in LLOYDSENGG.NS: '<' not supported between instances of 'Timestamp' and 'str'
2026-04-28 00:24:01,473 ERROR Error in LLOYDSENT.NS: '<' not supported between instances of 'Timestamp' and 'str'
2026-04-28 00:24:01,535 ERROR Error in MASTEK.NS: '<' not supported between instances of 'Timestamp' and 'str'
2026-04-28 00:24:01,652 ERROR Error in MEDPLUS.NS: '<' not supported between instances of 'Timestamp' and 'str'
2026-04-28 00:24:01,700 ERROR Error in MAHSEAMLES.NS: '<' not supported between instances of 'Timestamp' and 'str'
2026-04-28 00:24:01,707 ERROR Error in MANKIND.NS: '<' not supported between instances of 'Timestamp' and 'str'
2026-04-28 00:24:01,727 ERROR Error in MOIL.NS: '<' not supported between instances of 'Timestamp' and 'str'
2026-04-28 00:24:01,910 ERROR Error in MPHASIS.NS: '<' not supported between instances of 'Timestamp' and 'str'
2026-04-28 00:24:01,941 ERROR Error in MAZDOCK.NS: '<' not supported between instances of 'Timestamp' and 'str'
2026-04-28 00:24:02,719 ERROR Error in MAHSCOOTER.NS: '<' not supported between instances of 'Timestamp' and 'str'
2026-04-28 00:24:02,826 ERROR Error in LT.NS: '<' not supported between instances of 'Timestamp' and 'str'
2026-04-28 00:24:03,058 ERROR Error in MIDHANI.NS: '<' not supported between instances of 'Timestamp' and 'str'
2026-04-28 00:24:03,152 ERROR Error in MUTHOOTFIN.NS: '<' not supported between instances of 'Timestamp' and 'str'
2026-04-28 00:24:03,168 ERROR Error in MAHABANK.NS: '<' not supported between instances of 'Timestamp' and 'str'
2026-04-28 00:24:03,237 ERROR Error in NEOGEN.NS: '<' not supported between instances of 'Timestamp' and 'str'
2026-04-28 00:24:03,259 ERROR Error in METROPOLIS.NS: '<' not supported between instances of 'Timestamp' and 'str'
2026-04-28 00:24:03,299 ERROR Error in MAXHEALTH.NS: '<' not supported between instances of 'Timestamp' and 'str'
2026-04-28 00:24:03,519 ERROR Error in NETWORK18.NS: '<' not supported between instances of 'Timestamp' and 'str'
2026-04-28 00:24:03,581 ERROR Error in MOTHERSON.NS: '<' not supported between instances of 'Timestamp' and 'str'
2026-04-28 00:24:03,800 ERROR Error in NCC.NS: '<' not supported between instances of 'Timestamp' and 'str'
2026-04-28 00:24:03,911 ERROR Error in MRF.NS: '<' not supported between instances of 'Timestamp' and 'str'
2026-04-28 00:24:03,964 ERROR Error in PRESTIGE.NS: '<' not supported between instances of 'Timestamp' and 'str'
2026-04-28 00:24:04,050 ERROR Error in NTPCGREEN.NS: '<' not supported between instances of 'Timestamp' and 'str'
2026-04-28 00:24:04,116 ERROR Error in NIACL.NS: '<' not supported between instances of 'Timestamp' and 'str'
2026-04-28 00:24:04,180 ERROR Error in NIVABUPA.NS: '<' not supported between instances of 'Timestamp' and 'str'
2026-04-28 00:24:04,203 ERROR Error in NH.NS: '<' not supported between instances of 'Timestamp' and 'str'
2026-04-28 00:24:04,246 ERROR Error in NESTLEIND.NS: '<' not supported between instances of 'Timestamp' and 'str'
2026-04-28 00:24:04,257 ERROR Error in NEWGEN.NS: '<' not supported between instances of 'Timestamp' and 'str'
2026-04-28 00:24:04,274 ERROR Error in SANDUMA.NS: '<' not supported between instances of 'Timestamp' and 'str'
2026-04-28 00:24:04,315 ERROR Error in TARIL.NS: '<' not supported between instances of 'Timestamp' and 'str'
2026-04-28 00:24:04,322 ERROR Error in TRAVELFOOD.NS: '<' not supported between instances of 'Timestamp' and 'str'
2026-04-28 00:24:04,341 ERROR Error in SUBROS.NS: '<' not supported between instances of 'Timestamp' and 'str'
2026-04-28 00:24:04,405 ERROR Error in NLCINDIA.NS: '<' not supported between instances of 'Timestamp' and 'str'
2026-04-28 00:24:04,475 ERROR Error in THYROCARE.NS: '<' not supported between instances of 'Timestamp' and 'str'
2026-04-28 00:43:48,515 INFO Background metadata worker starting...
2026-04-28 00:43:48,643 INFO Prefetching missing metadata for 3 tickers...
2026-04-28 00:43:50,033 ERROR HTTP Error 401: {"finance":{"result":null,"error":{"code":"Unauthorized","description":"Invalid Crumb"}}}
2026-04-28 00:43:50,544 ERROR HTTP Error 401: {"finance":{"result":null,"error":{"code":"Unauthorized","description":"User is unable to access this feature - https://bit.ly/yahoo-finance-api-feedback"}}}
2026-04-28 00:43:50,546 INFO Background cache refresh complete for 751 symbols.
2026-04-28 00:43:57,537 INFO Prefetching missing metadata for 1 tickers...
2026-04-28 00:44:00,433 WARNING Parallel download failed for chunk 200: dictionary changed size during iteration
2026-04-28 00:44:01,687 ERROR Error in AARTIIND.NS: '<' not supported between instances of 'Timestamp' and 'str'
2026-04-28 00:44:01,802 ERROR Error in ABLBL.NS: '<' not supported between instances of 'Timestamp' and 'str'
2026-04-28 00:44:01,840 ERROR Error in ABCAPITAL.NS: '<' not supported between instances of 'Timestamp' and 'str'
2026-04-28 00:44:01,867 ERROR Error in ADANIGREEN.NS: '<' not supported between instances of 'Timestamp' and 'str'
2026-04-28 00:44:01,991 ERROR Error in AUBANK.NS: '<' not supported between instances of 'Timestamp' and 'str'
2026-04-28 00:44:02,022 ERROR Error in BIKAJI.NS: '<' not supported between instances of 'Timestamp' and 'str'
2026-04-28 00:44:02,025 ERROR Error in ANURAS.NS: '<' not supported between instances of 'Timestamp' and 'str'
2026-04-28 00:44:02,030 ERROR Error in BALKRISIND.NS: '<' not supported between instances of 'Timestamp' and 'str'
2026-04-28 00:44:02,054 ERROR Error in ASIANPAINT.NS: '<' not supported between instances of 'Timestamp' and 'str'
2026-04-28 00:44:02,065 ERROR Error in AEGISLOG.NS: '<' not supported between instances of 'Timestamp' and 'str'
2026-04-28 00:44:02,079 ERROR Error in AFFLE.NS: '<' not supported between instances of 'Timestamp' and 'str'
2026-04-28 00:44:02,082 ERROR Error in BRITANNIA.NS: '<' not supported between instances of 'Timestamp' and 'str'
2026-04-28 00:44:02,094 ERROR Error in BALRAMCHIN.NS: '<' not supported between instances of 'Timestamp' and 'str'
2026-04-28 00:44:02,123 ERROR Error in BOSCHLTD.NS: '<' not supported between instances of 'Timestamp' and 'str'
2026-04-28 00:44:02,138 ERROR Error in BHEL.NS: '<' not supported between instances of 'Timestamp' and 'str'
2026-04-28 00:44:02,142 ERROR Error in BAJFINANCE.NS: '<' not supported between instances of 'Timestamp' and 'str'
2026-04-28 00:44:02,176 ERROR Error in BLUEDART.NS: '<' not supported between instances of 'Timestamp' and 'str'
2026-04-28 00:44:02,182 ERROR Error in ANANTRAJ.NS: '<' not supported between instances of 'Timestamp' and 'str'
2026-04-28 00:44:02,186 ERROR Error in AWL.NS: '<' not supported between instances of 'Timestamp' and 'str'
2026-04-28 00:44:02,192 ERROR Error in BHARTIARTL.NS: '<' not supported between instances of 'Timestamp' and 'str'
2026-04-28 00:44:02,304 ERROR Error in CAPLIPOINT.NS: '<' not supported between instances of 'Timestamp' and 'str'
2026-04-28 00:44:02,455 ERROR Error in COCHINSHIP.NS: '<' not supported between instances of 'Timestamp' and 'str'
2026-04-28 00:44:02,511 ERROR Error in COALINDIA.NS: '<' not supported between instances of 'Timestamp' and 'str'
2026-04-28 00:44:02,536 ERROR Error in CGCL.NS: '<' not supported between instances of 'Timestamp' and 'str'
2026-04-28 00:44:02,538 ERROR Error in COLPAL.NS: '<' not supported between instances of 'Timestamp' and 'str'
2026-04-28 00:44:02,711 ERROR Error in COROMANDEL.NS: '<' not supported between instances of 'Timestamp' and 'str'
2026-04-28 00:44:02,747 ERROR Error in CONCORDBIO.NS: '<' not supported between instances of 'Timestamp' and 'str'
2026-04-28 00:44:02,756 ERROR Error in CRISIL.NS: '<' not supported between instances of 'Timestamp' and 'str'
2026-04-28 00:44:02,813 ERROR Error in DABUR.NS: '<' not supported between instances of 'Timestamp' and 'str'
2026-04-28 00:44:02,815 ERROR Error in CYIENT.NS: '<' not supported between instances of 'Timestamp' and 'str'
2026-04-28 00:44:02,835 ERROR Error in GMDCLTD.NS: '<' not supported between instances of 'Timestamp' and 'str'
2026-04-28 00:44:02,870 ERROR Error in GODREJCP.NS: '<' not supported between instances of 'Timestamp' and 'str'
2026-04-28 00:44:02,950 ERROR Error in FIRSTCRY.NS: '<' not supported between instances of 'Timestamp' and 'str'
2026-04-28 00:44:02,975 ERROR Error in DLF.NS: '<' not supported between instances of 'Timestamp' and 'str'
2026-04-28 00:44:02,992 ERROR Error in HFCL.NS: '<' not supported between instances of 'Timestamp' and 'str'
2026-04-28 00:44:03,013 ERROR Error in EIDPARRY.NS: '<' not supported between instances of 'Timestamp' and 'str'
2026-04-28 00:44:03,019 ERROR Error in GABRIEL.NS: '<' not supported between instances of 'Timestamp' and 'str'
2026-04-28 00:44:03,127 ERROR Error in DALBHARAT.NS: '<' not supported between instances of 'Timestamp' and 'str'
2026-04-28 00:44:03,134 ERROR Error in HYUNDAI.NS: '<' not supported between instances of 'Timestamp' and 'str'
2026-04-28 00:44:03,177 ERROR Error in GODIGIT.NS: '<' not supported between instances of 'Timestamp' and 'str'
2026-04-28 00:44:03,193 ERROR Error in HONASA.NS: '<' not supported between instances of 'Timestamp' and 'str'
2026-04-28 00:44:03,203 ERROR Error in GRAPHITE.NS: '<' not supported between instances of 'Timestamp' and 'str'
2026-04-28 00:44:03,253 ERROR Error in GODFRYPHLP.NS: '<' not supported between instances of 'Timestamp' and 'str'
2026-04-28 00:44:03,296 ERROR Error in INOXWIND.NS: '<' not supported between instances of 'Timestamp' and 'str'
2026-04-28 00:44:03,337 ERROR Error in JINDALSTEL.NS: '<' not supported between instances of 'Timestamp' and 'str'
2026-04-28 00:44:03,402 ERROR Error in INDIACEM.NS: '<' not supported between instances of 'Timestamp' and 'str'
2026-04-28 00:44:03,472 ERROR Error in INDHOTEL.NS: '<' not supported between instances of 'Timestamp' and 'str'
2026-04-28 00:44:03,477 ERROR Error in IDBI.NS: '<' not supported between instances of 'Timestamp' and 'str'
2026-04-28 00:44:03,522 ERROR Error in IRB.NS: '<' not supported between instances of 'Timestamp' and 'str'
2026-04-28 00:44:03,632 ERROR Error in IPCALAB.NS: '<' not supported between instances of 'Timestamp' and 'str'
2026-04-28 00:44:03,709 ERROR Error in JSWSTEEL.NS: '<' not supported between instances of 'Timestamp' and 'str'
2026-04-28 00:44:03,752 ERROR Error in KARURVYSYA.NS: '<' not supported between instances of 'Timestamp' and 'str'
2026-04-28 00:44:03,788 ERROR Error in KAYNES.NS: '<' not supported between instances of 'Timestamp' and 'str'
2026-04-28 00:44:03,857 ERROR Error in KEI.NS: '<' not supported between instances of 'Timestamp' and 'str'
2026-04-28 00:44:03,878 ERROR Error in LALPATHLAB.NS: '<' not supported between instances of 'Timestamp' and 'str'
2026-04-28 00:44:03,885 ERROR Error in KPRMILL.NS: '<' not supported between instances of 'Timestamp' and 'str'
2026-04-28 00:44:03,906 ERROR Error in JSWINFRA.NS: '<' not supported between instances of 'Timestamp' and 'str'
2026-04-28 00:44:03,943 ERROR Error in LTF.NS: '<' not supported between instances of 'Timestamp' and 'str'
2026-04-28 00:44:03,952 ERROR Error in MAPMYINDIA.NS: '<' not supported between instances of 'Timestamp' and 'str'
2026-04-28 00:44:03,971 ERROR Error in LODHA.NS: '<' not supported between instances of 'Timestamp' and 'str'
2026-04-28 00:44:03,977 ERROR Error in LINDEINDIA.NS: '<' not supported between instances of 'Timestamp' and 'str'
2026-04-28 00:44:04,111 ERROR Error in LUPIN.NS: '<' not supported between instances of 'Timestamp' and 'str'
2026-04-28 00:44:04,114 ERROR Error in M&M.NS: '<' not supported between instances of 'Timestamp' and 'str'
2026-04-28 00:44:04,150 ERROR Error in LEMONTREE.NS: '<' not supported between instances of 'Timestamp' and 'str'
2026-04-28 00:44:04,158 ERROR Error in MANAPPURAM.NS: '<' not supported between instances of 'Timestamp' and 'str'
2026-04-28 00:44:04,195 ERROR Error in MEDANTA.NS: '<' not supported between instances of 'Timestamp' and 'str'
2026-04-28 00:44:04,255 ERROR Error in MINDACORP.NS: '<' not supported between instances of 'Timestamp' and 'str'
2026-04-28 00:44:04,260 ERROR Error in MSUMI.NS: '<' not supported between instances of 'Timestamp' and 'str'
2026-04-28 00:44:04,438 ERROR Error in MUTHOOTFIN.NS: '<' not supported between instances of 'Timestamp' and 'str'
2026-04-28 00:44:04,456 ERROR Error in NH.NS: '<' not supported between instances of 'Timestamp' and 'str'
2026-04-28 00:44:04,499 ERROR Error in ONGC.NS: '<' not supported between instances of 'Timestamp' and 'str'
2026-04-28 00:44:04,509 ERROR Error in NUVOCO.NS: '<' not supported between instances of 'Timestamp' and 'str'
2026-04-28 00:44:04,571 ERROR Error in PETRONET.NS: '<' not supported between instances of 'Timestamp' and 'str'
2026-04-28 00:44:04,634 ERROR Error in NTPCGREEN.NS: '<' not supported between instances of 'Timestamp' and 'str'
2026-04-28 00:44:04,640 ERROR Error in RECLTD.NS: '<' not supported between instances of 'Timestamp' and 'str'
2026-04-28 00:44:04,679 ERROR Error in PCBL.NS: '<' not supported between instances of 'Timestamp' and 'str'
2026-04-28 00:44:04,735 ERROR Error in POONAWALLA.NS: '<' not supported between instances of 'Timestamp' and 'str'
2026-04-28 00:44:04,782 ERROR Error in POWERINDIA.NS: '<' not supported between instances of 'Timestamp' and 'str'
2026-04-28 00:44:04,798 ERROR Error in SUMICHEM.NS: '<' not supported between instances of 'Timestamp' and 'str'
2026-04-28 00:44:04,805 ERROR Error in TATASTEEL.NS: '<' not supported between instances of 'Timestamp' and 'str'
2026-04-28 00:44:04,808 ERROR Error in RVNL.NS: '<' not supported between instances of 'Timestamp' and 'str'
2026-04-28 00:44:04,824 ERROR Error in OIL.NS: '<' not supported between instances of 'Timestamp' and 'str'
2026-04-28 00:44:04,831 ERROR Error in MRF.NS: '<' not supported between instances of 'Timestamp' and 'str'
2026-04-28 00:44:04,845 ERROR Error in SIEMENS.NS: '<' not supported between instances of 'Timestamp' and 'str'
2026-04-28 00:44:04,922 ERROR Error in TARIL.NS: '<' not supported between instances of 'Timestamp' and 'str'
2026-04-28 00:44:04,934 ERROR Error in RITES.NS: '<' not supported between instances of 'Timestamp' and 'str'
2026-04-28 00:44:04,948 ERROR Error in SAREGAMA.NS: '<' not supported between instances of 'Timestamp' and 'str'
2026-04-28 00:44:05,061 ERROR Error in TRITURBINE.NS: '<' not supported between instances of 'Timestamp' and 'str'
2026-04-28 00:44:05,084 ERROR Error in WHIRLPOOL.NS: '<' not supported between instances of 'Timestamp' and 'str'
2026-04-28 00:44:05,090 ERROR Error in TEJASNET.NS: '<' not supported between instances of 'Timestamp' and 'str'
2026-04-28 00:44:05,093 ERROR Error in TTML.NS: '<' not supported between instances of 'Timestamp' and 'str'
2026-04-28 00:44:05,105 ERROR Error in TIMKEN.NS: '<' not supported between instances of 'Timestamp' and 'str'
2026-04-28 00:44:05,110 ERROR Error in TVSMOTOR.NS: '<' not supported between instances of 'Timestamp' and 'str'
2026-04-28 00:44:05,140 ERROR Error in TITAN.NS: '<' not supported between instances of 'Timestamp' and 'str'
2026-04-28 01:24:42,997 INFO Background metadata worker starting...
2026-04-28 01:24:43,099 INFO Prefetching missing metadata for 3 tickers...
2026-04-28 01:24:44,269 ERROR HTTP Error 401: {"finance":{"result":null,"error":{"code":"Unauthorized","description":"Invalid Crumb"}}}
2026-04-28 01:24:44,799 ERROR HTTP Error 401: {"finance":{"result":null,"error":{"code":"Unauthorized","description":"User is unable to access this feature - https://bit.ly/yahoo-finance-api-feedback"}}}
2026-04-28 01:24:44,801 INFO Background cache refresh complete for 751 symbols.
2026-04-28 01:24:48,641 INFO Prefetching missing metadata for 1 tickers...
2026-04-28 01:24:55,599 ERROR Vectorization failed: '<' not supported between instances of 'Timestamp' and 'str'
2026-04-28 01:25:42,979 ERROR Failed to fetch NSE CSV after 3 attempts: 404 Client Error: Not Found for url: https://nsearchives.nseindia.com/content/indices/ind_niftymicrocap250list.csv
2026-04-28 01:25:42,979 WARNING Sector segment https://nsearchives.nseindia.com/content/indices/ind_niftymicrocap250list.csv failed: 404 Client Error: Not Found for url: https://nsearchives.nseindia.com/content/indices/ind_niftymicrocap250list.csv
2026-04-28 01:25:46,997 ERROR Failed to fetch NSE CSV after 3 attempts: 404 Client Error: Not Found for url: https://archives.nseindia.com/content/indices/ind_niftymicrocap250list.csv
2026-04-28 01:25:46,998 WARNING Sector segment https://archives.nseindia.com/content/indices/ind_niftymicrocap250list.csv failed: 404 Client Error: Not Found for url: https://archives.nseindia.com/content/indices/ind_niftymicrocap250list.csv
2026-04-28 01:25:47,305 INFO Prefetching missing metadata for 3 tickers...
2026-04-28 01:25:48,017 ERROR HTTP Error 404: {"quoteSummary":{"result":null,"error":{"code":"Not Found","description":"Quote not found for symbol: DUMMYALCAR.NS"}}}
2026-04-28 01:26:00,855 ERROR Vectorization failed: '<' not supported between instances of 'Timestamp' and 'str'
2026-04-28 01:26:19,359 INFO Prefetching missing metadata for 3 tickers...
2026-04-28 01:26:19,829 ERROR HTTP Error 404: {"quoteSummary":{"result":null,"error":{"code":"Not Found","description":"Quote not found for symbol: DUMMYALCAR.NS"}}}
2026-04-28 01:26:33,566 ERROR Vectorization failed: '<' not supported between instances of 'Timestamp' and 'str'
2026-04-28 01:26:49,773 INFO Prefetching missing metadata for 3 tickers...
2026-04-28 01:26:50,218 ERROR HTTP Error 404: {"quoteSummary":{"result":null,"error":{"code":"Not Found","description":"Quote not found for symbol: DUMMYALCAR.NS"}}}
2026-04-28 01:27:06,232 ERROR Vectorization failed: '<' not supported between instances of 'Timestamp' and 'str'
2026-04-28 01:50:20,669 INFO Background metadata worker starting...
2026-04-28 01:50:20,771 INFO Prefetching missing metadata for 3 tickers...
2026-04-28 01:50:22,054 ERROR HTTP Error 404: {"quoteSummary":{"result":null,"error":{"code":"Not Found","description":"Quote not found for symbol: DUMMYALCAR.NS"}}}
2026-04-28 01:50:22,271 INFO Background cache refresh complete for 751 symbols.
2026-04-28 01:50:27,738 INFO Prefetching missing metadata for 1 tickers...
2026-04-28 01:50:31,356 WARNING Parallel download failed for chunk 200: dictionary changed size during iteration
2026-04-28 01:50:34,845 ERROR Vectorization failed: '<' not supported between instances of 'Timestamp' and 'str'
2026-04-28 23:33:13,797 INFO Background metadata worker starting...
2026-04-28 23:33:13,835 INFO Prefetching missing metadata for 751 tickers...
2026-04-28 23:33:17,501 ERROR HTTP Error 401: {"finance":{"result":null,"error":{"code":"Unauthorized","description":"User is unable to access this feature - https://bit.ly/yahoo-finance-api-feedback"}}}
2026-04-28 23:33:17,503 ERROR HTTP Error 401: {"finance":{"result":null,"error":{"code":"Unauthorized","description":"User is unable to access this feature - https://bit.ly/yahoo-finance-api-feedback"}}}
2026-04-28 23:33:17,505 ERROR HTTP Error 401: {"finance":{"result":null,"error":{"code":"Unauthorized","description":"User is unable to access this feature - https://bit.ly/yahoo-finance-api-feedback"}}}
2026-04-28 23:33:17,507 ERROR HTTP Error 401: {"finance":{"result":null,"error":{"code":"Unauthorized","description":"User is unable to access this feature - https://bit.ly/yahoo-finance-api-feedback"}}}
2026-04-28 23:33:17,509 ERROR HTTP Error 401: {"finance":{"result":null,"error":{"code":"Unauthorized","description":"User is unable to access this feature - https://bit.ly/yahoo-finance-api-feedback"}}}
2026-04-28 23:33:17,510 ERROR HTTP Error 401: {"finance":{"result":null,"error":{"code":"Unauthorized","description":"Invalid Crumb"}}}
2026-04-28 23:33:17,510 ERROR HTTP Error 401: {"finance":{"result":null,"error":{"code":"Unauthorized","description":"User is unable to access this feature - https://bit.ly/yahoo-finance-api-feedback"}}}
2026-04-28 23:33:17,513 ERROR HTTP Error 401: {"finance":{"result":null,"error":{"code":"Unauthorized","description":"User is unable to access this feature - https://bit.ly/yahoo-finance-api-feedback"}}}
2026-04-28 23:33:17,514 ERROR HTTP Error 401: {"finance":{"result":null,"error":{"code":"Unauthorized","description":"Invalid Crumb"}}}
2026-04-28 23:33:17,515 ERROR HTTP Error 401: {"finance":{"result":null,"error":{"code":"Unauthorized","description":"User is unable to access this feature - https://bit.ly/yahoo-finance-api-feedback"}}}
2026-04-28 23:33:17,518 ERROR HTTP Error 401: {"finance":{"result":null,"error":{"code":"Unauthorized","description":"User is unable to access this feature - https://bit.ly/yahoo-finance-api-feedback"}}}
2026-04-28 23:33:17,519 ERROR HTTP Error 401: {"finance":{"result":null,"error":{"code":"Unauthorized","description":"User is unable to access this feature - https://bit.ly/yahoo-finance-api-feedback"}}}
2026-04-28 23:33:17,624 ERROR HTTP Error 401: {"finance":{"result":null,"error":{"code":"Unauthorized","description":"User is unable to access this feature - https://bit.ly/yahoo-finance-api-feedback"}}}
2026-04-28 23:33:18,194 ERROR HTTP Error 401: {"finance":{"result":null,"error":{"code":"Unauthorized","description":"User is unable to access this feature - https://bit.ly/yahoo-finance-api-feedback"}}}
2026-04-28 23:33:18,272 ERROR HTTP Error 401: {"finance":{"result":null,"error":{"code":"Unauthorized","description":"User is unable to access this feature - https://bit.ly/yahoo-finance-api-feedback"}}}
2026-04-28 23:34:42,186 ERROR HTTP Error 404: {"quoteSummary":{"result":null,"error":{"code":"Not Found","description":"Quote not found for symbol: DUMMYALCAR.NS"}}}
2026-04-28 23:35:32,785 INFO Prefetching missing metadata for 306 tickers...
2026-04-28 23:39:06,775 INFO Background cache refresh complete for 751 symbols.
2026-04-28 23:39:09,073 WARNING Parallel download failed for chunk 100: dictionary changed size during iteration
2026-04-28 23:39:09,074 WARNING Parallel download failed for chunk 0: dictionary changed size during iteration
2026-04-28 23:39:09,074 WARNING Parallel download failed for chunk 200: dictionary changed size during iteration
2026-04-28 23:39:12,162 ERROR Vectorization failed: '<' not supported between instances of 'Timestamp' and 'str'
2026-04-28 23:59:51,333 INFO Background metadata worker starting...
2026-04-28 23:59:51,373 INFO Prefetching missing metadata for 115 tickers...
2026-04-28 23:59:54,218 ERROR HTTP Error 401: {"finance":{"result":null,"error":{"code":"Unauthorized","description":"Invalid Crumb"}}}
2026-04-28 23:59:54,226 ERROR HTTP Error 401: {"finance":{"result":null,"error":{"code":"Unauthorized","description":"Invalid Crumb"}}}
2026-04-28 23:59:54,228 ERROR HTTP Error 401: {"finance":{"result":null,"error":{"code":"Unauthorized","description":"User is unable to access this feature - https://bit.ly/yahoo-finance-api-feedback"}}}
2026-04-28 23:59:54,231 ERROR HTTP Error 401: {"finance":{"result":null,"error":{"code":"Unauthorized","description":"Invalid Crumb"}}}
2026-04-28 23:59:54,233 ERROR HTTP Error 401: {"finance":{"result":null,"error":{"code":"Unauthorized","description":"User is unable to access this feature - https://bit.ly/yahoo-finance-api-feedback"}}}
2026-04-28 23:59:54,363 ERROR HTTP Error 401: {"finance":{"result":null,"error":{"code":"Unauthorized","description":"Invalid Crumb"}}}
2026-04-28 23:59:55,667 ERROR HTTP Error 401: {"finance":{"result":null,"error":{"code":"Unauthorized","description":"User is unable to access this feature - https://bit.ly/yahoo-finance-api-feedback"}}}
2026-04-28 23:59:57,426 INFO Prefetching missing metadata for 24 tickers...
2026-04-29 00:00:38,211 INFO Background cache refresh complete for 751 symbols.
2026-04-29 00:00:45,432 ERROR Vectorization failed: '<' not supported between instances of 'Timestamp' and 'str'
2026-04-29 00:01:19,234 ERROR Failed to fetch NSE CSV after 3 attempts: 404 Client Error: Not Found for url: https://nsearchives.nseindia.com/content/indices/ind_niftymicrocap250list.csv
2026-04-29 00:01:19,234 WARNING Sector segment https://nsearchives.nseindia.com/content/indices/ind_niftymicrocap250list.csv failed: 404 Client Error: Not Found for url: https://nsearchives.nseindia.com/content/indices/ind_niftymicrocap250list.csv
2026-04-29 00:01:22,689 ERROR Failed to fetch NSE CSV after 3 attempts: 404 Client Error: Not Found for url: https://archives.nseindia.com/content/indices/ind_niftymicrocap250list.csv
2026-04-29 00:01:22,689 WARNING Sector segment https://archives.nseindia.com/content/indices/ind_niftymicrocap250list.csv failed: 404 Client Error: Not Found for url: https://archives.nseindia.com/content/indices/ind_niftymicrocap250list.csv
2026-04-29 00:01:22,962 INFO Fetched 500 symbols for Nifty 500 from https://archives.nseindia.com/content/indices/ind_nifty500list.csv
2026-04-29 00:01:23,355 INFO Fetched 251 symbols for Nifty Microcap 250 from https://nsearchives.nseindia.com/content/indices/ind_niftymicrocap250_list.csv
2026-04-29 00:01:25,724 INFO Prefetching missing metadata for 8 tickers...
2026-04-29 00:01:27,193 ERROR HTTP Error 404: {"quoteSummary":{"result":null,"error":{"code":"Not Found","description":"Quote not found for symbol: DUMMYALCAR.NS"}}}
2026-04-29 00:01:50,175 ERROR Vectorization failed: '<' not supported between instances of 'Timestamp' and 'str'
2026-04-29 00:01:53,844 ERROR HTTP Error 404: {"quoteSummary":{"result":null,"error":{"code":"Not Found","description":"Quote not found for symbol: DUMMYALCAR.NS"}}}
