2026-04-25 11:57:22,510 INFO Background metadata worker starting...
2026-04-25 11:57:22,728 INFO Fetched 500 symbols for Nifty 500 from https://archives.nseindia.com/content/indices/ind_nifty500list.csv
2026-04-25 11:57:23,811 INFO Fetched 251 symbols for Nifty Microcap 250 from https://nsearchives.nseindia.com/content/indices/ind_niftymicrocap250_list.csv
2026-04-25 11:57:27,695 INFO Prefetching metadata for 751 tickers...
2026-04-25 11:57:32,976 INFO Prefetching metadata for 496 tickers...
2026-04-25 12:05:44,915 INFO Background metadata worker starting...
2026-04-25 12:05:49,995 INFO Prefetching metadata for 637 tickers...
2026-04-25 12:05:57,889 INFO Prefetching metadata for 397 tickers...
2026-04-25 12:06:08,113 ERROR HTTP Error 404: {"quoteSummary":{"result":null,"error":{"code":"Not Found","description":"Quote not found for symbol: DUMMYALCAR.NS"}}}
2026-04-25 12:09:18,271 INFO Background metadata worker starting...
2026-04-25 12:09:21,133 INFO Prefetching metadata for 454 tickers...
2026-04-25 12:09:22,990 ERROR HTTP Error 404: {"quoteSummary":{"result":null,"error":{"code":"Not Found","description":"Quote not found for symbol: DUMMYALCAR.NS"}}}
2026-04-25 12:09:48,637 INFO Prefetching metadata for 249 tickers...
2026-04-25 12:13:06,932 INFO Background cache refresh complete for 751 symbols.
2026-04-25 12:19:37,255 INFO Background metadata worker starting...
2026-04-25 12:19:37,522 INFO Prefetching missing metadata for 108 tickers...
2026-04-25 12:19:40,124 ERROR HTTP Error 401: {"finance":{"result":null,"error":{"code":"Unauthorized","description":"Invalid Crumb"}}}
2026-04-25 12:19:40,126 ERROR HTTP Error 401: {"finance":{"result":null,"error":{"code":"Unauthorized","description":"Invalid Crumb"}}}
2026-04-25 12:19:47,373 INFO Prefetching missing metadata for 40 tickers...
2026-04-25 12:19:48,989 ERROR HTTP Error 401: {"finance":{"result":null,"error":{"code":"Unauthorized","description":"Invalid Crumb"}}}
2026-04-25 12:19:49,476 ERROR HTTP Error 401: {"finance":{"result":null,"error":{"code":"Unauthorized","description":"Invalid Crumb"}}}
2026-04-25 12:20:33,346 ERROR HTTP Error 401: {"finance":{"result":null,"error":{"code":"Unauthorized","description":"Invalid Crumb"}}}
2026-04-25 12:20:39,914 ERROR HTTP Error 401: {"finance":{"result":null,"error":{"code":"Unauthorized","description":"User is unable to access this feature - https://bit.ly/yahoo-finance-api-feedback"}}}
2026-04-25 12:21:05,385 INFO Background cache refresh complete for 751 symbols.
2026-04-25 12:24:47,354 INFO Background metadata worker starting...
2026-04-25 12:24:47,478 INFO Prefetching missing metadata for 18 tickers...
2026-04-25 12:24:50,154 ERROR HTTP Error 404: {"quoteSummary":{"result":null,"error":{"code":"Not Found","description":"Quote not found for symbol: DUMMYALCAR.NS"}}}
2026-04-25 12:24:51,533 ERROR HTTP Error 401: {"finance":{"result":null,"error":{"code":"Unauthorized","description":"User is unable to access this feature - https://bit.ly/yahoo-finance-api-feedback"}}}
2026-04-25 12:24:51,535 ERROR HTTP Error 401: {"finance":{"result":null,"error":{"code":"Unauthorized","description":"User is unable to access this feature - https://bit.ly/yahoo-finance-api-feedback"}}}
2026-04-25 12:24:51,540 ERROR HTTP Error 401: {"finance":{"result":null,"error":{"code":"Unauthorized","description":"User is unable to access this feature - https://bit.ly/yahoo-finance-api-feedback"}}}
2026-04-25 12:24:52,886 INFO Background cache refresh complete for 751 symbols.
2026-04-25 12:24:54,504 INFO Prefetching missing metadata for 1 tickers...
2026-04-25 12:27:19,589 INFO Prefetching missing metadata for 1 tickers...
2026-04-25 12:29:51,608 INFO Background metadata worker starting...
2026-04-25 12:29:51,967 INFO Prefetching missing metadata for 3 tickers...
2026-04-25 12:29:52,586 ERROR HTTP Error 404: {"quoteSummary":{"result":null,"error":{"code":"Not Found","description":"Quote not found for symbol: DUMMYALCAR.NS"}}}
2026-04-25 12:29:52,722 INFO Background cache refresh complete for 751 symbols.
2026-04-25 12:29:59,572 WARNING Sector segment https://nsearchives.nseindia.com/content/indices/ind_niftymicrocap250list.csv failed: 404 Client Error: Not Found for url: https://nsearchives.nseindia.com/content/indices/ind_niftymicrocap250list.csv
2026-04-25 12:29:59,762 WARNING Sector segment https://archives.nseindia.com/content/indices/ind_niftymicrocap250list.csv failed: 404 Client Error: Not Found for url: https://archives.nseindia.com/content/indices/ind_niftymicrocap250list.csv
2026-04-25 12:30:00,057 INFO Prefetching missing metadata for 3 tickers...
2026-04-25 12:30:00,717 ERROR HTTP Error 404: {"quoteSummary":{"result":null,"error":{"code":"Not Found","description":"Quote not found for symbol: DUMMYALCAR.NS"}}}
2026-04-25 12:30:13,150 ERROR 
1 Failed download:
2026-04-25 12:30:13,151 ERROR ['DUMMYALCAR.NS']: YFPricesMissingError('possibly delisted; no price data found  (period=2y) (Yahoo error = "No data found, symbol may be delisted")')
2026-04-25 12:31:33,788 INFO Background metadata worker starting...
2026-04-25 12:31:33,851 INFO Prefetching missing metadata for 3 tickers...
2026-04-25 12:31:35,693 ERROR HTTP Error 404: {"quoteSummary":{"result":null,"error":{"code":"Not Found","description":"Quote not found for symbol: DUMMYALCAR.NS"}}}
2026-04-25 12:31:36,216 ERROR HTTP Error 401: {"finance":{"result":null,"error":{"code":"Unauthorized","description":"User is unable to access this feature - https://bit.ly/yahoo-finance-api-feedback"}}}
2026-04-25 12:31:36,249 INFO Background cache refresh complete for 751 symbols.
2026-04-25 12:31:57,177 WARNING Sector segment https://nsearchives.nseindia.com/content/indices/ind_niftymicrocap250list.csv failed: 404 Client Error: Not Found for url: https://nsearchives.nseindia.com/content/indices/ind_niftymicrocap250list.csv
2026-04-25 12:31:57,364 WARNING Sector segment https://archives.nseindia.com/content/indices/ind_niftymicrocap250list.csv failed: 404 Client Error: Not Found for url: https://archives.nseindia.com/content/indices/ind_niftymicrocap250list.csv
2026-04-25 12:31:58,007 INFO Prefetching missing metadata for 3 tickers...
2026-04-25 12:31:58,859 ERROR HTTP Error 404: {"quoteSummary":{"result":null,"error":{"code":"Not Found","description":"Quote not found for symbol: DUMMYALCAR.NS"}}}
2026-04-25 12:32:18,222 ERROR 
1 Failed download:
2026-04-25 12:32:18,222 ERROR ['DUMMYALCAR.NS']: YFPricesMissingError('possibly delisted; no price data found  (period=2y) (Yahoo error = "No data found, symbol may be delisted")')
2026-04-25 12:34:06,251 INFO Prefetching missing metadata for 3 tickers...
2026-04-25 12:34:06,808 ERROR HTTP Error 404: {"quoteSummary":{"result":null,"error":{"code":"Not Found","description":"Quote not found for symbol: DUMMYALCAR.NS"}}}
2026-04-25 12:34:25,805 ERROR 
1 Failed download:
2026-04-25 12:34:25,805 ERROR ['DUMMYALCAR.NS']: YFPricesMissingError('possibly delisted; no price data found  (period=2y) (Yahoo error = "No data found, symbol may be delisted")')
2026-04-25 13:18:02,463 INFO Background metadata worker starting...
2026-04-25 13:18:02,563 INFO Prefetching missing metadata for 3 tickers...
2026-04-25 13:18:04,396 ERROR HTTP Error 401: {"finance":{"result":null,"error":{"code":"Unauthorized","description":"Invalid Crumb"}}}
2026-04-25 13:18:05,070 ERROR HTTP Error 401: {"finance":{"result":null,"error":{"code":"Unauthorized","description":"User is unable to access this feature - https://bit.ly/yahoo-finance-api-feedback"}}}
2026-04-25 13:18:05,082 INFO Background cache refresh complete for 751 symbols.
