2026-07-10 17:34:12,945 INFO Background metadata worker starting...
2026-07-10 17:34:13,497 INFO Fetched 500 symbols for Nifty 500 from https://archives.nseindia.com/content/indices/ind_nifty500list.csv
2026-07-10 17:34:14,582 INFO Fetched 251 symbols for Nifty Microcap 250 from https://nsearchives.nseindia.com/content/indices/ind_niftymicrocap250_list.csv
2026-07-10 17:34:14,694 INFO Prefetching missing metadata for 751 tickers...
2026-07-10 17:34:16,536 ERROR HTTP Error 401: {"finance":{"result":null,"error":{"code":"Unauthorized","description":"User is unable to access this feature - https://bit.ly/yahoo-finance-api-feedback"}}}
2026-07-10 17:34:16,540 ERROR HTTP Error 401: {"finance":{"result":null,"error":{"code":"Unauthorized","description":"User is unable to access this feature - https://bit.ly/yahoo-finance-api-feedback"}}}
2026-07-10 17:34:16,542 ERROR HTTP Error 401: {"finance":{"result":null,"error":{"code":"Unauthorized","description":"User is unable to access this feature - https://bit.ly/yahoo-finance-api-feedback"}}}
2026-07-10 17:34:16,546 ERROR HTTP Error 401: {"finance":{"result":null,"error":{"code":"Unauthorized","description":"User is unable to access this feature - https://bit.ly/yahoo-finance-api-feedback"}}}
2026-07-10 17:34:16,549 ERROR HTTP Error 401: {"finance":{"result":null,"error":{"code":"Unauthorized","description":"User is unable to access this feature - https://bit.ly/yahoo-finance-api-feedback"}}}
2026-07-10 17:34:16,553 ERROR HTTP Error 401: {"finance":{"result":null,"error":{"code":"Unauthorized","description":"User is unable to access this feature - https://bit.ly/yahoo-finance-api-feedback"}}}
2026-07-10 17:34:16,555 ERROR HTTP Error 401: {"finance":{"result":null,"error":{"code":"Unauthorized","description":"User is unable to access this feature - https://bit.ly/yahoo-finance-api-feedback"}}}
2026-07-10 17:34:16,559 ERROR HTTP Error 401: {"finance":{"result":null,"error":{"code":"Unauthorized","description":"User is unable to access this feature - https://bit.ly/yahoo-finance-api-feedback"}}}
2026-07-10 17:34:16,561 ERROR HTTP Error 401: {"finance":{"result":null,"error":{"code":"Unauthorized","description":"User is unable to access this feature - https://bit.ly/yahoo-finance-api-feedback"}}}
2026-07-10 17:34:16,564 ERROR HTTP Error 401: {"finance":{"result":null,"error":{"code":"Unauthorized","description":"User is unable to access this feature - https://bit.ly/yahoo-finance-api-feedback"}}}
2026-07-10 17:34:16,566 ERROR HTTP Error 401: {"finance":{"result":null,"error":{"code":"Unauthorized","description":"User is unable to access this feature - https://bit.ly/yahoo-finance-api-feedback"}}}
2026-07-10 17:34:16,571 ERROR HTTP Error 401: {"finance":{"result":null,"error":{"code":"Unauthorized","description":"User is unable to access this feature - https://bit.ly/yahoo-finance-api-feedback"}}}
2026-07-10 17:34:16,620 ERROR HTTP Error 401: {"finance":{"result":null,"error":{"code":"Unauthorized","description":"User is unable to access this feature - https://bit.ly/yahoo-finance-api-feedback"}}}
2026-07-10 17:34:16,658 ERROR HTTP Error 401: {"finance":{"result":null,"error":{"code":"Unauthorized","description":"User is unable to access this feature - https://bit.ly/yahoo-finance-api-feedback"}}}
2026-07-10 17:34:16,686 ERROR HTTP Error 401: {"finance":{"result":null,"error":{"code":"Unauthorized","description":"User is unable to access this feature - https://bit.ly/yahoo-finance-api-feedback"}}}
2026-07-10 17:34:17,369 ERROR HTTP Error 401: {"finance":{"result":null,"error":{"code":"Unauthorized","description":"User is unable to access this feature - https://bit.ly/yahoo-finance-api-feedback"}}}
2026-07-10 17:34:20,185 ERROR HTTP Error 401: {"finance":{"result":null,"error":{"code":"Unauthorized","description":"Invalid Crumb"}}}
2026-07-10 17:34:37,278 ERROR Failed to fetch NSE CSV after 3 attempts: 404 Client Error: Not Found for url: https://nsearchives.nseindia.com/content/indices/ind_niftymicrocap250list.csv
2026-07-10 17:34:37,278 WARNING Sector segment https://nsearchives.nseindia.com/content/indices/ind_niftymicrocap250list.csv failed: 404 Client Error: Not Found for url: https://nsearchives.nseindia.com/content/indices/ind_niftymicrocap250list.csv
2026-07-10 17:34:40,997 ERROR Failed to fetch NSE CSV after 3 attempts: 404 Client Error: Not Found for url: https://archives.nseindia.com/content/indices/ind_niftymicrocap250list.csv
2026-07-10 17:34:40,998 WARNING Sector segment https://archives.nseindia.com/content/indices/ind_niftymicrocap250list.csv failed: 404 Client Error: Not Found for url: https://archives.nseindia.com/content/indices/ind_niftymicrocap250list.csv
2026-07-10 17:34:41,166 INFO Prefetching missing metadata for 649 tickers...
2026-07-10 17:36:50,257 ERROR HTTP Error 401: {"finance":{"result":null,"error":{"code":"Unauthorized","description":"Invalid Crumb"}}}
2026-07-10 17:36:55,817 ERROR No ticker data could be downloaded.
2026-07-10 17:36:56,309 INFO Background cache refresh complete for 751 symbols.
2026-07-10 17:37:58,891 INFO Prefetching missing metadata for 382 tickers...
2026-07-10 17:37:59,644 ERROR HTTP Error 401: {"finance":{"result":null,"error":{"code":"Unauthorized","description":"Invalid Crumb"}}}
2026-07-10 17:37:59,879 ERROR HTTP Error 401: {"finance":{"result":null,"error":{"code":"Unauthorized","description":"Invalid Crumb"}}}
2026-07-10 17:38:00,010 ERROR HTTP Error 401: {"finance":{"result":null,"error":{"code":"Unauthorized","description":"User is unable to access this feature - https://bit.ly/yahoo-finance-api-feedback"}}}
2026-07-10 17:38:00,146 ERROR HTTP Error 401: {"finance":{"result":null,"error":{"code":"Unauthorized","description":"User is unable to access this feature - https://bit.ly/yahoo-finance-api-feedback"}}}
2026-07-10 17:38:00,363 ERROR HTTP Error 401: {"finance":{"result":null,"error":{"code":"Unauthorized","description":"Invalid Crumb"}}}
2026-07-10 17:38:00,389 ERROR HTTP Error 401: {"finance":{"result":null,"error":{"code":"Unauthorized","description":"Invalid Crumb"}}}
2026-07-10 17:38:00,392 ERROR HTTP Error 401: {"finance":{"result":null,"error":{"code":"Unauthorized","description":"Invalid Crumb"}}}
2026-07-10 17:38:00,393 ERROR HTTP Error 401: {"finance":{"result":null,"error":{"code":"Unauthorized","description":"Invalid Crumb"}}}
2026-07-10 17:38:00,567 ERROR HTTP Error 401: {"finance":{"result":null,"error":{"code":"Unauthorized","description":"User is unable to access this feature - https://bit.ly/yahoo-finance-api-feedback"}}}
2026-07-10 17:38:00,575 ERROR HTTP Error 401: {"finance":{"result":null,"error":{"code":"Unauthorized","description":"User is unable to access this feature - https://bit.ly/yahoo-finance-api-feedback"}}}
2026-07-10 17:38:00,577 ERROR HTTP Error 401: {"finance":{"result":null,"error":{"code":"Unauthorized","description":"Invalid Crumb"}}}
2026-07-10 17:38:00,705 ERROR HTTP Error 401: {"finance":{"result":null,"error":{"code":"Unauthorized","description":"User is unable to access this feature - https://bit.ly/yahoo-finance-api-feedback"}}}
2026-07-10 17:38:07,438 ERROR No ticker data could be downloaded.
2026-07-10 17:40:47,463 ERROR No ticker data could be downloaded.
2026-07-10 17:40:58,957 ERROR No ticker data could be downloaded.
2026-07-10 18:47:59,424 INFO Background metadata worker starting...
2026-07-10 18:47:59,470 INFO Prefetching missing metadata for 365 tickers...
2026-07-10 18:48:01,137 ERROR HTTP Error 401: {"finance":{"result":null,"error":{"code":"Unauthorized","description":"User is unable to access this feature - https://bit.ly/yahoo-finance-api-feedback"}}}
2026-07-10 18:48:02,977 ERROR HTTP Error 401: {"finance":{"result":null,"error":{"code":"Unauthorized","description":"User is unable to access this feature - https://bit.ly/yahoo-finance-api-feedback"}}}
2026-07-10 18:48:03,003 ERROR HTTP Error 401: {"finance":{"result":null,"error":{"code":"Unauthorized","description":"User is unable to access this feature - https://bit.ly/yahoo-finance-api-feedback"}}}
2026-07-10 18:48:03,369 ERROR HTTP Error 401: {"finance":{"result":null,"error":{"code":"Unauthorized","description":"User is unable to access this feature - https://bit.ly/yahoo-finance-api-feedback"}}}
2026-07-10 18:48:04,402 ERROR HTTP Error 401: {"finance":{"result":null,"error":{"code":"Unauthorized","description":"Invalid Crumb"}}}
2026-07-10 18:48:04,408 ERROR HTTP Error 401: {"finance":{"result":null,"error":{"code":"Unauthorized","description":"Invalid Crumb"}}}
2026-07-10 18:48:04,411 ERROR HTTP Error 401: {"finance":{"result":null,"error":{"code":"Unauthorized","description":"Invalid Crumb"}}}
2026-07-10 18:48:04,437 ERROR HTTP Error 401: {"finance":{"result":null,"error":{"code":"Unauthorized","description":"Invalid Crumb"}}}
2026-07-10 18:48:04,594 ERROR HTTP Error 401: {"finance":{"result":null,"error":{"code":"Unauthorized","description":"Invalid Crumb"}}}
2026-07-10 18:48:04,643 ERROR HTTP Error 401: {"finance":{"result":null,"error":{"code":"Unauthorized","description":"Invalid Crumb"}}}
2026-07-10 18:48:05,678 ERROR HTTP Error 401: {"finance":{"result":null,"error":{"code":"Unauthorized","description":"User is unable to access this feature - https://bit.ly/yahoo-finance-api-feedback"}}}
2026-07-10 18:48:05,750 ERROR HTTP Error 401: {"finance":{"result":null,"error":{"code":"Unauthorized","description":"User is unable to access this feature - https://bit.ly/yahoo-finance-api-feedback"}}}
2026-07-10 18:48:06,277 ERROR HTTP Error 401: {"finance":{"result":null,"error":{"code":"Unauthorized","description":"User is unable to access this feature - https://bit.ly/yahoo-finance-api-feedback"}}}
2026-07-10 18:48:06,281 ERROR HTTP Error 401: {"finance":{"result":null,"error":{"code":"Unauthorized","description":"User is unable to access this feature - https://bit.ly/yahoo-finance-api-feedback"}}}
2026-07-10 18:48:06,284 ERROR HTTP Error 401: {"finance":{"result":null,"error":{"code":"Unauthorized","description":"User is unable to access this feature - https://bit.ly/yahoo-finance-api-feedback"}}}
2026-07-10 18:48:06,496 ERROR HTTP Error 401: {"finance":{"result":null,"error":{"code":"Unauthorized","description":"User is unable to access this feature - https://bit.ly/yahoo-finance-api-feedback"}}}
2026-07-10 18:48:07,110 ERROR HTTP Error 401: {"finance":{"result":null,"error":{"code":"Unauthorized","description":"User is unable to access this feature - https://bit.ly/yahoo-finance-api-feedback"}}}
2026-07-10 18:48:07,119 ERROR HTTP Error 401: {"finance":{"result":null,"error":{"code":"Unauthorized","description":"Invalid Crumb"}}}
2026-07-10 18:48:07,132 ERROR HTTP Error 401: {"finance":{"result":null,"error":{"code":"Unauthorized","description":"Invalid Crumb"}}}
2026-07-10 18:48:07,140 ERROR HTTP Error 401: {"finance":{"result":null,"error":{"code":"Unauthorized","description":"Invalid Crumb"}}}
2026-07-10 18:48:30,652 INFO Starting dual-mode scanner with config {'universe': 'Nifty 500', 'min_candles': 300, 'interval': '1d', 'lookback_period': '2y', 'max_candidates': 15, 'min_total_score': 25.0, 'watchlist_min_score': 60.0, 'entry_min_score': 70.0, 'watchlist_trend_weight': 0.2, 'watchlist_base_weight': 0.35, 'watchlist_volume_weight': 0.2, 'watchlist_rs_weight': 0.15, 'watchlist_sector_weight': 0.1, 'entry_trend_weight': 0.2, 'entry_breakout_weight': 0.25, 'entry_volume_weight': 0.2, 'entry_rs_weight': 0.15, 'entry_sector_weight': 0.15, 'entry_risk_weight': 0.1, 'watchlist_price_above_ema200': True, 'watchlist_base_high_pct': 5.0, 'watchlist_base_range_pct': 10.0, 'watchlist_base_days_min': 10, 'watchlist_atr_contraction_pct': -15.0, 'watchlist_bbw_contraction_pct': -20.0, 'watchlist_volume_dryup_pct': -25.0, 'watchlist_rs_min': 60.0, 'watchlist_sector_strength_min': 0.0, 'entry_breakout_volume_ratio': 2.0, 'entry_rs_rank_min': 80.0, 'entry_risk_reward_min': 2.0, 'entry_extension_pct': 10.0, 'entry_atr_expansion_pct': 1.8, 'ema_fast': 20, 'ema_medium': 50, 'ema_slow': 200, 'atr_window': 20, 'contraction_window': 20, 'volume_sma_window': 20, 'volume_contraction_lookback': 20, 'volume_multiplier': 1.6, 'relative_strength_window': 90, 'relative_strength_period_1': 30, 'relative_strength_period_2': 60, 'relative_strength_period_3': 90, 'relative_strength_min_data': 30, 'sector_lookback': 60, 'risk_atr_multiplier': 2.5, 'sector_blacklist': ['Financial Services', 'Utilities'], 'required_columns': ['Open', 'High', 'Low', 'Close', 'Volume']}
2026-07-10 18:48:36,351 ERROR HTTP Error 401: {"finance":{"result":null,"error":{"code":"Unauthorized","description":"User is unable to access this feature - https://bit.ly/yahoo-finance-api-feedback"}}}
2026-07-10 18:48:36,391 ERROR HTTP Error 401: {"finance":{"result":null,"error":{"code":"Unauthorized","description":"User is unable to access this feature - https://bit.ly/yahoo-finance-api-feedback"}}}
2026-07-10 18:48:36,399 ERROR HTTP Error 401: {"finance":{"result":null,"error":{"code":"Unauthorized","description":"Invalid Crumb"}}}
2026-07-10 18:48:36,399 ERROR HTTP Error 401: {"finance":{"result":null,"error":{"code":"Unauthorized","description":"User is unable to access this feature - https://bit.ly/yahoo-finance-api-feedback"}}}
2026-07-10 18:48:53,179 INFO Saved 55 rows to data/watchlist.csv
2026-07-10 18:48:53,182 INFO Saved 27 rows to data/entry.csv
2026-07-10 18:48:53,189 INFO Watchlist candidates: 55 | Entry candidates: 27
2026-07-10 18:48:54,641 ERROR HTTP Error 401: {"finance":{"result":null,"error":{"code":"Unauthorized","description":"User is unable to access this feature - https://bit.ly/yahoo-finance-api-feedback"}}}
2026-07-10 18:48:54,644 ERROR HTTP Error 401: {"finance":{"result":null,"error":{"code":"Unauthorized","description":"User is unable to access this feature - https://bit.ly/yahoo-finance-api-feedback"}}}
2026-07-10 18:48:54,661 ERROR HTTP Error 401: {"finance":{"result":null,"error":{"code":"Unauthorized","description":"User is unable to access this feature - https://bit.ly/yahoo-finance-api-feedback"}}}
2026-07-10 18:48:54,912 ERROR HTTP Error 401: {"finance":{"result":null,"error":{"code":"Unauthorized","description":"User is unable to access this feature - https://bit.ly/yahoo-finance-api-feedback"}}}
2026-07-10 18:48:55,445 ERROR HTTP Error 401: {"finance":{"result":null,"error":{"code":"Unauthorized","description":"User is unable to access this feature - https://bit.ly/yahoo-finance-api-feedback"}}}
2026-07-10 18:48:55,679 ERROR HTTP Error 401: {"finance":{"result":null,"error":{"code":"Unauthorized","description":"User is unable to access this feature - https://bit.ly/yahoo-finance-api-feedback"}}}
2026-07-10 18:48:58,894 ERROR HTTP Error 401: {"finance":{"result":null,"error":{"code":"Unauthorized","description":"Invalid Crumb"}}}
2026-07-10 18:48:58,896 ERROR HTTP Error 401: {"finance":{"result":null,"error":{"code":"Unauthorized","description":"Invalid Crumb"}}}
2026-07-10 18:48:59,501 ERROR HTTP Error 401: {"finance":{"result":null,"error":{"code":"Unauthorized","description":"User is unable to access this feature - https://bit.ly/yahoo-finance-api-feedback"}}}
2026-07-10 18:48:59,949 ERROR HTTP Error 401: {"finance":{"result":null,"error":{"code":"Unauthorized","description":"User is unable to access this feature - https://bit.ly/yahoo-finance-api-feedback"}}}
2026-07-10 18:48:59,956 ERROR HTTP Error 401: {"finance":{"result":null,"error":{"code":"Unauthorized","description":"User is unable to access this feature - https://bit.ly/yahoo-finance-api-feedback"}}}
2026-07-10 18:48:59,958 ERROR HTTP Error 401: {"finance":{"result":null,"error":{"code":"Unauthorized","description":"User is unable to access this feature - https://bit.ly/yahoo-finance-api-feedback"}}}
2026-07-10 18:48:59,962 ERROR HTTP Error 401: {"finance":{"result":null,"error":{"code":"Unauthorized","description":"User is unable to access this feature - https://bit.ly/yahoo-finance-api-feedback"}}}
2026-07-10 18:48:59,975 ERROR HTTP Error 401: {"finance":{"result":null,"error":{"code":"Unauthorized","description":"User is unable to access this feature - https://bit.ly/yahoo-finance-api-feedback"}}}
2026-07-10 18:49:00,938 ERROR HTTP Error 401: {"finance":{"result":null,"error":{"code":"Unauthorized","description":"User is unable to access this feature - https://bit.ly/yahoo-finance-api-feedback"}}}
2026-07-10 18:49:02,040 ERROR HTTP Error 401: {"finance":{"result":null,"error":{"code":"Unauthorized","description":"Invalid Crumb"}}}
2026-07-10 18:49:02,046 ERROR HTTP Error 401: {"finance":{"result":null,"error":{"code":"Unauthorized","description":"Invalid Crumb"}}}
2026-07-10 18:49:02,717 ERROR HTTP Error 401: {"finance":{"result":null,"error":{"code":"Unauthorized","description":"User is unable to access this feature - https://bit.ly/yahoo-finance-api-feedback"}}}
2026-07-10 18:49:02,858 ERROR HTTP Error 401: {"finance":{"result":null,"error":{"code":"Unauthorized","description":"User is unable to access this feature - https://bit.ly/yahoo-finance-api-feedback"}}}
2026-07-10 18:49:03,637 ERROR HTTP Error 401: {"finance":{"result":null,"error":{"code":"Unauthorized","description":"Invalid Crumb"}}}
2026-07-10 18:49:04,307 ERROR HTTP Error 401: {"finance":{"result":null,"error":{"code":"Unauthorized","description":"User is unable to access this feature - https://bit.ly/yahoo-finance-api-feedback"}}}
2026-07-10 18:49:05,402 ERROR HTTP Error 401: {"finance":{"result":null,"error":{"code":"Unauthorized","description":"Invalid Crumb"}}}
2026-07-10 18:49:11,034 INFO Background cache refresh complete for 751 symbols.
2026-07-10 18:49:57,699 ERROR No ticker data could be downloaded.
2026-07-10 18:50:06,199 ERROR No ticker data could be downloaded.
2026-07-10 18:50:12,260 ERROR No ticker data could be downloaded.
2026-07-10 18:50:28,166 ERROR Failed to fetch NSE CSV after 3 attempts: 404 Client Error: Not Found for url: https://nsearchives.nseindia.com/content/indices/ind_niftymicrocap250list.csv
2026-07-10 18:50:28,167 WARNING Sector segment https://nsearchives.nseindia.com/content/indices/ind_niftymicrocap250list.csv failed: 404 Client Error: Not Found for url: https://nsearchives.nseindia.com/content/indices/ind_niftymicrocap250list.csv
2026-07-10 18:50:31,818 ERROR Failed to fetch NSE CSV after 3 attempts: 404 Client Error: Not Found for url: https://archives.nseindia.com/content/indices/ind_niftymicrocap250list.csv
2026-07-10 18:50:31,819 WARNING Sector segment https://archives.nseindia.com/content/indices/ind_niftymicrocap250list.csv failed: 404 Client Error: Not Found for url: https://archives.nseindia.com/content/indices/ind_niftymicrocap250list.csv
2026-07-10 18:50:31,971 INFO Prefetching missing metadata for 2 tickers...
2026-07-10 18:50:32,740 ERROR No ticker data could be downloaded.
2026-07-10 18:50:46,812 INFO Starting dual-mode scanner with config {'universe': 'Total Market (Cap Focused)', 'min_candles': 300, 'interval': '1d', 'lookback_period': '2y', 'max_candidates': 15, 'min_total_score': 25.0, 'watchlist_min_score': 60.0, 'entry_min_score': 70.0, 'watchlist_trend_weight': 0.2, 'watchlist_base_weight': 0.35, 'watchlist_volume_weight': 0.2, 'watchlist_rs_weight': 0.15, 'watchlist_sector_weight': 0.1, 'entry_trend_weight': 0.2, 'entry_breakout_weight': 0.25, 'entry_volume_weight': 0.2, 'entry_rs_weight': 0.15, 'entry_sector_weight': 0.15, 'entry_risk_weight': 0.1, 'watchlist_price_above_ema200': True, 'watchlist_base_high_pct': 5.0, 'watchlist_base_range_pct': 10.0, 'watchlist_base_days_min': 10, 'watchlist_atr_contraction_pct': -15.0, 'watchlist_bbw_contraction_pct': -20.0, 'watchlist_volume_dryup_pct': -25.0, 'watchlist_rs_min': 60.0, 'watchlist_sector_strength_min': 0.0, 'entry_breakout_volume_ratio': 2.0, 'entry_rs_rank_min': 80.0, 'entry_risk_reward_min': 2.0, 'entry_extension_pct': 10.0, 'entry_atr_expansion_pct': 1.8, 'ema_fast': 20, 'ema_medium': 50, 'ema_slow': 200, 'atr_window': 20, 'contraction_window': 20, 'volume_sma_window': 20, 'volume_contraction_lookback': 20, 'volume_multiplier': 1.6, 'relative_strength_window': 90, 'relative_strength_period_1': 30, 'relative_strength_period_2': 60, 'relative_strength_period_3': 90, 'relative_strength_min_data': 30, 'sector_lookback': 60, 'risk_atr_multiplier': 2.5, 'sector_blacklist': ['Financial Services', 'Utilities'], 'required_columns': ['Open', 'High', 'Low', 'Close', 'Volume']}
2026-07-10 18:50:57,992 INFO Saved 56 rows to data/watchlist.csv
2026-07-10 18:50:57,994 INFO Saved 34 rows to data/entry.csv
2026-07-10 18:50:58,000 INFO Watchlist candidates: 56 | Entry candidates: 34
2026-07-10 18:56:30,774 INFO Starting dual-mode scanner with config {'universe': 'Nifty 500', 'min_candles': 300, 'interval': '1d', 'lookback_period': '2y', 'max_candidates': 15, 'min_total_score': 25.0, 'watchlist_min_score': 60.0, 'entry_min_score': 70.0, 'watchlist_trend_weight': 0.2, 'watchlist_base_weight': 0.35, 'watchlist_volume_weight': 0.2, 'watchlist_rs_weight': 0.15, 'watchlist_sector_weight': 0.1, 'entry_trend_weight': 0.2, 'entry_breakout_weight': 0.25, 'entry_volume_weight': 0.2, 'entry_rs_weight': 0.15, 'entry_sector_weight': 0.15, 'entry_risk_weight': 0.1, 'watchlist_price_above_ema200': True, 'watchlist_base_high_pct': 5.0, 'watchlist_base_range_pct': 10.0, 'watchlist_base_days_min': 10, 'watchlist_atr_contraction_pct': -15.0, 'watchlist_bbw_contraction_pct': -20.0, 'watchlist_volume_dryup_pct': -25.0, 'watchlist_rs_min': 60.0, 'watchlist_sector_strength_min': 0.0, 'entry_breakout_volume_ratio': 2.0, 'entry_rs_rank_min': 80.0, 'entry_risk_reward_min': 2.0, 'entry_extension_pct': 10.0, 'entry_atr_expansion_pct': 1.8, 'ema_fast': 20, 'ema_medium': 50, 'ema_slow': 200, 'atr_window': 20, 'contraction_window': 20, 'volume_sma_window': 20, 'volume_contraction_lookback': 20, 'volume_multiplier': 1.6, 'relative_strength_window': 90, 'relative_strength_period_1': 30, 'relative_strength_period_2': 60, 'relative_strength_period_3': 90, 'relative_strength_min_data': 30, 'sector_lookback': 60, 'risk_atr_multiplier': 2.5, 'sector_blacklist': ['Financial Services', 'Utilities'], 'required_columns': ['Open', 'High', 'Low', 'Close', 'Volume']}
2026-07-10 18:56:43,822 INFO Saved 55 rows to data/watchlist.csv
2026-07-10 18:56:43,825 INFO Saved 27 rows to data/entry.csv
2026-07-10 18:56:43,831 INFO Watchlist candidates: 55 | Entry candidates: 27
2026-07-10 18:58:32,179 INFO Starting dual-mode scanner with config {'universe': 'Nifty 500', 'min_candles': 300, 'interval': '1d', 'lookback_period': '2y', 'max_candidates': 15, 'min_total_score': 25.0, 'watchlist_min_score': 60.0, 'entry_min_score': 70.0, 'watchlist_trend_weight': 0.2, 'watchlist_base_weight': 0.35, 'watchlist_volume_weight': 0.2, 'watchlist_rs_weight': 0.15, 'watchlist_sector_weight': 0.1, 'entry_trend_weight': 0.2, 'entry_breakout_weight': 0.25, 'entry_volume_weight': 0.2, 'entry_rs_weight': 0.15, 'entry_sector_weight': 0.15, 'entry_risk_weight': 0.1, 'watchlist_price_above_ema200': True, 'watchlist_base_high_pct': 5.0, 'watchlist_base_range_pct': 10.0, 'watchlist_base_days_min': 10, 'watchlist_atr_contraction_pct': -15.0, 'watchlist_bbw_contraction_pct': -20.0, 'watchlist_volume_dryup_pct': -25.0, 'watchlist_rs_min': 60.0, 'watchlist_sector_strength_min': 0.0, 'entry_breakout_volume_ratio': 2.0, 'entry_rs_rank_min': 80.0, 'entry_risk_reward_min': 2.0, 'entry_extension_pct': 10.0, 'entry_atr_expansion_pct': 1.8, 'ema_fast': 20, 'ema_medium': 50, 'ema_slow': 200, 'atr_window': 20, 'contraction_window': 20, 'volume_sma_window': 20, 'volume_contraction_lookback': 20, 'volume_multiplier': 1.6, 'relative_strength_window': 90, 'relative_strength_period_1': 30, 'relative_strength_period_2': 60, 'relative_strength_period_3': 90, 'relative_strength_min_data': 30, 'sector_lookback': 60, 'risk_atr_multiplier': 2.5, 'sector_blacklist': ['Financial Services', 'Utilities'], 'required_columns': ['Open', 'High', 'Low', 'Close', 'Volume']}
2026-07-10 18:58:43,563 INFO Saved 55 rows to data/watchlist.csv
2026-07-10 18:58:43,566 INFO Saved 27 rows to data/entry.csv
2026-07-10 18:58:43,572 INFO Watchlist candidates: 55 | Entry candidates: 27
2026-07-10 18:59:55,246 INFO Starting dual-mode scanner with config {'universe': 'Total Market (Cap Focused)', 'min_candles': 300, 'interval': '1d', 'lookback_period': '2y', 'max_candidates': 15, 'min_total_score': 25.0, 'watchlist_min_score': 60.0, 'entry_min_score': 70.0, 'watchlist_trend_weight': 0.2, 'watchlist_base_weight': 0.35, 'watchlist_volume_weight': 0.2, 'watchlist_rs_weight': 0.15, 'watchlist_sector_weight': 0.1, 'entry_trend_weight': 0.2, 'entry_breakout_weight': 0.25, 'entry_volume_weight': 0.2, 'entry_rs_weight': 0.15, 'entry_sector_weight': 0.15, 'entry_risk_weight': 0.1, 'watchlist_price_above_ema200': True, 'watchlist_base_high_pct': 5.0, 'watchlist_base_range_pct': 10.0, 'watchlist_base_days_min': 10, 'watchlist_atr_contraction_pct': -15.0, 'watchlist_bbw_contraction_pct': -20.0, 'watchlist_volume_dryup_pct': -25.0, 'watchlist_rs_min': 60.0, 'watchlist_sector_strength_min': 0.0, 'entry_breakout_volume_ratio': 2.0, 'entry_rs_rank_min': 80.0, 'entry_risk_reward_min': 2.0, 'entry_extension_pct': 10.0, 'entry_atr_expansion_pct': 1.8, 'ema_fast': 20, 'ema_medium': 50, 'ema_slow': 200, 'atr_window': 20, 'contraction_window': 20, 'volume_sma_window': 20, 'volume_contraction_lookback': 20, 'volume_multiplier': 1.6, 'relative_strength_window': 90, 'relative_strength_period_1': 30, 'relative_strength_period_2': 60, 'relative_strength_period_3': 90, 'relative_strength_min_data': 30, 'sector_lookback': 60, 'risk_atr_multiplier': 2.5, 'sector_blacklist': ['Financial Services', 'Utilities'], 'required_columns': ['Open', 'High', 'Low', 'Close', 'Volume']}
2026-07-10 19:00:08,351 INFO Saved 56 rows to data/watchlist.csv
2026-07-10 19:00:08,354 INFO Saved 34 rows to data/entry.csv
2026-07-10 19:00:08,360 INFO Watchlist candidates: 56 | Entry candidates: 34
2026-07-10 19:39:29,559 INFO Background metadata worker starting...
2026-07-10 19:39:29,631 INFO Prefetching missing metadata for 2 tickers...
2026-07-10 19:39:31,291 ERROR HTTP Error 401: {"finance":{"result":null,"error":{"code":"Unauthorized","description":"User is unable to access this feature - https://bit.ly/yahoo-finance-api-feedback"}}}
2026-07-10 19:39:31,295 INFO Background cache refresh complete for 751 symbols.
2026-07-10 19:40:37,565 ERROR Failed to fetch NSE CSV after 3 attempts: 404 Client Error: Not Found for url: https://nsearchives.nseindia.com/content/indices/ind_niftymicrocap250list.csv
2026-07-10 19:40:37,565 WARNING Sector segment https://nsearchives.nseindia.com/content/indices/ind_niftymicrocap250list.csv failed: 404 Client Error: Not Found for url: https://nsearchives.nseindia.com/content/indices/ind_niftymicrocap250list.csv
2026-07-10 19:40:41,132 ERROR Failed to fetch NSE CSV after 3 attempts: 404 Client Error: Not Found for url: https://archives.nseindia.com/content/indices/ind_niftymicrocap250list.csv
2026-07-10 19:40:41,132 WARNING Sector segment https://archives.nseindia.com/content/indices/ind_niftymicrocap250list.csv failed: 404 Client Error: Not Found for url: https://archives.nseindia.com/content/indices/ind_niftymicrocap250list.csv
2026-07-10 19:40:41,135 INFO Starting dual-mode scanner with config {'universe': 'Total Market (Cap Focused)', 'min_candles': 300, 'interval': '1d', 'lookback_period': '2y', 'max_candidates': 15, 'min_total_score': 25.0, 'watchlist_min_score': 60.0, 'entry_min_score': 70.0, 'watchlist_trend_weight': 0.2, 'watchlist_base_weight': 0.35, 'watchlist_volume_weight': 0.2, 'watchlist_rs_weight': 0.15, 'watchlist_sector_weight': 0.1, 'entry_trend_weight': 0.2, 'entry_breakout_weight': 0.25, 'entry_volume_weight': 0.2, 'entry_rs_weight': 0.15, 'entry_sector_weight': 0.15, 'entry_risk_weight': 0.1, 'watchlist_price_above_ema200': True, 'watchlist_base_high_pct': 5.0, 'watchlist_base_range_pct': 10.0, 'watchlist_base_days_min': 10, 'watchlist_atr_contraction_pct': -15.0, 'watchlist_bbw_contraction_pct': -20.0, 'watchlist_volume_dryup_pct': -25.0, 'watchlist_rs_min': 60.0, 'watchlist_sector_strength_min': 0.0, 'entry_breakout_volume_ratio': 2.0, 'entry_rs_rank_min': 80.0, 'entry_risk_reward_min': 2.0, 'entry_extension_pct': 10.0, 'entry_atr_expansion_pct': 1.8, 'market_regime_trend_weight': 0.3, 'market_regime_breadth_weight': 0.25, 'market_regime_momentum_weight': 0.2, 'market_regime_volume_weight': 0.15, 'market_regime_volatility_weight': 0.1, 'market_regime_bullish_threshold': 75.0, 'market_regime_neutral_threshold': 55.0, 'market_regime_caution_threshold': 40.0, 'market_regime_bearish_threshold': 0.0, 'market_regime_bullish_penalty': 1.0, 'market_regime_neutral_penalty': 0.95, 'market_regime_caution_penalty': 0.85, 'market_regime_bearish_penalty': 0.7, 'market_regime_buy_min_bullish': 80.0, 'market_regime_buy_min_neutral': 85.0, 'market_regime_buy_min_caution': 90.0, 'market_regime_buy_min_bearish': 95.0, 'market_regime_nifty50_period': '2y', 'market_regime_nifty500_period': '2y', 'market_regime_breadth_min_above_ema20': 45.0, 'market_regime_breadth_min_above_ema50': 40.0, 'market_regime_breadth_min_above_ema200': 25.0, 'market_regime_atr_window': 14, 'market_regime_volume_window': 20, 'market_regime_volatility_window': 20, 'market_regime_momentum_return_cap_pct': 10.0, 'market_regime_ema_buffer_pct': 0.5, 'market_regime_distribution_day_window': 20, 'market_regime_accumulation_day_window': 20, 'market_regime_volume_trend_threshold_pct': 10.0, 'market_regime_volatility_high_threshold_pct': 15.0, 'market_regime_volatility_mid_threshold_pct': 8.0, 'market_regime_accumulation_edge_days': 2, 'market_regime_distribution_edge_days': 2, 'mtf_weekly_weight': 20.0, 'mtf_daily_weight': 50.0, 'mtf_hourly_weight': 30.0, 'mtf_weekly_max_points': 20.0, 'mtf_daily_max_points': 50.0, 'mtf_hourly_max_points': 30.0, 'mtf_strong_buy_threshold': 90.0, 'mtf_buy_threshold': 80.0, 'mtf_watch_threshold': 65.0, 'mtf_wait_threshold': 50.0, 'mtf_weekly_bullish_threshold': 14.0, 'mtf_weekly_neutral_threshold': 10.0, 'mtf_weekly_bearish_threshold': 6.0, 'mtf_daily_bullish_threshold': 35.0, 'mtf_daily_neutral_threshold': 25.0, 'mtf_hourly_bullish_threshold': 20.0, 'mtf_hourly_neutral_threshold': 12.0, 'mtf_weekly_lookback_period': '2y', 'mtf_daily_lookback_period': '1y', 'mtf_hourly_lookback_period': '60d', 'mtf_hourly_ema_fast': 20, 'mtf_hourly_ema_slow': 50, 'mtf_weekly_veto_enabled': True, 'mtf_enable_confirmation': False, 'ema_fast': 20, 'ema_medium': 50, 'ema_slow': 200, 'atr_window': 20, 'contraction_window': 20, 'volume_sma_window': 20, 'volume_contraction_lookback': 20, 'volume_multiplier': 1.6, 'relative_strength_window': 90, 'relative_strength_period_1': 30, 'relative_strength_period_2': 60, 'relative_strength_period_3': 90, 'relative_strength_min_data': 30, 'sector_lookback': 60, 'risk_atr_multiplier': 2.5, 'sector_blacklist': ['Financial Services', 'Utilities'], 'required_columns': ['Open', 'High', 'Low', 'Close', 'Volume']}
2026-07-10 19:41:38,888 INFO Saved 218 rows to data/watchlist.csv
2026-07-10 19:41:38,894 INFO Saved 158 rows to data/entry.csv
2026-07-10 19:41:38,916 INFO Watchlist candidates: 218 | Entry candidates: 158
2026-07-10 19:49:08,979 INFO Starting dual-mode scanner with config {'universe': 'Total Market (Cap Focused)', 'min_candles': 300, 'interval': '1d', 'lookback_period': '2y', 'max_candidates': 15, 'min_total_score': 25.0, 'watchlist_min_score': 60.0, 'entry_min_score': 70.0, 'watchlist_trend_weight': 0.2, 'watchlist_base_weight': 0.35, 'watchlist_volume_weight': 0.2, 'watchlist_rs_weight': 0.15, 'watchlist_sector_weight': 0.1, 'entry_trend_weight': 0.2, 'entry_breakout_weight': 0.25, 'entry_volume_weight': 0.2, 'entry_rs_weight': 0.15, 'entry_sector_weight': 0.15, 'entry_risk_weight': 0.1, 'watchlist_price_above_ema200': True, 'watchlist_base_high_pct': 5.0, 'watchlist_base_range_pct': 10.0, 'watchlist_base_days_min': 10, 'watchlist_atr_contraction_pct': -15.0, 'watchlist_bbw_contraction_pct': -20.0, 'watchlist_volume_dryup_pct': -25.0, 'watchlist_rs_min': 60.0, 'watchlist_sector_strength_min': 0.0, 'entry_breakout_volume_ratio': 2.0, 'entry_rs_rank_min': 80.0, 'entry_risk_reward_min': 2.0, 'entry_extension_pct': 10.0, 'entry_atr_expansion_pct': 1.8, 'market_regime_trend_weight': 0.3, 'market_regime_breadth_weight': 0.25, 'market_regime_momentum_weight': 0.2, 'market_regime_volume_weight': 0.15, 'market_regime_volatility_weight': 0.1, 'market_regime_bullish_threshold': 75.0, 'market_regime_neutral_threshold': 55.0, 'market_regime_caution_threshold': 40.0, 'market_regime_bearish_threshold': 0.0, 'market_regime_bullish_penalty': 1.0, 'market_regime_neutral_penalty': 0.95, 'market_regime_caution_penalty': 0.85, 'market_regime_bearish_penalty': 0.7, 'market_regime_buy_min_bullish': 80.0, 'market_regime_buy_min_neutral': 85.0, 'market_regime_buy_min_caution': 90.0, 'market_regime_buy_min_bearish': 95.0, 'market_regime_nifty50_period': '2y', 'market_regime_nifty500_period': '2y', 'market_regime_breadth_min_above_ema20': 45.0, 'market_regime_breadth_min_above_ema50': 40.0, 'market_regime_breadth_min_above_ema200': 25.0, 'market_regime_atr_window': 14, 'market_regime_volume_window': 20, 'market_regime_volatility_window': 20, 'market_regime_momentum_return_cap_pct': 10.0, 'market_regime_ema_buffer_pct': 0.5, 'market_regime_distribution_day_window': 20, 'market_regime_accumulation_day_window': 20, 'market_regime_volume_trend_threshold_pct': 10.0, 'market_regime_volatility_high_threshold_pct': 15.0, 'market_regime_volatility_mid_threshold_pct': 8.0, 'market_regime_accumulation_edge_days': 2, 'market_regime_distribution_edge_days': 2, 'mtf_weekly_weight': 20.0, 'mtf_daily_weight': 50.0, 'mtf_hourly_weight': 30.0, 'mtf_weekly_max_points': 20.0, 'mtf_daily_max_points': 50.0, 'mtf_hourly_max_points': 30.0, 'mtf_strong_buy_threshold': 90.0, 'mtf_buy_threshold': 80.0, 'mtf_watch_threshold': 65.0, 'mtf_wait_threshold': 50.0, 'mtf_weekly_bullish_threshold': 14.0, 'mtf_weekly_neutral_threshold': 10.0, 'mtf_weekly_bearish_threshold': 6.0, 'mtf_daily_bullish_threshold': 35.0, 'mtf_daily_neutral_threshold': 25.0, 'mtf_hourly_bullish_threshold': 20.0, 'mtf_hourly_neutral_threshold': 12.0, 'mtf_weekly_lookback_period': '2y', 'mtf_daily_lookback_period': '1y', 'mtf_hourly_lookback_period': '60d', 'mtf_hourly_ema_fast': 20, 'mtf_hourly_ema_slow': 50, 'mtf_weekly_veto_enabled': True, 'mtf_enable_confirmation': False, 'ema_fast': 20, 'ema_medium': 50, 'ema_slow': 200, 'atr_window': 20, 'contraction_window': 20, 'volume_sma_window': 20, 'volume_contraction_lookback': 20, 'volume_multiplier': 1.6, 'relative_strength_window': 90, 'relative_strength_period_1': 30, 'relative_strength_period_2': 60, 'relative_strength_period_3': 90, 'relative_strength_min_data': 30, 'sector_lookback': 60, 'risk_atr_multiplier': 2.5, 'sector_blacklist': ['Financial Services', 'Utilities'], 'required_columns': ['Open', 'High', 'Low', 'Close', 'Volume']}
2026-07-10 19:50:13,584 INFO Saved 218 rows to data/watchlist.csv
2026-07-10 19:50:13,590 INFO Saved 158 rows to data/entry.csv
2026-07-10 19:50:13,615 INFO Watchlist candidates: 218 | Entry candidates: 158
2026-07-10 19:52:43,346 INFO Background metadata worker starting...
2026-07-10 19:52:43,419 INFO Prefetching missing metadata for 2 tickers...
2026-07-10 19:52:44,770 ERROR HTTP Error 401: {"finance":{"result":null,"error":{"code":"Unauthorized","description":"Invalid Crumb"}}}
2026-07-10 19:52:44,778 ERROR HTTP Error 401: {"finance":{"result":null,"error":{"code":"Unauthorized","description":"User is unable to access this feature - https://bit.ly/yahoo-finance-api-feedback"}}}
2026-07-10 19:52:45,090 INFO Background cache refresh complete for 751 symbols.
2026-07-10 19:54:45,505 ERROR Failed to fetch NSE CSV after 3 attempts: 404 Client Error: Not Found for url: https://nsearchives.nseindia.com/content/indices/ind_niftymicrocap250list.csv
2026-07-10 19:54:45,506 WARNING Sector segment https://nsearchives.nseindia.com/content/indices/ind_niftymicrocap250list.csv failed: 404 Client Error: Not Found for url: https://nsearchives.nseindia.com/content/indices/ind_niftymicrocap250list.csv
2026-07-10 19:54:49,062 ERROR Failed to fetch NSE CSV after 3 attempts: 404 Client Error: Not Found for url: https://archives.nseindia.com/content/indices/ind_niftymicrocap250list.csv
2026-07-10 19:54:49,062 WARNING Sector segment https://archives.nseindia.com/content/indices/ind_niftymicrocap250list.csv failed: 404 Client Error: Not Found for url: https://archives.nseindia.com/content/indices/ind_niftymicrocap250list.csv
2026-07-10 19:54:49,235 INFO Prefetching missing metadata for 2 tickers...
2026-07-10 19:54:50,470 ERROR No ticker data could be downloaded.
2026-07-10 19:57:18,521 INFO Prefetching missing metadata for 2 tickers...
2026-07-10 19:57:19,293 ERROR No ticker data could be downloaded.
2026-07-10 19:57:53,946 INFO Prefetching missing metadata for 2 tickers...
2026-07-10 19:57:54,705 ERROR No ticker data could be downloaded.
2026-07-10 19:58:50,347 INFO Prefetching missing metadata for 1 tickers...
2026-07-10 19:58:51,850 ERROR No ticker data could be downloaded.
2026-07-10 19:59:28,738 ERROR No ticker data could be downloaded.
2026-07-10 20:03:55,332 INFO Background metadata worker starting...
2026-07-10 20:03:55,401 INFO Prefetching missing metadata for 2 tickers...
2026-07-10 20:03:56,327 INFO Background cache refresh complete for 751 symbols.
2026-07-10 20:04:04,239 ERROR No ticker data could be downloaded.
2026-07-10 20:04:19,228 ERROR Failed to fetch NSE CSV after 3 attempts: 404 Client Error: Not Found for url: https://nsearchives.nseindia.com/content/indices/ind_niftymicrocap250list.csv
2026-07-10 20:04:19,228 WARNING Sector segment https://nsearchives.nseindia.com/content/indices/ind_niftymicrocap250list.csv failed: 404 Client Error: Not Found for url: https://nsearchives.nseindia.com/content/indices/ind_niftymicrocap250list.csv
2026-07-10 20:04:23,252 ERROR Failed to fetch NSE CSV after 3 attempts: 404 Client Error: Not Found for url: https://archives.nseindia.com/content/indices/ind_niftymicrocap250list.csv
2026-07-10 20:04:23,252 WARNING Sector segment https://archives.nseindia.com/content/indices/ind_niftymicrocap250list.csv failed: 404 Client Error: Not Found for url: https://archives.nseindia.com/content/indices/ind_niftymicrocap250list.csv
2026-07-10 20:04:23,461 INFO Prefetching missing metadata for 2 tickers...
2026-07-10 20:04:24,282 ERROR No ticker data could be downloaded.
2026-07-10 20:09:12,429 INFO Background metadata worker starting...
2026-07-10 20:09:12,480 INFO Prefetching missing metadata for 2 tickers...
2026-07-10 20:09:13,756 INFO Background cache refresh complete for 751 symbols.
2026-07-10 20:20:40,455 ERROR Failed to fetch NSE CSV after 3 attempts: 404 Client Error: Not Found for url: https://nsearchives.nseindia.com/content/indices/ind_niftymicrocap250list.csv
2026-07-10 20:20:40,455 WARNING Sector segment https://nsearchives.nseindia.com/content/indices/ind_niftymicrocap250list.csv failed: 404 Client Error: Not Found for url: https://nsearchives.nseindia.com/content/indices/ind_niftymicrocap250list.csv
2026-07-10 20:20:44,110 ERROR Failed to fetch NSE CSV after 3 attempts: 404 Client Error: Not Found for url: https://archives.nseindia.com/content/indices/ind_niftymicrocap250list.csv
2026-07-10 20:20:44,110 WARNING Sector segment https://archives.nseindia.com/content/indices/ind_niftymicrocap250list.csv failed: 404 Client Error: Not Found for url: https://archives.nseindia.com/content/indices/ind_niftymicrocap250list.csv
2026-07-10 20:20:44,301 INFO Prefetching missing metadata for 2 tickers...
2026-07-10 20:21:44,900 ERROR 
1 Failed download:
2026-07-10 20:21:44,900 ERROR ['SHAREINDIA.NS']: Timeout('Failed to perform, curl: (28) Operation timed out after 10002 milliseconds with 0 bytes received. See https://curl.se/libcurl/c/libcurl-errors.html first for more details.')
2026-07-10 20:23:28,718 INFO Prefetching missing metadata for 2 tickers...
