2026-04-30 00:16:57,560 INFO Background metadata worker starting...
2026-04-30 00:16:59,332 INFO Fetched 500 symbols for Nifty 500 from https://archives.nseindia.com/content/indices/ind_nifty500list.csv
2026-04-30 00:17:00,800 INFO Fetched 251 symbols for Nifty Microcap 250 from https://nsearchives.nseindia.com/content/indices/ind_niftymicrocap250_list.csv
2026-04-30 00:17:04,707 INFO Prefetching missing metadata for 751 tickers...
2026-04-30 00:17:54,339 ERROR HTTP Error 404: {"quoteSummary":{"result":null,"error":{"code":"Not Found","description":"Quote not found for symbol: DUMMYALCAR.NS"}}}
2026-04-30 00:19:19,120 INFO Background cache refresh complete for 751 symbols.
2026-04-30 00:19:22,695 INFO Prefetching missing metadata for 57 tickers...
2026-04-30 00:33:21,378 INFO Background metadata worker starting...
2026-04-30 00:33:21,472 INFO Prefetching missing metadata for 36 tickers...
2026-04-30 00:33:23,402 ERROR HTTP Error 401: {"finance":{"result":null,"error":{"code":"Unauthorized","description":"Invalid Crumb"}}}
2026-04-30 00:33:23,409 ERROR HTTP Error 401: {"finance":{"result":null,"error":{"code":"Unauthorized","description":"Invalid Crumb"}}}
2026-04-30 00:33:23,414 ERROR HTTP Error 401: {"finance":{"result":null,"error":{"code":"Unauthorized","description":"User is unable to access this feature - https://bit.ly/yahoo-finance-api-feedback"}}}
2026-04-30 00:33:23,420 ERROR HTTP Error 401: {"finance":{"result":null,"error":{"code":"Unauthorized","description":"Invalid Crumb"}}}
2026-04-30 00:33:23,424 ERROR HTTP Error 401: {"finance":{"result":null,"error":{"code":"Unauthorized","description":"User is unable to access this feature - https://bit.ly/yahoo-finance-api-feedback"}}}
2026-04-30 00:33:23,429 ERROR HTTP Error 401: {"finance":{"result":null,"error":{"code":"Unauthorized","description":"Invalid Crumb"}}}
2026-04-30 00:33:23,432 ERROR HTTP Error 401: {"finance":{"result":null,"error":{"code":"Unauthorized","description":"Invalid Crumb"}}}
2026-04-30 00:33:23,434 ERROR HTTP Error 401: {"finance":{"result":null,"error":{"code":"Unauthorized","description":"Invalid Crumb"}}}
2026-04-30 00:33:23,436 ERROR HTTP Error 401: {"finance":{"result":null,"error":{"code":"Unauthorized","description":"Invalid Crumb"}}}
2026-04-30 00:33:23,436 ERROR HTTP Error 401: {"finance":{"result":null,"error":{"code":"Unauthorized","description":"Invalid Crumb"}}}
2026-04-30 00:33:23,439 ERROR HTTP Error 401: {"finance":{"result":null,"error":{"code":"Unauthorized","description":"Invalid Crumb"}}}
2026-04-30 00:33:23,470 ERROR HTTP Error 401: {"finance":{"result":null,"error":{"code":"Unauthorized","description":"Invalid Crumb"}}}
2026-04-30 00:33:23,519 ERROR HTTP Error 401: {"finance":{"result":null,"error":{"code":"Unauthorized","description":"Invalid Crumb"}}}
2026-04-30 00:33:23,521 ERROR HTTP Error 401: {"finance":{"result":null,"error":{"code":"Unauthorized","description":"Invalid Crumb"}}}
2026-04-30 00:33:23,541 ERROR HTTP Error 401: {"finance":{"result":null,"error":{"code":"Unauthorized","description":"Invalid Crumb"}}}
2026-04-30 00:33:27,816 INFO Background cache refresh complete for 751 symbols.
2026-04-30 00:41:49,523 INFO Background metadata worker starting...
2026-04-30 00:41:49,562 INFO Prefetching missing metadata for 3 tickers...
2026-04-30 00:41:51,295 ERROR HTTP Error 401: {"finance":{"result":null,"error":{"code":"Unauthorized","description":"User is unable to access this feature - https://bit.ly/yahoo-finance-api-feedback"}}}
2026-04-30 00:41:51,296 ERROR HTTP Error 401: {"finance":{"result":null,"error":{"code":"Unauthorized","description":"User is unable to access this feature - https://bit.ly/yahoo-finance-api-feedback"}}}
2026-04-30 00:41:51,297 ERROR HTTP Error 401: {"finance":{"result":null,"error":{"code":"Unauthorized","description":"Invalid Crumb"}}}
2026-04-30 00:41:51,812 ERROR HTTP Error 401: {"finance":{"result":null,"error":{"code":"Unauthorized","description":"User is unable to access this feature - https://bit.ly/yahoo-finance-api-feedback"}}}
2026-04-30 00:41:51,817 INFO Background cache refresh complete for 751 symbols.
2026-04-30 00:44:00,609 ERROR Failed to fetch NSE CSV after 3 attempts: 404 Client Error: Not Found for url: https://nsearchives.nseindia.com/content/indices/ind_niftymicrocap250list.csv
2026-04-30 00:44:00,609 WARNING Sector segment https://nsearchives.nseindia.com/content/indices/ind_niftymicrocap250list.csv failed: 404 Client Error: Not Found for url: https://nsearchives.nseindia.com/content/indices/ind_niftymicrocap250list.csv
2026-04-30 00:44:04,124 ERROR Failed to fetch NSE CSV after 3 attempts: 404 Client Error: Not Found for url: https://archives.nseindia.com/content/indices/ind_niftymicrocap250list.csv
2026-04-30 00:44:04,125 WARNING Sector segment https://archives.nseindia.com/content/indices/ind_niftymicrocap250list.csv failed: 404 Client Error: Not Found for url: https://archives.nseindia.com/content/indices/ind_niftymicrocap250list.csv
2026-04-30 00:44:04,546 INFO Prefetching missing metadata for 3 tickers...
2026-04-30 00:44:05,072 ERROR HTTP Error 404: {"quoteSummary":{"result":null,"error":{"code":"Not Found","description":"Quote not found for symbol: DUMMYALCAR.NS"}}}
2026-04-30 00:44:56,821 ERROR 
1 Failed download:
2026-04-30 00:44:56,822 ERROR ['DUMMYALCAR.NS']: YFPricesMissingError('possibly delisted; no price data found  (period=2y) (Yahoo error = "No data found, symbol may be delisted")')
2026-04-30 01:11:15,999 INFO Background metadata worker starting...
2026-04-30 01:11:16,023 INFO Prefetching missing metadata for 3 tickers...
2026-04-30 01:11:17,471 ERROR HTTP Error 401: {"finance":{"result":null,"error":{"code":"Unauthorized","description":"Invalid Crumb"}}}
2026-04-30 01:11:17,473 ERROR HTTP Error 401: {"finance":{"result":null,"error":{"code":"Unauthorized","description":"User is unable to access this feature - https://bit.ly/yahoo-finance-api-feedback"}}}
2026-04-30 01:11:17,474 ERROR HTTP Error 401: {"finance":{"result":null,"error":{"code":"Unauthorized","description":"User is unable to access this feature - https://bit.ly/yahoo-finance-api-feedback"}}}
2026-04-30 01:11:18,146 ERROR HTTP Error 401: {"finance":{"result":null,"error":{"code":"Unauthorized","description":"User is unable to access this feature - https://bit.ly/yahoo-finance-api-feedback"}}}
2026-04-30 01:11:18,148 INFO Background cache refresh complete for 751 symbols.
2026-04-30 01:11:42,375 INFO Prefetching missing metadata for 1 tickers...
