2026-06-20 16:20:46,453 INFO Background metadata worker starting...
2026-06-20 16:20:46,589 INFO Prefetching missing metadata for 4 tickers...
2026-06-20 16:20:48,521 ERROR HTTP Error 401: {"finance":{"result":null,"error":{"code":"Unauthorized","description":"User is unable to access this feature - https://bit.ly/yahoo-finance-api-feedback"}}}
2026-06-20 16:20:48,530 ERROR HTTP Error 401: {"finance":{"result":null,"error":{"code":"Unauthorized","description":"Invalid Crumb"}}}
2026-06-20 16:20:49,479 ERROR HTTP Error 401: {"finance":{"result":null,"error":{"code":"Unauthorized","description":"User is unable to access this feature - https://bit.ly/yahoo-finance-api-feedback"}}}
2026-06-20 16:20:51,429 INFO Background cache refresh complete for 753 symbols.
2026-06-20 16:20:54,411 ERROR 
1 Failed download:
2026-06-20 16:20:54,411 ERROR ['^NSEI']: DNSError('Failed to perform, curl: (6) Could not resolve host: query2.finance.yahoo.com. See https://curl.se/libcurl/c/libcurl-errors.html first for more details.')
2026-06-20 16:24:08,740 ERROR Failed to fetch NSE CSV after 3 attempts: 404 Client Error: Not Found for url: https://nsearchives.nseindia.com/content/indices/ind_niftymicrocap250list.csv
2026-06-20 16:24:08,744 WARNING Sector segment https://nsearchives.nseindia.com/content/indices/ind_niftymicrocap250list.csv failed: 404 Client Error: Not Found for url: https://nsearchives.nseindia.com/content/indices/ind_niftymicrocap250list.csv
2026-06-20 16:24:12,560 ERROR Failed to fetch NSE CSV after 3 attempts: 404 Client Error: Not Found for url: https://archives.nseindia.com/content/indices/ind_niftymicrocap250list.csv
2026-06-20 16:24:12,586 WARNING Sector segment https://archives.nseindia.com/content/indices/ind_niftymicrocap250list.csv failed: 404 Client Error: Not Found for url: https://archives.nseindia.com/content/indices/ind_niftymicrocap250list.csv
2026-06-20 16:24:15,007 INFO Prefetching missing metadata for 3 tickers...
2026-06-20 16:24:15,809 ERROR HTTP Error 404: {"quoteSummary":{"result":null,"error":{"code":"Not Found","description":"Quote not found for symbol: DUMMYALCAR.NS"}}}
2026-06-20 16:25:22,707 ERROR 
1 Failed download:
2026-06-20 16:25:22,707 ERROR ['DUMMYALCAR.NS']: YFPricesMissingError('possibly delisted; no price data found  (period=2y) (Yahoo error = "No data found, symbol may be delisted")')
2026-06-20 16:43:28,523 INFO Background metadata worker starting...
2026-06-20 16:43:28,626 INFO Prefetching missing metadata for 3 tickers...
2026-06-20 16:43:30,742 ERROR HTTP Error 401: {"finance":{"result":null,"error":{"code":"Unauthorized","description":"Invalid Crumb"}}}
2026-06-20 16:43:30,755 ERROR HTTP Error 401: {"finance":{"result":null,"error":{"code":"Unauthorized","description":"User is unable to access this feature - https://bit.ly/yahoo-finance-api-feedback"}}}
2026-06-20 16:43:31,272 ERROR HTTP Error 401: {"finance":{"result":null,"error":{"code":"Unauthorized","description":"User is unable to access this feature - https://bit.ly/yahoo-finance-api-feedback"}}}
2026-06-20 16:43:31,274 INFO Background cache refresh complete for 753 symbols.
2026-06-20 16:43:43,883 INFO Prefetching missing metadata for 1 tickers...
2026-06-20 16:43:54,354 INFO Prefetching missing metadata for 1 tickers...
2026-06-20 16:44:01,199 INFO Prefetching missing metadata for 1 tickers...
2026-06-20 16:50:23,897 INFO Background metadata worker starting...
2026-06-20 16:50:24,017 INFO Prefetching missing metadata for 3 tickers...
2026-06-20 16:50:25,487 ERROR HTTP Error 401: {"finance":{"result":null,"error":{"code":"Unauthorized","description":"Invalid Crumb"}}}
2026-06-20 16:50:25,498 ERROR HTTP Error 401: {"finance":{"result":null,"error":{"code":"Unauthorized","description":"User is unable to access this feature - https://bit.ly/yahoo-finance-api-feedback"}}}
2026-06-20 16:50:26,060 ERROR HTTP Error 401: {"finance":{"result":null,"error":{"code":"Unauthorized","description":"User is unable to access this feature - https://bit.ly/yahoo-finance-api-feedback"}}}
2026-06-20 16:50:26,061 INFO Background cache refresh complete for 753 symbols.
2026-06-20 16:53:59,302 INFO Background metadata worker starting...
2026-06-20 16:53:59,620 INFO Prefetching missing metadata for 3 tickers...
2026-06-20 16:54:00,336 ERROR HTTP Error 404: {"quoteSummary":{"result":null,"error":{"code":"Not Found","description":"Quote not found for symbol: DUMMYALCAR.NS"}}}
2026-06-20 16:54:00,943 INFO Background cache refresh complete for 753 symbols.
2026-06-20 16:54:13,090 ERROR Failed to fetch NSE CSV after 3 attempts: 404 Client Error: Not Found for url: https://nsearchives.nseindia.com/content/indices/ind_niftymicrocap250list.csv
2026-06-20 16:54:13,090 WARNING Sector segment https://nsearchives.nseindia.com/content/indices/ind_niftymicrocap250list.csv failed: 404 Client Error: Not Found for url: https://nsearchives.nseindia.com/content/indices/ind_niftymicrocap250list.csv
2026-06-20 16:54:16,976 ERROR Failed to fetch NSE CSV after 3 attempts: 404 Client Error: Not Found for url: https://archives.nseindia.com/content/indices/ind_niftymicrocap250list.csv
2026-06-20 16:54:16,976 WARNING Sector segment https://archives.nseindia.com/content/indices/ind_niftymicrocap250list.csv failed: 404 Client Error: Not Found for url: https://archives.nseindia.com/content/indices/ind_niftymicrocap250list.csv
2026-06-20 16:54:17,294 INFO Prefetching missing metadata for 3 tickers...
2026-06-20 16:54:17,775 ERROR HTTP Error 404: {"quoteSummary":{"result":null,"error":{"code":"Not Found","description":"Quote not found for symbol: DUMMYALCAR.NS"}}}
2026-06-20 16:55:37,046 ERROR 
1 Failed download:
2026-06-20 16:55:37,048 ERROR ['DUMMYALCAR.NS']: YFPricesMissingError('possibly delisted; no price data found  (period=2y) (Yahoo error = "No data found, symbol may be delisted")')
2026-06-20 17:00:04,999 INFO Background metadata worker starting...
2026-06-20 17:00:05,060 INFO Prefetching missing metadata for 3 tickers...
2026-06-20 17:00:06,977 ERROR HTTP Error 401: {"finance":{"result":null,"error":{"code":"Unauthorized","description":"User is unable to access this feature - https://bit.ly/yahoo-finance-api-feedback"}}}
2026-06-20 17:00:07,106 ERROR HTTP Error 404: {"quoteSummary":{"result":null,"error":{"code":"Not Found","description":"Quote not found for symbol: DUMMYALCAR.NS"}}}
2026-06-20 17:00:07,591 ERROR HTTP Error 401: {"finance":{"result":null,"error":{"code":"Unauthorized","description":"User is unable to access this feature - https://bit.ly/yahoo-finance-api-feedback"}}}
2026-06-20 17:00:08,565 INFO Background cache refresh complete for 753 symbols.
2026-06-20 17:00:13,419 INFO Prefetching missing metadata for 1 tickers...
2026-06-20 17:03:15,479 INFO Background metadata worker starting...
2026-06-20 17:03:15,665 INFO Prefetching missing metadata for 3 tickers...
2026-06-20 17:03:16,402 ERROR HTTP Error 404: {"quoteSummary":{"result":null,"error":{"code":"Not Found","description":"Quote not found for symbol: DUMMYALCAR.NS"}}}
2026-06-20 17:03:16,772 INFO Background cache refresh complete for 753 symbols.
2026-06-20 17:04:40,891 INFO Background metadata worker starting...
2026-06-20 17:04:41,165 INFO Prefetching missing metadata for 3 tickers...
2026-06-20 17:04:42,059 ERROR HTTP Error 404: {"quoteSummary":{"result":null,"error":{"code":"Not Found","description":"Quote not found for symbol: DUMMYALCAR.NS"}}}
2026-06-20 17:04:42,469 INFO Background cache refresh complete for 753 symbols.
2026-06-20 17:10:52,765 INFO Background metadata worker starting...
2026-06-20 17:10:53,229 INFO Prefetching missing metadata for 3 tickers...
2026-06-20 17:10:56,091 ERROR HTTP Error 404: {"quoteSummary":{"result":null,"error":{"code":"Not Found","description":"Quote not found for symbol: DUMMYALCAR.NS"}}}
2026-06-20 17:10:56,835 ERROR HTTP Error 401: {"finance":{"result":null,"error":{"code":"Unauthorized","description":"User is unable to access this feature - https://bit.ly/yahoo-finance-api-feedback"}}}
2026-06-20 17:10:56,838 INFO Background cache refresh complete for 753 symbols.
2026-06-20 17:13:57,114 INFO Background metadata worker starting...
2026-06-20 17:13:57,161 INFO Prefetching missing metadata for 3 tickers...
2026-06-20 17:13:59,536 ERROR HTTP Error 401: {"finance":{"result":null,"error":{"code":"Unauthorized","description":"User is unable to access this feature - https://bit.ly/yahoo-finance-api-feedback"}}}
2026-06-20 17:13:59,538 ERROR HTTP Error 401: {"finance":{"result":null,"error":{"code":"Unauthorized","description":"User is unable to access this feature - https://bit.ly/yahoo-finance-api-feedback"}}}
2026-06-20 17:13:59,541 ERROR HTTP Error 404: {"quoteSummary":{"result":null,"error":{"code":"Not Found","description":"Quote not found for symbol: DUMMYALCAR.NS"}}}
2026-06-20 17:14:00,164 ERROR HTTP Error 401: {"finance":{"result":null,"error":{"code":"Unauthorized","description":"User is unable to access this feature - https://bit.ly/yahoo-finance-api-feedback"}}}
2026-06-20 17:14:00,168 INFO Background cache refresh complete for 753 symbols.
2026-06-20 17:22:26,938 INFO Background metadata worker starting...
2026-06-20 17:22:27,274 INFO Prefetching missing metadata for 3 tickers...
2026-06-20 17:22:28,286 ERROR HTTP Error 404: {"quoteSummary":{"result":null,"error":{"code":"Not Found","description":"Quote not found for symbol: DUMMYALCAR.NS"}}}
2026-06-20 17:22:28,839 INFO Background cache refresh complete for 753 symbols.
2026-06-20 17:23:43,066 INFO Background metadata worker starting...
2026-06-20 17:23:43,202 INFO Prefetching missing metadata for 3 tickers...
2026-06-20 17:23:44,072 ERROR HTTP Error 404: {"quoteSummary":{"result":null,"error":{"code":"Not Found","description":"Quote not found for symbol: DUMMYALCAR.NS"}}}
2026-06-20 17:23:44,374 INFO Background cache refresh complete for 753 symbols.
2026-06-20 17:23:49,545 INFO Background metadata worker starting...
2026-06-20 17:23:49,598 INFO Prefetching missing metadata for 3 tickers...
2026-06-20 17:23:50,141 ERROR HTTP Error 404: {"quoteSummary":{"result":null,"error":{"code":"Not Found","description":"Quote not found for symbol: DUMMYALCAR.NS"}}}
2026-06-20 17:23:50,231 INFO Background cache refresh complete for 753 symbols.
2026-06-20 17:23:50,706 INFO Prefetching missing metadata for 1 tickers...
2026-06-20 17:26:53,418 INFO Background metadata worker starting...
2026-06-20 17:26:53,757 INFO Prefetching missing metadata for 3 tickers...
2026-06-20 17:26:54,369 ERROR HTTP Error 404: {"quoteSummary":{"result":null,"error":{"code":"Not Found","description":"Quote not found for symbol: DUMMYALCAR.NS"}}}
2026-06-20 17:26:54,533 INFO Background cache refresh complete for 753 symbols.
2026-06-20 17:27:05,312 INFO Prefetching missing metadata for 1 tickers...
2026-06-20 17:29:22,301 INFO Background metadata worker starting...
2026-06-20 17:29:22,431 INFO Prefetching missing metadata for 3 tickers...
2026-06-20 17:29:23,171 ERROR HTTP Error 404: {"quoteSummary":{"result":null,"error":{"code":"Not Found","description":"Quote not found for symbol: DUMMYALCAR.NS"}}}
2026-06-20 17:29:23,446 INFO Background cache refresh complete for 753 symbols.
2026-06-20 17:33:53,563 INFO Background metadata worker starting...
2026-06-20 17:33:53,900 INFO Prefetching missing metadata for 3 tickers...
2026-06-20 17:33:54,464 ERROR HTTP Error 404: {"quoteSummary":{"result":null,"error":{"code":"Not Found","description":"Quote not found for symbol: DUMMYALCAR.NS"}}}
2026-06-20 17:33:54,575 INFO Background cache refresh complete for 753 symbols.
2026-06-20 17:37:13,214 INFO Prefetching missing metadata for 1 tickers...
2026-06-20 17:44:53,824 INFO Background metadata worker starting...
2026-06-20 17:44:53,910 INFO Prefetching missing metadata for 3 tickers...
2026-06-20 17:44:55,408 ERROR HTTP Error 401: {"finance":{"result":null,"error":{"code":"Unauthorized","description":"Invalid Crumb"}}}
2026-06-20 17:44:55,904 ERROR HTTP Error 401: {"finance":{"result":null,"error":{"code":"Unauthorized","description":"User is unable to access this feature - https://bit.ly/yahoo-finance-api-feedback"}}}
2026-06-20 17:44:55,907 ERROR HTTP Error 401: {"finance":{"result":null,"error":{"code":"Unauthorized","description":"User is unable to access this feature - https://bit.ly/yahoo-finance-api-feedback"}}}
2026-06-20 17:44:55,910 INFO Background cache refresh complete for 753 symbols.
2026-06-20 17:45:17,660 INFO Prefetching missing metadata for 1 tickers...
2026-06-20 17:59:04,528 INFO Background metadata worker starting...
2026-06-20 17:59:04,563 INFO Prefetching missing metadata for 3 tickers...
2026-06-20 17:59:05,795 ERROR HTTP Error 401: {"finance":{"result":null,"error":{"code":"Unauthorized","description":"Invalid Crumb"}}}
2026-06-20 17:59:05,811 ERROR HTTP Error 401: {"finance":{"result":null,"error":{"code":"Unauthorized","description":"Invalid Crumb"}}}
2026-06-20 17:59:06,598 ERROR HTTP Error 404: {"quoteSummary":{"result":null,"error":{"code":"Not Found","description":"Quote not found for symbol: DUMMYALCAR.NS"}}}
2026-06-20 17:59:07,146 ERROR HTTP Error 401: {"finance":{"result":null,"error":{"code":"Unauthorized","description":"User is unable to access this feature - https://bit.ly/yahoo-finance-api-feedback"}}}
2026-06-20 17:59:07,154 INFO Background cache refresh complete for 753 symbols.
2026-06-20 18:00:18,182 ERROR Failed to fetch NSE CSV after 3 attempts: 404 Client Error: Not Found for url: https://nsearchives.nseindia.com/content/indices/ind_niftymicrocap250list.csv
2026-06-20 18:00:18,183 WARNING Sector segment https://nsearchives.nseindia.com/content/indices/ind_niftymicrocap250list.csv failed: 404 Client Error: Not Found for url: https://nsearchives.nseindia.com/content/indices/ind_niftymicrocap250list.csv
2026-06-20 18:00:21,759 ERROR Failed to fetch NSE CSV after 3 attempts: 404 Client Error: Not Found for url: https://archives.nseindia.com/content/indices/ind_niftymicrocap250list.csv
2026-06-20 18:00:21,759 WARNING Sector segment https://archives.nseindia.com/content/indices/ind_niftymicrocap250list.csv failed: 404 Client Error: Not Found for url: https://archives.nseindia.com/content/indices/ind_niftymicrocap250list.csv
2026-06-20 18:00:22,013 INFO Prefetching missing metadata for 3 tickers...
2026-06-20 18:00:22,613 ERROR HTTP Error 404: {"quoteSummary":{"result":null,"error":{"code":"Not Found","description":"Quote not found for symbol: DUMMYALCAR.NS"}}}
2026-06-20 18:01:35,272 ERROR 
1 Failed download:
2026-06-20 18:01:35,273 ERROR ['DUMMYALCAR.NS']: YFPricesMissingError('possibly delisted; no price data found  (period=2y) (Yahoo error = "No data found, symbol may be delisted")')
2026-06-20 18:05:39,921 INFO Background metadata worker starting...
2026-06-20 18:05:40,002 INFO Prefetching missing metadata for 3 tickers...
2026-06-20 18:05:42,011 ERROR HTTP Error 401: {"finance":{"result":null,"error":{"code":"Unauthorized","description":"Invalid Crumb"}}}
2026-06-20 18:05:42,013 ERROR HTTP Error 401: {"finance":{"result":null,"error":{"code":"Unauthorized","description":"User is unable to access this feature - https://bit.ly/yahoo-finance-api-feedback"}}}
2026-06-20 18:05:42,223 ERROR HTTP Error 401: {"finance":{"result":null,"error":{"code":"Unauthorized","description":"User is unable to access this feature - https://bit.ly/yahoo-finance-api-feedback"}}}
2026-06-20 18:05:42,836 ERROR HTTP Error 401: {"finance":{"result":null,"error":{"code":"Unauthorized","description":"User is unable to access this feature - https://bit.ly/yahoo-finance-api-feedback"}}}
2026-06-20 18:05:42,859 INFO Background cache refresh complete for 753 symbols.
2026-06-20 18:07:54,019 INFO Background metadata worker starting...
2026-06-20 18:07:54,322 INFO Prefetching missing metadata for 3 tickers...
2026-06-20 18:07:55,121 ERROR HTTP Error 404: {"quoteSummary":{"result":null,"error":{"code":"Not Found","description":"Quote not found for symbol: DUMMYALCAR.NS"}}}
2026-06-20 18:07:55,383 INFO Background cache refresh complete for 753 symbols.
2026-06-20 18:21:34,875 INFO Background metadata worker starting...
2026-06-20 18:21:35,113 INFO Prefetching missing metadata for 3 tickers...
2026-06-20 18:21:37,185 ERROR HTTP Error 401: {"finance":{"result":null,"error":{"code":"Unauthorized","description":"Invalid Crumb"}}}
2026-06-20 18:21:37,825 ERROR HTTP Error 401: {"finance":{"result":null,"error":{"code":"Unauthorized","description":"User is unable to access this feature - https://bit.ly/yahoo-finance-api-feedback"}}}
2026-06-20 18:21:37,846 INFO Background cache refresh complete for 753 symbols.
2026-06-20 18:22:22,789 ERROR Failed to fetch NSE CSV after 3 attempts: 404 Client Error: Not Found for url: https://nsearchives.nseindia.com/content/indices/ind_niftymicrocap250list.csv
2026-06-20 18:22:22,789 WARNING Sector segment https://nsearchives.nseindia.com/content/indices/ind_niftymicrocap250list.csv failed: 404 Client Error: Not Found for url: https://nsearchives.nseindia.com/content/indices/ind_niftymicrocap250list.csv
2026-06-20 18:22:26,466 ERROR Failed to fetch NSE CSV after 3 attempts: 404 Client Error: Not Found for url: https://archives.nseindia.com/content/indices/ind_niftymicrocap250list.csv
2026-06-20 18:22:26,467 WARNING Sector segment https://archives.nseindia.com/content/indices/ind_niftymicrocap250list.csv failed: 404 Client Error: Not Found for url: https://archives.nseindia.com/content/indices/ind_niftymicrocap250list.csv
2026-06-20 18:22:26,867 INFO Prefetching missing metadata for 3 tickers...
2026-06-20 18:22:27,409 ERROR HTTP Error 404: {"quoteSummary":{"result":null,"error":{"code":"Not Found","description":"Quote not found for symbol: DUMMYALCAR.NS"}}}
2026-06-20 18:23:40,270 ERROR 
1 Failed download:
2026-06-20 18:23:40,273 ERROR ['DUMMYALCAR.NS']: YFPricesMissingError('possibly delisted; no price data found  (period=2y) (Yahoo error = "No data found, symbol may be delisted")')
2026-06-20 18:26:39,228 INFO Background metadata worker starting...
2026-06-20 18:26:39,393 INFO Prefetching missing metadata for 3 tickers...
2026-06-20 18:26:40,073 ERROR HTTP Error 404: {"quoteSummary":{"result":null,"error":{"code":"Not Found","description":"Quote not found for symbol: DUMMYALCAR.NS"}}}
2026-06-20 18:26:41,292 INFO Background cache refresh complete for 753 symbols.
2026-06-20 18:56:04,816 INFO Background metadata worker starting...
2026-06-20 18:56:05,016 INFO Prefetching missing metadata for 3 tickers...
2026-06-20 18:56:06,472 ERROR HTTP Error 401: {"finance":{"result":null,"error":{"code":"Unauthorized","description":"User is unable to access this feature - https://bit.ly/yahoo-finance-api-feedback"}}}
2026-06-20 18:56:06,563 ERROR HTTP Error 401: {"finance":{"result":null,"error":{"code":"Unauthorized","description":"User is unable to access this feature - https://bit.ly/yahoo-finance-api-feedback"}}}
2026-06-20 18:56:06,591 ERROR HTTP Error 401: {"finance":{"result":null,"error":{"code":"Unauthorized","description":"Invalid Crumb"}}}
2026-06-20 18:56:07,484 ERROR HTTP Error 401: {"finance":{"result":null,"error":{"code":"Unauthorized","description":"User is unable to access this feature - https://bit.ly/yahoo-finance-api-feedback"}}}
2026-06-20 18:56:07,497 INFO Background cache refresh complete for 753 symbols.
2026-06-20 18:56:20,730 INFO Prefetching missing metadata for 1 tickers...
2026-06-20 18:56:56,706 INFO Background metadata worker starting...
2026-06-20 18:56:57,128 INFO Prefetching missing metadata for 3 tickers...
2026-06-20 18:56:57,795 ERROR HTTP Error 404: {"quoteSummary":{"result":null,"error":{"code":"Not Found","description":"Quote not found for symbol: DUMMYALCAR.NS"}}}
2026-06-20 18:56:58,602 INFO Background cache refresh complete for 753 symbols.
2026-06-20 18:57:01,633 INFO Background metadata worker starting...
2026-06-20 18:57:01,760 INFO Prefetching missing metadata for 3 tickers...
2026-06-20 18:57:02,895 ERROR HTTP Error 404: {"quoteSummary":{"result":null,"error":{"code":"Not Found","description":"Quote not found for symbol: DUMMYALCAR.NS"}}}
2026-06-20 18:57:03,128 INFO Background cache refresh complete for 753 symbols.
2026-06-20 18:57:05,475 INFO Background metadata worker starting...
2026-06-20 18:57:05,628 INFO Prefetching missing metadata for 3 tickers...
2026-06-20 18:57:06,692 ERROR HTTP Error 404: {"quoteSummary":{"result":null,"error":{"code":"Not Found","description":"Quote not found for symbol: DUMMYALCAR.NS"}}}
2026-06-20 18:57:06,797 INFO Background cache refresh complete for 753 symbols.
2026-06-20 18:57:10,376 ERROR Failed to fetch NSE CSV after 3 attempts: 404 Client Error: Not Found for url: https://nsearchives.nseindia.com/content/indices/ind_niftymicrocap250list.csv
2026-06-20 18:57:10,376 WARNING Sector segment https://nsearchives.nseindia.com/content/indices/ind_niftymicrocap250list.csv failed: 404 Client Error: Not Found for url: https://nsearchives.nseindia.com/content/indices/ind_niftymicrocap250list.csv
2026-06-20 18:57:13,997 ERROR Failed to fetch NSE CSV after 3 attempts: 404 Client Error: Not Found for url: https://archives.nseindia.com/content/indices/ind_niftymicrocap250list.csv
2026-06-20 18:57:13,998 WARNING Sector segment https://archives.nseindia.com/content/indices/ind_niftymicrocap250list.csv failed: 404 Client Error: Not Found for url: https://archives.nseindia.com/content/indices/ind_niftymicrocap250list.csv
2026-06-20 18:57:14,341 INFO Prefetching missing metadata for 3 tickers...
2026-06-20 18:57:15,438 ERROR HTTP Error 404: {"quoteSummary":{"result":null,"error":{"code":"Not Found","description":"Quote not found for symbol: DUMMYALCAR.NS"}}}
2026-06-20 18:59:03,955 INFO Background metadata worker starting...
2026-06-20 18:59:04,122 INFO Prefetching missing metadata for 3 tickers...
2026-06-20 18:59:06,608 ERROR HTTP Error 401: {"finance":{"result":null,"error":{"code":"Unauthorized","description":"User is unable to access this feature - https://bit.ly/yahoo-finance-api-feedback"}}}
2026-06-20 18:59:06,610 ERROR HTTP Error 401: {"finance":{"result":null,"error":{"code":"Unauthorized","description":"User is unable to access this feature - https://bit.ly/yahoo-finance-api-feedback"}}}
2026-06-20 18:59:06,967 ERROR HTTP Error 401: {"finance":{"result":null,"error":{"code":"Unauthorized","description":"Invalid Crumb"}}}
2026-06-20 18:59:07,855 INFO Background cache refresh complete for 753 symbols.
2026-06-20 18:59:12,682 INFO Prefetching missing metadata for 1 tickers...
2026-06-20 19:04:46,461 INFO Background metadata worker starting...
2026-06-20 19:04:46,574 INFO Prefetching missing metadata for 3 tickers...
2026-06-20 19:04:47,991 ERROR HTTP Error 404: {"quoteSummary":{"result":null,"error":{"code":"Not Found","description":"Quote not found for symbol: DUMMYALCAR.NS"}}}
2026-06-20 19:04:48,541 ERROR HTTP Error 401: {"finance":{"result":null,"error":{"code":"Unauthorized","description":"User is unable to access this feature - https://bit.ly/yahoo-finance-api-feedback"}}}
2026-06-20 19:04:48,546 INFO Background cache refresh complete for 753 symbols.
2026-06-20 19:04:51,572 INFO Prefetching missing metadata for 1 tickers...
2026-06-20 19:10:59,692 INFO Background metadata worker starting...
2026-06-20 19:10:59,791 INFO Prefetching missing metadata for 3 tickers...
2026-06-20 19:11:01,341 ERROR HTTP Error 404: {"quoteSummary":{"result":null,"error":{"code":"Not Found","description":"Quote not found for symbol: DUMMYALCAR.NS"}}}
2026-06-20 19:11:01,753 INFO Background cache refresh complete for 753 symbols.
2026-06-20 19:15:25,067 INFO Background metadata worker starting...
2026-06-20 19:15:25,166 INFO Prefetching missing metadata for 3 tickers...
2026-06-20 19:15:26,980 ERROR HTTP Error 401: {"finance":{"result":null,"error":{"code":"Unauthorized","description":"User is unable to access this feature - https://bit.ly/yahoo-finance-api-feedback"}}}
2026-06-20 19:15:26,985 ERROR HTTP Error 401: {"finance":{"result":null,"error":{"code":"Unauthorized","description":"Invalid Crumb"}}}
2026-06-20 19:15:27,541 ERROR HTTP Error 401: {"finance":{"result":null,"error":{"code":"Unauthorized","description":"User is unable to access this feature - https://bit.ly/yahoo-finance-api-feedback"}}}
2026-06-20 19:15:27,543 INFO Background cache refresh complete for 753 symbols.
2026-06-20 19:22:31,723 INFO Background metadata worker starting...
2026-06-20 19:22:31,843 INFO Prefetching missing metadata for 3 tickers...
2026-06-20 19:22:33,739 ERROR HTTP Error 404: {"quoteSummary":{"result":null,"error":{"code":"Not Found","description":"Quote not found for symbol: DUMMYALCAR.NS"}}}
2026-06-20 19:22:34,407 ERROR HTTP Error 401: {"finance":{"result":null,"error":{"code":"Unauthorized","description":"User is unable to access this feature - https://bit.ly/yahoo-finance-api-feedback"}}}
2026-06-20 19:22:34,409 INFO Background cache refresh complete for 753 symbols.
2026-06-20 19:23:13,421 INFO Background metadata worker starting...
2026-06-20 19:23:13,803 INFO Prefetching missing metadata for 3 tickers...
2026-06-20 19:23:14,909 ERROR HTTP Error 404: {"quoteSummary":{"result":null,"error":{"code":"Not Found","description":"Quote not found for symbol: DUMMYALCAR.NS"}}}
2026-06-20 19:23:15,352 INFO Background cache refresh complete for 753 symbols.
2026-06-20 19:26:12,225 INFO Background metadata worker starting...
2026-06-20 19:26:12,339 INFO Prefetching missing metadata for 3 tickers...
2026-06-20 19:26:14,079 ERROR HTTP Error 404: {"quoteSummary":{"result":null,"error":{"code":"Not Found","description":"Quote not found for symbol: DUMMYALCAR.NS"}}}
2026-06-20 19:26:14,821 ERROR HTTP Error 401: {"finance":{"result":null,"error":{"code":"Unauthorized","description":"User is unable to access this feature - https://bit.ly/yahoo-finance-api-feedback"}}}
2026-06-20 19:26:14,824 INFO Background cache refresh complete for 753 symbols.
2026-06-20 19:26:19,976 INFO Background metadata worker starting...
2026-06-20 19:26:20,215 INFO Prefetching missing metadata for 3 tickers...
2026-06-20 19:26:20,994 ERROR HTTP Error 404: {"quoteSummary":{"result":null,"error":{"code":"Not Found","description":"Quote not found for symbol: DUMMYALCAR.NS"}}}
2026-06-20 19:26:21,290 INFO Background cache refresh complete for 753 symbols.
2026-06-20 19:27:11,471 INFO Background metadata worker starting...
2026-06-20 19:27:11,578 INFO Prefetching missing metadata for 3 tickers...
2026-06-20 19:27:13,622 ERROR HTTP Error 401: {"finance":{"result":null,"error":{"code":"Unauthorized","description":"Invalid Crumb"}}}
2026-06-20 19:27:14,479 INFO Background cache refresh complete for 753 symbols.
2026-06-20 19:35:39,865 INFO Background metadata worker starting...
2026-06-20 19:35:39,964 INFO Prefetching missing metadata for 3 tickers...
2026-06-20 19:35:41,867 ERROR HTTP Error 401: {"finance":{"result":null,"error":{"code":"Unauthorized","description":"Invalid Crumb"}}}
2026-06-20 19:35:42,793 ERROR HTTP Error 401: {"finance":{"result":null,"error":{"code":"Unauthorized","description":"User is unable to access this feature - https://bit.ly/yahoo-finance-api-feedback"}}}
2026-06-20 19:35:42,796 INFO Background cache refresh complete for 753 symbols.
2026-06-20 19:44:01,363 INFO Background metadata worker starting...
2026-06-20 19:44:01,401 INFO Prefetching missing metadata for 3 tickers...
2026-06-20 19:44:03,447 ERROR HTTP Error 401: {"finance":{"result":null,"error":{"code":"Unauthorized","description":"User is unable to access this feature - https://bit.ly/yahoo-finance-api-feedback"}}}
2026-06-20 19:44:03,454 ERROR HTTP Error 401: {"finance":{"result":null,"error":{"code":"Unauthorized","description":"User is unable to access this feature - https://bit.ly/yahoo-finance-api-feedback"}}}
2026-06-20 19:44:03,470 ERROR HTTP Error 401: {"finance":{"result":null,"error":{"code":"Unauthorized","description":"Invalid Crumb"}}}
2026-06-20 19:44:03,938 ERROR HTTP Error 401: {"finance":{"result":null,"error":{"code":"Unauthorized","description":"User is unable to access this feature - https://bit.ly/yahoo-finance-api-feedback"}}}
2026-06-20 19:44:03,942 INFO Background cache refresh complete for 753 symbols.
2026-06-20 20:06:25,557 INFO Background metadata worker starting...
2026-06-20 20:06:25,655 INFO Prefetching missing metadata for 3 tickers...
2026-06-20 20:06:27,386 ERROR HTTP Error 401: {"finance":{"result":null,"error":{"code":"Unauthorized","description":"User is unable to access this feature - https://bit.ly/yahoo-finance-api-feedback"}}}
2026-06-20 20:06:27,803 ERROR HTTP Error 401: {"finance":{"result":null,"error":{"code":"Unauthorized","description":"Invalid Crumb"}}}
2026-06-20 20:06:29,241 INFO Background cache refresh complete for 753 symbols.
2026-06-20 20:06:34,481 INFO Prefetching missing metadata for 1 tickers...
2026-06-20 20:15:10,199 INFO Background metadata worker starting...
2026-06-20 20:15:10,234 INFO Prefetching missing metadata for 3 tickers...
2026-06-20 20:15:12,071 ERROR HTTP Error 401: {"finance":{"result":null,"error":{"code":"Unauthorized","description":"Invalid Crumb"}}}
2026-06-20 20:15:12,170 ERROR HTTP Error 401: {"finance":{"result":null,"error":{"code":"Unauthorized","description":"User is unable to access this feature - https://bit.ly/yahoo-finance-api-feedback"}}}
2026-06-20 20:15:12,986 ERROR HTTP Error 401: {"finance":{"result":null,"error":{"code":"Unauthorized","description":"User is unable to access this feature - https://bit.ly/yahoo-finance-api-feedback"}}}
2026-06-20 20:15:13,208 INFO Background cache refresh complete for 753 symbols.
2026-06-20 20:27:11,246 INFO Background metadata worker starting...
2026-06-20 20:27:11,362 INFO Prefetching missing metadata for 3 tickers...
2026-06-20 20:27:12,922 ERROR HTTP Error 401: {"finance":{"result":null,"error":{"code":"Unauthorized","description":"Invalid Crumb"}}}
2026-06-20 20:27:14,369 ERROR HTTP Error 401: {"finance":{"result":null,"error":{"code":"Unauthorized","description":"User is unable to access this feature - https://bit.ly/yahoo-finance-api-feedback"}}}
2026-06-20 20:27:14,375 INFO Background cache refresh complete for 753 symbols.
2026-06-20 20:33:17,990 INFO Background metadata worker starting...
2026-06-20 20:33:18,079 INFO Prefetching missing metadata for 3 tickers...
2026-06-20 20:33:19,834 ERROR HTTP Error 401: {"finance":{"result":null,"error":{"code":"Unauthorized","description":"User is unable to access this feature - https://bit.ly/yahoo-finance-api-feedback"}}}
2026-06-20 20:33:19,940 ERROR HTTP Error 401: {"finance":{"result":null,"error":{"code":"Unauthorized","description":"Invalid Crumb"}}}
2026-06-20 20:33:21,037 INFO Background cache refresh complete for 753 symbols.
