2026-04-17 00:14:54,962 ERROR HTTP Error 404: Not Found{"quoteSummary":{"result":null,"error":{"code":"Not Found","description":"Quote not found for symbol: DUMMYALCAR.NS"}}}
2026-04-17 00:14:55,431 ERROR $DUMMYALCAR.NS: possibly delisted; no price data found  (period=2y) (Yahoo error = "No data found, symbol may be delisted")
2026-04-17 00:14:55,438 ERROR 
1 Failed download:
2026-04-17 00:14:55,438 ERROR ['DUMMYALCAR.NS']: possibly delisted; no price data found  (period=2y) (Yahoo error = "No data found, symbol may be delisted")
2026-04-17 00:16:28,162 ERROR HTTP Error 404: Not Found{"quoteSummary":{"result":null,"error":{"code":"Not Found","description":"Quote not found for symbol: DUMMYALCAR.NS"}}}
2026-04-17 00:16:29,027 ERROR $DUMMYALCAR.NS: possibly delisted; no price data found  (period=2y) (Yahoo error = "No data found, symbol may be delisted")
2026-04-17 00:16:29,035 ERROR 
1 Failed download:
2026-04-17 00:16:29,035 ERROR ['DUMMYALCAR.NS']: possibly delisted; no price data found  (period=2y) (Yahoo error = "No data found, symbol may be delisted")
2026-04-17 00:32:45,439 ERROR HTTP Error 404: Not Found{"quoteSummary":{"result":null,"error":{"code":"Not Found","description":"Quote not found for symbol: DUMMYALCAR.NS"}}}
2026-04-17 00:32:46,252 ERROR $DUMMYALCAR.NS: possibly delisted; no price data found  (period=2y) (Yahoo error = "No data found, symbol may be delisted")
2026-04-17 00:32:46,811 ERROR 
1 Failed download:
2026-04-17 00:32:46,811 ERROR ['DUMMYALCAR.NS']: possibly delisted; no price data found  (period=2y) (Yahoo error = "No data found, symbol may be delisted")
2026-04-17 00:34:29,296 ERROR HTTP Error 404: Not Found{"quoteSummary":{"result":null,"error":{"code":"Not Found","description":"Quote not found for symbol: DUMMYALCAR.NS"}}}
2026-04-17 00:34:30,166 ERROR $DUMMYALCAR.NS: possibly delisted; no price data found  (period=2y) (Yahoo error = "No data found, symbol may be delisted")
2026-04-17 00:34:31,665 ERROR 
1 Failed download:
2026-04-17 00:34:31,665 ERROR ['DUMMYALCAR.NS']: possibly delisted; no price data found  (period=2y) (Yahoo error = "No data found, symbol may be delisted")
2026-04-17 00:59:26,323 ERROR HTTP Error 404: Not Found{"quoteSummary":{"result":null,"error":{"code":"Not Found","description":"Quote not found for symbol: DUMMYALCAR.NS"}}}
2026-04-17 00:59:28,021 ERROR $DUMMYALCAR.NS: possibly delisted; no price data found  (period=2y) (Yahoo error = "No data found, symbol may be delisted")
2026-04-17 00:59:28,796 ERROR 
1 Failed download:
2026-04-17 00:59:28,796 ERROR ['DUMMYALCAR.NS']: possibly delisted; no price data found  (period=2y) (Yahoo error = "No data found, symbol may be delisted")
2026-04-17 01:00:54,497 ERROR HTTP Error 404: Not Found{"quoteSummary":{"result":null,"error":{"code":"Not Found","description":"Quote not found for symbol: DUMMYALCAR.NS"}}}
2026-04-17 01:00:55,215 ERROR $DUMMYALCAR.NS: possibly delisted; no price data found  (period=2y) (Yahoo error = "No data found, symbol may be delisted")
2026-04-17 01:00:56,224 ERROR 
1 Failed download:
2026-04-17 01:00:56,224 ERROR ['DUMMYALCAR.NS']: possibly delisted; no price data found  (period=2y) (Yahoo error = "No data found, symbol may be delisted")
