2026-04-29 00:22:18,520 INFO Background metadata worker starting...
2026-04-29 00:22:18,549 INFO Prefetching missing metadata for 3 tickers...
2026-04-29 00:22:21,803 ERROR HTTP Error 401: {"finance":{"result":null,"error":{"code":"Unauthorized","description":"User is unable to access this feature - https://bit.ly/yahoo-finance-api-feedback"}}}
2026-04-29 00:22:21,810 ERROR HTTP Error 401: {"finance":{"result":null,"error":{"code":"Unauthorized","description":"User is unable to access this feature - https://bit.ly/yahoo-finance-api-feedback"}}}
2026-04-29 00:22:21,918 ERROR HTTP Error 401: {"finance":{"result":null,"error":{"code":"Unauthorized","description":"Invalid Crumb"}}}
2026-04-29 00:22:22,521 ERROR HTTP Error 401: {"finance":{"result":null,"error":{"code":"Unauthorized","description":"User is unable to access this feature - https://bit.ly/yahoo-finance-api-feedback"}}}
2026-04-29 00:22:22,526 INFO Background cache refresh complete for 751 symbols.
2026-04-29 00:22:26,417 INFO Prefetching missing metadata for 1 tickers...
2026-04-29 00:22:46,906 ERROR Error in ABDL.NS: The truth value of a Series is ambiguous. Use a.empty, a.bool(), a.item(), a.any() or a.all().
2026-04-29 00:22:46,930 ERROR Error in ABSLAMC.NS: The truth value of a Series is ambiguous. Use a.empty, a.bool(), a.item(), a.any() or a.all().
2026-04-29 00:22:46,958 ERROR Error in AEGISVOPAK.NS: The truth value of a Series is ambiguous. Use a.empty, a.bool(), a.item(), a.any() or a.all().
2026-04-29 00:22:46,967 ERROR Error in AIIL.NS: The truth value of a Series is ambiguous. Use a.empty, a.bool(), a.item(), a.any() or a.all().
2026-04-29 00:22:46,995 ERROR Error in AEGISLOG.NS: The truth value of a Series is ambiguous. Use a.empty, a.bool(), a.item(), a.any() or a.all().
2026-04-29 00:22:47,010 ERROR Error in AFFLE.NS: The truth value of a Series is ambiguous. Use a.empty, a.bool(), a.item(), a.any() or a.all().
2026-04-29 00:22:47,047 ERROR Error in ADANIPOWER.NS: The truth value of a Series is ambiguous. Use a.empty, a.bool(), a.item(), a.any() or a.all().
2026-04-29 00:22:47,061 ERROR Error in AMBER.NS: The truth value of a Series is ambiguous. Use a.empty, a.bool(), a.item(), a.any() or a.all().
2026-04-29 00:22:47,090 ERROR Error in ASHOKLEY.NS: The truth value of a Series is ambiguous. Use a.empty, a.bool(), a.item(), a.any() or a.all().
2026-04-29 00:22:47,105 ERROR Error in APOLLOHOSP.NS: The truth value of a Series is ambiguous. Use a.empty, a.bool(), a.item(), a.any() or a.all().
2026-04-29 00:22:47,133 ERROR Error in APTUS.NS: The truth value of a Series is ambiguous. Use a.empty, a.bool(), a.item(), a.any() or a.all().
2026-04-29 00:22:47,142 ERROR Error in BIKAJI.NS: The truth value of a Series is ambiguous. Use a.empty, a.bool(), a.item(), a.any() or a.all().
2026-04-29 00:22:47,146 ERROR Error in BAYERCROP.NS: The truth value of a Series is ambiguous. Use a.empty, a.bool(), a.item(), a.any() or a.all().
2026-04-29 00:22:47,192 ERROR Error in FORCEMOT.NS: The truth value of a Series is ambiguous. Use a.empty, a.bool(), a.item(), a.any() or a.all().
2026-04-29 00:22:47,207 ERROR Error in CDSL.NS: The truth value of a Series is ambiguous. Use a.empty, a.bool(), a.item(), a.any() or a.all().
2026-04-29 00:22:47,222 ERROR Error in APARINDS.NS: The truth value of a Series is ambiguous. Use a.empty, a.bool(), a.item(), a.any() or a.all().
2026-04-29 00:22:47,229 ERROR Error in ATUL.NS: The truth value of a Series is ambiguous. Use a.empty, a.bool(), a.item(), a.any() or a.all().
2026-04-29 00:22:47,271 ERROR Error in BRIGADE.NS: The truth value of a Series is ambiguous. Use a.empty, a.bool(), a.item(), a.any() or a.all().
2026-04-29 00:22:47,291 ERROR Error in BHARATFORG.NS: The truth value of a Series is ambiguous. Use a.empty, a.bool(), a.item(), a.any() or a.all().
2026-04-29 00:22:47,302 ERROR Error in BAJAJHLDNG.NS: The truth value of a Series is ambiguous. Use a.empty, a.bool(), a.item(), a.any() or a.all().
2026-04-29 00:22:47,309 ERROR Error in CGCL.NS: The truth value of a Series is ambiguous. Use a.empty, a.bool(), a.item(), a.any() or a.all().
2026-04-29 00:22:47,322 ERROR Error in BALKRISIND.NS: The truth value of a Series is ambiguous. Use a.empty, a.bool(), a.item(), a.any() or a.all().
2026-04-29 00:22:47,325 ERROR Error in BSOFT.NS: The truth value of a Series is ambiguous. Use a.empty, a.bool(), a.item(), a.any() or a.all().
2026-04-29 00:22:47,331 ERROR Error in ENGINERSIN.NS: The truth value of a Series is ambiguous. Use a.empty, a.bool(), a.item(), a.any() or a.all().
2026-04-29 00:22:47,342 ERROR Error in BLS.NS: The truth value of a Series is ambiguous. Use a.empty, a.bool(), a.item(), a.any() or a.all().
2026-04-29 00:22:47,357 ERROR Error in FIRSTCRY.NS: The truth value of a Series is ambiguous. Use a.empty, a.bool(), a.item(), a.any() or a.all().
2026-04-29 00:22:47,406 ERROR Error in GICRE.NS: The truth value of a Series is ambiguous. Use a.empty, a.bool(), a.item(), a.any() or a.all().
2026-04-29 00:22:47,418 ERROR Error in BAJAJFINSV.NS: The truth value of a Series is ambiguous. Use a.empty, a.bool(), a.item(), a.any() or a.all().
2026-04-29 00:22:47,433 ERROR Error in ASIANPAINT.NS: The truth value of a Series is ambiguous. Use a.empty, a.bool(), a.item(), a.any() or a.all().
2026-04-29 00:22:47,445 ERROR Error in CAPLIPOINT.NS: The truth value of a Series is ambiguous. Use a.empty, a.bool(), a.item(), a.any() or a.all().
2026-04-29 00:22:47,450 ERROR Error in EICHERMOT.NS: The truth value of a Series is ambiguous. Use a.empty, a.bool(), a.item(), a.any() or a.all().
2026-04-29 00:22:47,469 ERROR Error in GRSE.NS: The truth value of a Series is ambiguous. Use a.empty, a.bool(), a.item(), a.any() or a.all().
2026-04-29 00:22:47,487 ERROR Error in GILLETTE.NS: The truth value of a Series is ambiguous. Use a.empty, a.bool(), a.item(), a.any() or a.all().
2026-04-29 00:22:47,528 ERROR Error in GMDCLTD.NS: The truth value of a Series is ambiguous. Use a.empty, a.bool(), a.item(), a.any() or a.all().
2026-04-29 00:22:47,531 ERROR Error in GALLANTT.NS: The truth value of a Series is ambiguous. Use a.empty, a.bool(), a.item(), a.any() or a.all().
2026-04-29 00:22:47,575 ERROR Error in GODFRYPHLP.NS: The truth value of a Series is ambiguous. Use a.empty, a.bool(), a.item(), a.any() or a.all().
2026-04-29 00:22:47,641 ERROR Error in HDBFS.NS: The truth value of a Series is ambiguous. Use a.empty, a.bool(), a.item(), a.any() or a.all().
2026-04-29 00:22:47,661 ERROR Error in HONAUT.NS: The truth value of a Series is ambiguous. Use a.empty, a.bool(), a.item(), a.any() or a.all().
2026-04-29 00:22:47,704 ERROR Error in HDFCBANK.NS: The truth value of a Series is ambiguous. Use a.empty, a.bool(), a.item(), a.any() or a.all().
2026-04-29 00:22:47,741 ERROR Error in HYUNDAI.NS: The truth value of a Series is ambiguous. Use a.empty, a.bool(), a.item(), a.any() or a.all().
2026-04-29 00:22:47,787 ERROR Error in IKS.NS: The truth value of a Series is ambiguous. Use a.empty, a.bool(), a.item(), a.any() or a.all().
2026-04-29 00:22:47,932 ERROR Error in J&KBANK.NS: The truth value of a Series is ambiguous. Use a.empty, a.bool(), a.item(), a.any() or a.all().
2026-04-29 00:22:47,957 ERROR Error in IDEA.NS: The truth value of a Series is ambiguous. Use a.empty, a.bool(), a.item(), a.any() or a.all().
2026-04-29 00:22:47,970 ERROR Error in IRB.NS: The truth value of a Series is ambiguous. Use a.empty, a.bool(), a.item(), a.any() or a.all().
2026-04-29 00:22:47,989 ERROR Error in INFY.NS: The truth value of a Series is ambiguous. Use a.empty, a.bool(), a.item(), a.any() or a.all().
2026-04-29 00:22:48,030 ERROR Error in IRCON.NS: The truth value of a Series is ambiguous. Use a.empty, a.bool(), a.item(), a.any() or a.all().
2026-04-29 00:22:48,040 ERROR Error in ITI.NS: The truth value of a Series is ambiguous. Use a.empty, a.bool(), a.item(), a.any() or a.all().
2026-04-29 00:22:48,071 ERROR Error in ITC.NS: The truth value of a Series is ambiguous. Use a.empty, a.bool(), a.item(), a.any() or a.all().
2026-04-29 00:22:48,072 ERROR Error in KPITTECH.NS: The truth value of a Series is ambiguous. Use a.empty, a.bool(), a.item(), a.any() or a.all().
2026-04-29 00:22:48,123 ERROR Error in KOTAKBANK.NS: The truth value of a Series is ambiguous. Use a.empty, a.bool(), a.item(), a.any() or a.all().
2026-04-29 00:22:48,144 ERROR Error in LLOYDSME.NS: The truth value of a Series is ambiguous. Use a.empty, a.bool(), a.item(), a.any() or a.all().
2026-04-29 00:22:48,158 ERROR Error in LICHSGFIN.NS: The truth value of a Series is ambiguous. Use a.empty, a.bool(), a.item(), a.any() or a.all().
2026-04-29 00:22:48,162 ERROR Error in KFINTECH.NS: The truth value of a Series is ambiguous. Use a.empty, a.bool(), a.item(), a.any() or a.all().
2026-04-29 00:22:48,185 ERROR Error in KEI.NS: The truth value of a Series is ambiguous. Use a.empty, a.bool(), a.item(), a.any() or a.all().
2026-04-29 00:22:48,274 ERROR Error in LODHA.NS: The truth value of a Series is ambiguous. Use a.empty, a.bool(), a.item(), a.any() or a.all().
2026-04-29 00:22:48,307 ERROR Error in LT.NS: The truth value of a Series is ambiguous. Use a.empty, a.bool(), a.item(), a.any() or a.all().
2026-04-29 00:22:48,375 ERROR Error in MGL.NS: The truth value of a Series is ambiguous. Use a.empty, a.bool(), a.item(), a.any() or a.all().
2026-04-29 00:22:48,380 ERROR Error in MAHABANK.NS: The truth value of a Series is ambiguous. Use a.empty, a.bool(), a.item(), a.any() or a.all().
2026-04-29 00:22:48,383 ERROR Error in LUPIN.NS: The truth value of a Series is ambiguous. Use a.empty, a.bool(), a.item(), a.any() or a.all().
2026-04-29 00:22:48,387 ERROR Error in M&MFIN.NS: The truth value of a Series is ambiguous. Use a.empty, a.bool(), a.item(), a.any() or a.all().
2026-04-29 00:22:48,473 ERROR Error in LTF.NS: The truth value of a Series is ambiguous. Use a.empty, a.bool(), a.item(), a.any() or a.all().
2026-04-29 00:22:48,478 ERROR Error in NCC.NS: The truth value of a Series is ambiguous. Use a.empty, a.bool(), a.item(), a.any() or a.all().
2026-04-29 00:22:48,524 ERROR Error in NESTLEIND.NS: The truth value of a Series is ambiguous. Use a.empty, a.bool(), a.item(), a.any() or a.all().
2026-04-29 00:22:48,527 ERROR Error in NIVABUPA.NS: The truth value of a Series is ambiguous. Use a.empty, a.bool(), a.item(), a.any() or a.all().
2026-04-29 00:22:48,554 ERROR Error in NIACL.NS: The truth value of a Series is ambiguous. Use a.empty, a.bool(), a.item(), a.any() or a.all().
2026-04-29 00:22:48,557 ERROR Error in NUVOCO.NS: The truth value of a Series is ambiguous. Use a.empty, a.bool(), a.item(), a.any() or a.all().
2026-04-29 00:22:48,567 ERROR Error in MOTILALOFS.NS: The truth value of a Series is ambiguous. Use a.empty, a.bool(), a.item(), a.any() or a.all().
2026-04-29 00:22:48,571 ERROR Error in MRPL.NS: The truth value of a Series is ambiguous. Use a.empty, a.bool(), a.item(), a.any() or a.all().
2026-04-29 00:22:48,616 ERROR Error in NMDC.NS: The truth value of a Series is ambiguous. Use a.empty, a.bool(), a.item(), a.any() or a.all().
2026-04-29 00:22:48,620 ERROR Error in MOTHERSON.NS: The truth value of a Series is ambiguous. Use a.empty, a.bool(), a.item(), a.any() or a.all().
2026-04-29 00:22:48,653 ERROR Error in PFIZER.NS: The truth value of a Series is ambiguous. Use a.empty, a.bool(), a.item(), a.any() or a.all().
2026-04-29 00:22:48,706 ERROR Error in PERSISTENT.NS: The truth value of a Series is ambiguous. Use a.empty, a.bool(), a.item(), a.any() or a.all().
2026-04-29 00:22:48,722 ERROR Error in NYKAA.NS: The truth value of a Series is ambiguous. Use a.empty, a.bool(), a.item(), a.any() or a.all().
2026-04-29 00:22:48,737 ERROR Error in PIIND.NS: The truth value of a Series is ambiguous. Use a.empty, a.bool(), a.item(), a.any() or a.all().
2026-04-29 00:22:48,748 ERROR Error in POONAWALLA.NS: The truth value of a Series is ambiguous. Use a.empty, a.bool(), a.item(), a.any() or a.all().
2026-04-29 00:22:48,773 ERROR Error in PARADEEP.NS: The truth value of a Series is ambiguous. Use a.empty, a.bool(), a.item(), a.any() or a.all().
2026-04-29 00:22:48,803 ERROR Error in PREMIERENE.NS: The truth value of a Series is ambiguous. Use a.empty, a.bool(), a.item(), a.any() or a.all().
2026-04-29 00:22:48,812 ERROR Error in POWERGRID.NS: The truth value of a Series is ambiguous. Use a.empty, a.bool(), a.item(), a.any() or a.all().
2026-04-29 00:22:48,984 ERROR Error in RPOWER.NS: The truth value of a Series is ambiguous. Use a.empty, a.bool(), a.item(), a.any() or a.all().
2026-04-29 00:22:48,989 ERROR Error in PTCIL.NS: The truth value of a Series is ambiguous. Use a.empty, a.bool(), a.item(), a.any() or a.all().
2026-04-29 00:22:49,003 ERROR Error in PVRINOX.NS: The truth value of a Series is ambiguous. Use a.empty, a.bool(), a.item(), a.any() or a.all().
2026-04-29 00:22:49,005 ERROR Error in STARHEALTH.NS: The truth value of a Series is ambiguous. Use a.empty, a.bool(), a.item(), a.any() or a.all().
2026-04-29 00:22:49,069 ERROR Error in SOBHA.NS: The truth value of a Series is ambiguous. Use a.empty, a.bool(), a.item(), a.any() or a.all().
2026-04-29 00:22:49,189 ERROR Error in SUPREMEIND.NS: The truth value of a Series is ambiguous. Use a.empty, a.bool(), a.item(), a.any() or a.all().
2026-04-29 00:22:49,226 ERROR Error in SUNTV.NS: The truth value of a Series is ambiguous. Use a.empty, a.bool(), a.item(), a.any() or a.all().
2026-04-29 00:22:49,306 ERROR Error in TECHNOE.NS: The truth value of a Series is ambiguous. Use a.empty, a.bool(), a.item(), a.any() or a.all().
2026-04-29 00:22:49,316 ERROR Error in TBOTEK.NS: The truth value of a Series is ambiguous. Use a.empty, a.bool(), a.item(), a.any() or a.all().
2026-04-29 00:22:49,394 ERROR Error in TCS.NS: The truth value of a Series is ambiguous. Use a.empty, a.bool(), a.item(), a.any() or a.all().
2026-04-29 00:22:49,399 ERROR Error in TEGA.NS: The truth value of a Series is ambiguous. Use a.empty, a.bool(), a.item(), a.any() or a.all().
2026-04-29 00:22:49,401 ERROR Error in TATACHEM.NS: The truth value of a Series is ambiguous. Use a.empty, a.bool(), a.item(), a.any() or a.all().
2026-04-29 00:22:49,447 ERROR Error in TECHM.NS: The truth value of a Series is ambiguous. Use a.empty, a.bool(), a.item(), a.any() or a.all().
2026-04-29 00:22:49,491 ERROR Error in VOLTAS.NS: The truth value of a Series is ambiguous. Use a.empty, a.bool(), a.item(), a.any() or a.all().
2026-04-29 00:22:49,524 ERROR Error in VTL.NS: The truth value of a Series is ambiguous. Use a.empty, a.bool(), a.item(), a.any() or a.all().
2026-04-29 00:22:49,530 ERROR Error in TORNTPHARM.NS: The truth value of a Series is ambiguous. Use a.empty, a.bool(), a.item(), a.any() or a.all().
2026-04-29 00:22:49,629 ERROR Error in WAAREEENER.NS: The truth value of a Series is ambiguous. Use a.empty, a.bool(), a.item(), a.any() or a.all().
2026-04-29 00:23:27,650 ERROR Failed to fetch NSE CSV after 3 attempts: 404 Client Error: Not Found for url: https://nsearchives.nseindia.com/content/indices/ind_niftymicrocap250list.csv
2026-04-29 00:23:27,650 WARNING Sector segment https://nsearchives.nseindia.com/content/indices/ind_niftymicrocap250list.csv failed: 404 Client Error: Not Found for url: https://nsearchives.nseindia.com/content/indices/ind_niftymicrocap250list.csv
2026-04-29 00:23:31,955 ERROR Failed to fetch NSE CSV after 3 attempts: 404 Client Error: Not Found for url: https://archives.nseindia.com/content/indices/ind_niftymicrocap250list.csv
2026-04-29 00:23:31,955 WARNING Sector segment https://archives.nseindia.com/content/indices/ind_niftymicrocap250list.csv failed: 404 Client Error: Not Found for url: https://archives.nseindia.com/content/indices/ind_niftymicrocap250list.csv
2026-04-29 00:23:32,151 INFO Prefetching missing metadata for 3 tickers...
2026-04-29 00:23:32,674 ERROR HTTP Error 404: {"quoteSummary":{"result":null,"error":{"code":"Not Found","description":"Quote not found for symbol: DUMMYALCAR.NS"}}}
2026-04-29 00:24:04,096 ERROR Error in ABB.NS: The truth value of a Series is ambiguous. Use a.empty, a.bool(), a.item(), a.any() or a.all().
2026-04-29 00:24:04,107 ERROR Error in ABBOTINDIA.NS: The truth value of a Series is ambiguous. Use a.empty, a.bool(), a.item(), a.any() or a.all().
2026-04-29 00:24:04,129 ERROR Error in ABLBL.NS: The truth value of a Series is ambiguous. Use a.empty, a.bool(), a.item(), a.any() or a.all().
2026-04-29 00:24:04,179 ERROR Error in ACMESOLAR.NS: The truth value of a Series is ambiguous. Use a.empty, a.bool(), a.item(), a.any() or a.all().
2026-04-29 00:24:04,200 ERROR Error in ABSLAMC.NS: The truth value of a Series is ambiguous. Use a.empty, a.bool(), a.item(), a.any() or a.all().
2026-04-29 00:24:04,227 ERROR Error in ACI.NS: The truth value of a Series is ambiguous. Use a.empty, a.bool(), a.item(), a.any() or a.all().
2026-04-29 00:24:04,234 ERROR Error in ABDL.NS: The truth value of a Series is ambiguous. Use a.empty, a.bool(), a.item(), a.any() or a.all().
2026-04-29 00:24:04,252 ERROR Error in ADANIGREEN.NS: The truth value of a Series is ambiguous. Use a.empty, a.bool(), a.item(), a.any() or a.all().
2026-04-29 00:24:04,291 ERROR Error in AETHER.NS: The truth value of a Series is ambiguous. Use a.empty, a.bool(), a.item(), a.any() or a.all().
2026-04-29 00:24:04,307 ERROR Error in ADVENZYMES.NS: The truth value of a Series is ambiguous. Use a.empty, a.bool(), a.item(), a.any() or a.all().
2026-04-29 00:24:04,315 ERROR Error in ADANIPOWER.NS: The truth value of a Series is ambiguous. Use a.empty, a.bool(), a.item(), a.any() or a.all().
2026-04-29 00:24:04,336 ERROR Error in AEGISLOG.NS: The truth value of a Series is ambiguous. Use a.empty, a.bool(), a.item(), a.any() or a.all().
2026-04-29 00:24:04,352 ERROR Error in AGARWALEYE.NS: The truth value of a Series is ambiguous. Use a.empty, a.bool(), a.item(), a.any() or a.all().
2026-04-29 00:24:04,369 ERROR Error in AFFLE.NS: The truth value of a Series is ambiguous. Use a.empty, a.bool(), a.item(), a.any() or a.all().
2026-04-29 00:24:04,398 ERROR Error in AHLUCONT.NS: The truth value of a Series is ambiguous. Use a.empty, a.bool(), a.item(), a.any() or a.all().
2026-04-29 00:24:04,445 ERROR Error in AJANTPHARM.NS: The truth value of a Series is ambiguous. Use a.empty, a.bool(), a.item(), a.any() or a.all().
2026-04-29 00:24:04,461 ERROR Error in AMBUJACEM.NS: The truth value of a Series is ambiguous. Use a.empty, a.bool(), a.item(), a.any() or a.all().
2026-04-29 00:24:04,472 ERROR Error in AEGISVOPAK.NS: The truth value of a Series is ambiguous. Use a.empty, a.bool(), a.item(), a.any() or a.all().
2026-04-29 00:24:04,488 ERROR Error in ANGELONE.NS: The truth value of a Series is ambiguous. Use a.empty, a.bool(), a.item(), a.any() or a.all().
2026-04-29 00:24:04,504 ERROR Error in AKUMS.NS: The truth value of a Series is ambiguous. Use a.empty, a.bool(), a.item(), a.any() or a.all().
2026-04-29 00:24:04,530 ERROR Error in AIIL.NS: The truth value of a Series is ambiguous. Use a.empty, a.bool(), a.item(), a.any() or a.all().
2026-04-29 00:24:04,570 ERROR Error in ALIVUS.NS: The truth value of a Series is ambiguous. Use a.empty, a.bool(), a.item(), a.any() or a.all().
2026-04-29 00:24:04,584 ERROR Error in APLLTD.NS: The truth value of a Series is ambiguous. Use a.empty, a.bool(), a.item(), a.any() or a.all().
2026-04-29 00:24:04,600 ERROR Error in APOLLOTYRE.NS: The truth value of a Series is ambiguous. Use a.empty, a.bool(), a.item(), a.any() or a.all().
2026-04-29 00:24:04,614 ERROR Error in ALOKINDS.NS: The truth value of a Series is ambiguous. Use a.empty, a.bool(), a.item(), a.any() or a.all().
2026-04-29 00:24:04,673 ERROR Error in ASHAPURMIN.NS: The truth value of a Series is ambiguous. Use a.empty, a.bool(), a.item(), a.any() or a.all().
2026-04-29 00:24:04,764 ERROR Error in ASHOKLEY.NS: The truth value of a Series is ambiguous. Use a.empty, a.bool(), a.item(), a.any() or a.all().
2026-04-29 00:24:04,827 ERROR Error in APOLLOHOSP.NS: The truth value of a Series is ambiguous. Use a.empty, a.bool(), a.item(), a.any() or a.all().
2026-04-29 00:24:04,847 ERROR Error in ASTERDM.NS: The truth value of a Series is ambiguous. Use a.empty, a.bool(), a.item(), a.any() or a.all().
2026-04-29 00:24:04,847 ERROR Error in ASKAUTOLTD.NS: The truth value of a Series is ambiguous. Use a.empty, a.bool(), a.item(), a.any() or a.all().
2026-04-29 00:24:04,856 ERROR Error in BAJAJELEC.NS: The truth value of a Series is ambiguous. Use a.empty, a.bool(), a.item(), a.any() or a.all().
2026-04-29 00:24:04,879 ERROR Error in APTUS.NS: The truth value of a Series is ambiguous. Use a.empty, a.bool(), a.item(), a.any() or a.all().
2026-04-29 00:24:04,901 ERROR Error in BALAMINES.NS: The truth value of a Series is ambiguous. Use a.empty, a.bool(), a.item(), a.any() or a.all().
2026-04-29 00:24:04,929 ERROR Error in AWFIS.NS: The truth value of a Series is ambiguous. Use a.empty, a.bool(), a.item(), a.any() or a.all().
2026-04-29 00:24:04,947 ERROR Error in BANKINDIA.NS: The truth value of a Series is ambiguous. Use a.empty, a.bool(), a.item(), a.any() or a.all().
2026-04-29 00:24:04,951 ERROR Error in AMBER.NS: The truth value of a Series is ambiguous. Use a.empty, a.bool(), a.item(), a.any() or a.all().
2026-04-29 00:24:04,970 ERROR Error in BALKRISIND.NS: The truth value of a Series is ambiguous. Use a.empty, a.bool(), a.item(), a.any() or a.all().
2026-04-29 00:24:04,980 ERROR Error in ATUL.NS: The truth value of a Series is ambiguous. Use a.empty, a.bool(), a.item(), a.any() or a.all().
2026-04-29 00:24:05,001 ERROR Error in APARINDS.NS: The truth value of a Series is ambiguous. Use a.empty, a.bool(), a.item(), a.any() or a.all().
2026-04-29 00:24:05,008 ERROR Error in AVANTIFEED.NS: The truth value of a Series is ambiguous. Use a.empty, a.bool(), a.item(), a.any() or a.all().
2026-04-29 00:24:05,021 ERROR Error in BAJAJHLDNG.NS: The truth value of a Series is ambiguous. Use a.empty, a.bool(), a.item(), a.any() or a.all().
2026-04-29 00:24:05,022 ERROR Error in AXISCADES.NS: The truth value of a Series is ambiguous. Use a.empty, a.bool(), a.item(), a.any() or a.all().
2026-04-29 00:24:05,037 ERROR Error in AVL.NS: The truth value of a Series is ambiguous. Use a.empty, a.bool(), a.item(), a.any() or a.all().
2026-04-29 00:24:05,059 ERROR Error in BBOX.NS: The truth value of a Series is ambiguous. Use a.empty, a.bool(), a.item(), a.any() or a.all().
2026-04-29 00:24:05,086 ERROR Error in BPCL.NS: The truth value of a Series is ambiguous. Use a.empty, a.bool(), a.item(), a.any() or a.all().
2026-04-29 00:24:05,105 ERROR Error in BAYERCROP.NS: The truth value of a Series is ambiguous. Use a.empty, a.bool(), a.item(), a.any() or a.all().
2026-04-29 00:24:05,136 ERROR Error in BORORENEW.NS: The truth value of a Series is ambiguous. Use a.empty, a.bool(), a.item(), a.any() or a.all().
2026-04-29 00:24:05,174 ERROR Error in BSE.NS: The truth value of a Series is ambiguous. Use a.empty, a.bool(), a.item(), a.any() or a.all().
2026-04-29 00:24:05,190 ERROR Error in BIKAJI.NS: The truth value of a Series is ambiguous. Use a.empty, a.bool(), a.item(), a.any() or a.all().
2026-04-29 00:24:05,229 ERROR Error in CAMS.NS: The truth value of a Series is ambiguous. Use a.empty, a.bool(), a.item(), a.any() or a.all().
2026-04-29 00:24:05,240 ERROR Error in BRIGADE.NS: The truth value of a Series is ambiguous. Use a.empty, a.bool(), a.item(), a.any() or a.all().
2026-04-29 00:24:05,290 ERROR Error in BLS.NS: The truth value of a Series is ambiguous. Use a.empty, a.bool(), a.item(), a.any() or a.all().
2026-04-29 00:24:05,329 ERROR Error in BHARATFORG.NS: The truth value of a Series is ambiguous. Use a.empty, a.bool(), a.item(), a.any() or a.all().
2026-04-29 00:24:05,341 ERROR Error in BSOFT.NS: The truth value of a Series is ambiguous. Use a.empty, a.bool(), a.item(), a.any() or a.all().
2026-04-29 00:24:05,429 ERROR Error in CANBK.NS: The truth value of a Series is ambiguous. Use a.empty, a.bool(), a.item(), a.any() or a.all().
2026-04-29 00:24:05,434 ERROR Error in CARTRADE.NS: The truth value of a Series is ambiguous. Use a.empty, a.bool(), a.item(), a.any() or a.all().
2026-04-29 00:24:05,458 ERROR Error in CAPLIPOINT.NS: The truth value of a Series is ambiguous. Use a.empty, a.bool(), a.item(), a.any() or a.all().
2026-04-29 00:24:05,478 ERROR Error in CASTROLIND.NS: The truth value of a Series is ambiguous. Use a.empty, a.bool(), a.item(), a.any() or a.all().
2026-04-29 00:24:05,515 ERROR Error in CCL.NS: The truth value of a Series is ambiguous. Use a.empty, a.bool(), a.item(), a.any() or a.all().
2026-04-29 00:24:05,560 ERROR Error in CENTURYPLY.NS: The truth value of a Series is ambiguous. Use a.empty, a.bool(), a.item(), a.any() or a.all().
2026-04-29 00:24:05,592 ERROR Error in CHALET.NS: The truth value of a Series is ambiguous. Use a.empty, a.bool(), a.item(), a.any() or a.all().
2026-04-29 00:24:05,611 ERROR Error in CELLO.NS: The truth value of a Series is ambiguous. Use a.empty, a.bool(), a.item(), a.any() or a.all().
2026-04-29 00:24:05,654 ERROR Error in CESC.NS: The truth value of a Series is ambiguous. Use a.empty, a.bool(), a.item(), a.any() or a.all().
2026-04-29 00:24:05,711 ERROR Error in CONCORDBIO.NS: The truth value of a Series is ambiguous. Use a.empty, a.bool(), a.item(), a.any() or a.all().
2026-04-29 00:24:05,729 ERROR Error in CGPOWER.NS: The truth value of a Series is ambiguous. Use a.empty, a.bool(), a.item(), a.any() or a.all().
2026-04-29 00:24:05,759 ERROR Error in COLPAL.NS: The truth value of a Series is ambiguous. Use a.empty, a.bool(), a.item(), a.any() or a.all().
2026-04-29 00:24:05,785 ERROR Error in CDSL.NS: The truth value of a Series is ambiguous. Use a.empty, a.bool(), a.item(), a.any() or a.all().
2026-04-29 00:24:05,835 ERROR Error in CRAFTSMAN.NS: The truth value of a Series is ambiguous. Use a.empty, a.bool(), a.item(), a.any() or a.all().
2026-04-29 00:24:05,848 ERROR Error in CROMPTON.NS: The truth value of a Series is ambiguous. Use a.empty, a.bool(), a.item(), a.any() or a.all().
2026-04-29 00:24:05,856 ERROR Error in CGCL.NS: The truth value of a Series is ambiguous. Use a.empty, a.bool(), a.item(), a.any() or a.all().
2026-04-29 00:24:05,885 ERROR Error in CIEINDIA.NS: The truth value of a Series is ambiguous. Use a.empty, a.bool(), a.item(), a.any() or a.all().
2026-04-29 00:24:05,914 ERROR Error in CUPID.NS: The truth value of a Series is ambiguous. Use a.empty, a.bool(), a.item(), a.any() or a.all().
2026-04-29 00:24:05,957 ERROR Error in CYIENT.NS: The truth value of a Series is ambiguous. Use a.empty, a.bool(), a.item(), a.any() or a.all().
2026-04-29 00:24:05,962 ERROR Error in DABUR.NS: The truth value of a Series is ambiguous. Use a.empty, a.bool(), a.item(), a.any() or a.all().
2026-04-29 00:24:05,995 ERROR Error in DEEPAKNTR.NS: The truth value of a Series is ambiguous. Use a.empty, a.bool(), a.item(), a.any() or a.all().
2026-04-29 00:24:06,048 ERROR Error in DBL.NS: The truth value of a Series is ambiguous. Use a.empty, a.bool(), a.item(), a.any() or a.all().
2026-04-29 00:24:06,085 ERROR Error in ECLERX.NS: The truth value of a Series is ambiguous. Use a.empty, a.bool(), a.item(), a.any() or a.all().
2026-04-29 00:24:06,129 ERROR Error in DIVISLAB.NS: The truth value of a Series is ambiguous. Use a.empty, a.bool(), a.item(), a.any() or a.all().
2026-04-29 00:24:06,154 ERROR Error in DEVYANI.NS: The truth value of a Series is ambiguous. Use a.empty, a.bool(), a.item(), a.any() or a.all().
2026-04-29 00:24:06,190 ERROR Error in DCMSHRIRAM.NS: The truth value of a Series is ambiguous. Use a.empty, a.bool(), a.item(), a.any() or a.all().
2026-04-29 00:24:06,194 ERROR Error in EDELWEISS.NS: The truth value of a Series is ambiguous. Use a.empty, a.bool(), a.item(), a.any() or a.all().
2026-04-29 00:24:06,220 ERROR Error in DYNAMATECH.NS: The truth value of a Series is ambiguous. Use a.empty, a.bool(), a.item(), a.any() or a.all().
2026-04-29 00:24:06,248 ERROR Error in EICHERMOT.NS: The truth value of a Series is ambiguous. Use a.empty, a.bool(), a.item(), a.any() or a.all().
2026-04-29 00:24:06,273 ERROR Error in ENDURANCE.NS: The truth value of a Series is ambiguous. Use a.empty, a.bool(), a.item(), a.any() or a.all().
2026-04-29 00:24:06,291 ERROR Error in ELECON.NS: The truth value of a Series is ambiguous. Use a.empty, a.bool(), a.item(), a.any() or a.all().
2026-04-29 00:24:06,340 ERROR Error in EIEL.NS: The truth value of a Series is ambiguous. Use a.empty, a.bool(), a.item(), a.any() or a.all().
2026-04-29 00:24:06,380 ERROR Error in ENGINERSIN.NS: The truth value of a Series is ambiguous. Use a.empty, a.bool(), a.item(), a.any() or a.all().
2026-04-29 00:24:06,415 ERROR Error in EMAMILTD.NS: The truth value of a Series is ambiguous. Use a.empty, a.bool(), a.item(), a.any() or a.all().
2026-04-29 00:24:06,424 ERROR Error in ETHOSLTD.NS: The truth value of a Series is ambiguous. Use a.empty, a.bool(), a.item(), a.any() or a.all().
2026-04-29 00:24:06,457 ERROR Error in ESCORTS.NS: The truth value of a Series is ambiguous. Use a.empty, a.bool(), a.item(), a.any() or a.all().
2026-04-29 00:24:06,475 ERROR Error in FACT.NS: The truth value of a Series is ambiguous. Use a.empty, a.bool(), a.item(), a.any() or a.all().
2026-04-29 00:24:06,479 ERROR Error in EXIDEIND.NS: The truth value of a Series is ambiguous. Use a.empty, a.bool(), a.item(), a.any() or a.all().
2026-04-29 00:24:06,489 ERROR Error in EQUITASBNK.NS: The truth value of a Series is ambiguous. Use a.empty, a.bool(), a.item(), a.any() or a.all().
2026-04-29 00:24:06,515 ERROR Error in FEDFINA.NS: The truth value of a Series is ambiguous. Use a.empty, a.bool(), a.item(), a.any() or a.all().
2026-04-29 00:24:06,528 ERROR Error in FIRSTCRY.NS: The truth value of a Series is ambiguous. Use a.empty, a.bool(), a.item(), a.any() or a.all().
2026-04-29 00:24:06,581 ERROR Error in FIVESTAR.NS: The truth value of a Series is ambiguous. Use a.empty, a.bool(), a.item(), a.any() or a.all().
2026-04-29 00:24:06,595 ERROR Error in FORTIS.NS: The truth value of a Series is ambiguous. Use a.empty, a.bool(), a.item(), a.any() or a.all().
2026-04-29 00:24:06,645 ERROR Error in GMRP&UI.NS: The truth value of a Series is ambiguous. Use a.empty, a.bool(), a.item(), a.any() or a.all().
2026-04-29 00:24:06,685 ERROR Error in FORCEMOT.NS: The truth value of a Series is ambiguous. Use a.empty, a.bool(), a.item(), a.any() or a.all().
2026-04-29 00:24:06,721 ERROR Error in GESHIP.NS: The truth value of a Series is ambiguous. Use a.empty, a.bool(), a.item(), a.any() or a.all().
2026-04-29 00:24:06,839 ERROR Error in GICRE.NS: The truth value of a Series is ambiguous. Use a.empty, a.bool(), a.item(), a.any() or a.all().
2026-04-29 00:24:06,877 ERROR Error in GOKEX.NS: The truth value of a Series is ambiguous. Use a.empty, a.bool(), a.item(), a.any() or a.all().
2026-04-29 00:24:06,891 ERROR Error in GMDCLTD.NS: The truth value of a Series is ambiguous. Use a.empty, a.bool(), a.item(), a.any() or a.all().
2026-04-29 00:24:06,952 ERROR Error in GILLETTE.NS: The truth value of a Series is ambiguous. Use a.empty, a.bool(), a.item(), a.any() or a.all().
2026-04-29 00:24:06,954 ERROR Error in GNFC.NS: The truth value of a Series is ambiguous. Use a.empty, a.bool(), a.item(), a.any() or a.all().
2026-04-29 00:24:06,957 ERROR Error in GPPL.NS: The truth value of a Series is ambiguous. Use a.empty, a.bool(), a.item(), a.any() or a.all().
2026-04-29 00:24:07,012 ERROR Error in GALLANTT.NS: The truth value of a Series is ambiguous. Use a.empty, a.bool(), a.item(), a.any() or a.all().
2026-04-29 00:24:07,054 ERROR Error in HAL.NS: The truth value of a Series is ambiguous. Use a.empty, a.bool(), a.item(), a.any() or a.all().
2026-04-29 00:24:07,071 ERROR Error in HCLTECH.NS: The truth value of a Series is ambiguous. Use a.empty, a.bool(), a.item(), a.any() or a.all().
2026-04-29 00:24:07,095 ERROR Error in GODFRYPHLP.NS: The truth value of a Series is ambiguous. Use a.empty, a.bool(), a.item(), a.any() or a.all().
2026-04-29 00:24:07,098 ERROR Error in GRSE.NS: The truth value of a Series is ambiguous. Use a.empty, a.bool(), a.item(), a.any() or a.all().
2026-04-29 00:24:07,165 ERROR Error in HDFCAMC.NS: The truth value of a Series is ambiguous. Use a.empty, a.bool(), a.item(), a.any() or a.all().
2026-04-29 00:24:07,181 ERROR Error in GREAVESCOT.NS: The truth value of a Series is ambiguous. Use a.empty, a.bool(), a.item(), a.any() or a.all().
2026-04-29 00:24:07,298 ERROR Error in HDBFS.NS: The truth value of a Series is ambiguous. Use a.empty, a.bool(), a.item(), a.any() or a.all().
2026-04-29 00:24:07,332 ERROR Error in HGINFRA.NS: The truth value of a Series is ambiguous. Use a.empty, a.bool(), a.item(), a.any() or a.all().
2026-04-29 00:24:07,355 ERROR Error in IDBI.NS: The truth value of a Series is ambiguous. Use a.empty, a.bool(), a.item(), a.any() or a.all().
2026-04-29 00:24:07,357 ERROR Error in HEMIPROP.NS: The truth value of a Series is ambiguous. Use a.empty, a.bool(), a.item(), a.any() or a.all().
2026-04-29 00:24:07,443 ERROR Error in HONAUT.NS: The truth value of a Series is ambiguous. Use a.empty, a.bool(), a.item(), a.any() or a.all().
2026-04-29 00:24:07,470 ERROR Error in HDFCBANK.NS: The truth value of a Series is ambiguous. Use a.empty, a.bool(), a.item(), a.any() or a.all().
2026-04-29 00:24:07,511 ERROR Error in HYUNDAI.NS: The truth value of a Series is ambiguous. Use a.empty, a.bool(), a.item(), a.any() or a.all().
2026-04-29 00:24:07,528 ERROR Error in ICIL.NS: The truth value of a Series is ambiguous. Use a.empty, a.bool(), a.item(), a.any() or a.all().
2026-04-29 00:24:07,544 ERROR Error in IKS.NS: The truth value of a Series is ambiguous. Use a.empty, a.bool(), a.item(), a.any() or a.all().
2026-04-29 00:24:07,549 ERROR Error in IDFCFIRSTB.NS: The truth value of a Series is ambiguous. Use a.empty, a.bool(), a.item(), a.any() or a.all().
2026-04-29 00:24:07,593 ERROR Error in IGL.NS: The truth value of a Series is ambiguous. Use a.empty, a.bool(), a.item(), a.any() or a.all().
2026-04-29 00:24:07,627 ERROR Error in INDIGO.NS: The truth value of a Series is ambiguous. Use a.empty, a.bool(), a.item(), a.any() or a.all().
2026-04-29 00:24:07,641 ERROR Error in INOXWIND.NS: The truth value of a Series is ambiguous. Use a.empty, a.bool(), a.item(), a.any() or a.all().
2026-04-29 00:24:07,676 ERROR Error in INFY.NS: The truth value of a Series is ambiguous. Use a.empty, a.bool(), a.item(), a.any() or a.all().
2026-04-29 00:24:07,716 ERROR Error in INDIANB.NS: The truth value of a Series is ambiguous. Use a.empty, a.bool(), a.item(), a.any() or a.all().
2026-04-29 00:24:07,726 ERROR Error in IGIL.NS: The truth value of a Series is ambiguous. Use a.empty, a.bool(), a.item(), a.any() or a.all().
2026-04-29 00:24:07,747 ERROR Error in IPCALAB.NS: The truth value of a Series is ambiguous. Use a.empty, a.bool(), a.item(), a.any() or a.all().
2026-04-29 00:24:07,803 ERROR Error in IXIGO.NS: The truth value of a Series is ambiguous. Use a.empty, a.bool(), a.item(), a.any() or a.all().
2026-04-29 00:24:07,873 ERROR Error in IRCON.NS: The truth value of a Series is ambiguous. Use a.empty, a.bool(), a.item(), a.any() or a.all().
2026-04-29 00:24:08,025 ERROR Error in IDEA.NS: The truth value of a Series is ambiguous. Use a.empty, a.bool(), a.item(), a.any() or a.all().
2026-04-29 00:24:08,027 ERROR Error in IRB.NS: The truth value of a Series is ambiguous. Use a.empty, a.bool(), a.item(), a.any() or a.all().
2026-04-29 00:24:08,037 ERROR Error in JKTYRE.NS: The truth value of a Series is ambiguous. Use a.empty, a.bool(), a.item(), a.any() or a.all().
2026-04-29 00:24:08,054 ERROR Error in JINDALSTEL.NS: The truth value of a Series is ambiguous. Use a.empty, a.bool(), a.item(), a.any() or a.all().
2026-04-29 00:24:08,062 ERROR Error in ITI.NS: The truth value of a Series is ambiguous. Use a.empty, a.bool(), a.item(), a.any() or a.all().
2026-04-29 00:24:08,077 ERROR Error in JMFINANCIL.NS: The truth value of a Series is ambiguous. Use a.empty, a.bool(), a.item(), a.any() or a.all().
2026-04-29 00:24:08,178 ERROR Error in JKPAPER.NS: The truth value of a Series is ambiguous. Use a.empty, a.bool(), a.item(), a.any() or a.all().
2026-04-29 00:24:08,184 ERROR Error in JAYNECOIND.NS: The truth value of a Series is ambiguous. Use a.empty, a.bool(), a.item(), a.any() or a.all().
2026-04-29 00:24:08,184 ERROR Error in JIOFIN.NS: The truth value of a Series is ambiguous. Use a.empty, a.bool(), a.item(), a.any() or a.all().
2026-04-29 00:24:08,200 ERROR Error in JSLL.NS: The truth value of a Series is ambiguous. Use a.empty, a.bool(), a.item(), a.any() or a.all().
2026-04-29 00:24:08,235 ERROR Error in KANSAINER.NS: The truth value of a Series is ambiguous. Use a.empty, a.bool(), a.item(), a.any() or a.all().
2026-04-29 00:24:08,297 ERROR Error in ITC.NS: The truth value of a Series is ambiguous. Use a.empty, a.bool(), a.item(), a.any() or a.all().
2026-04-29 00:24:08,336 ERROR Error in J&KBANK.NS: The truth value of a Series is ambiguous. Use a.empty, a.bool(), a.item(), a.any() or a.all().
2026-04-29 00:24:08,440 ERROR Error in JYOTHYLAB.NS: The truth value of a Series is ambiguous. Use a.empty, a.bool(), a.item(), a.any() or a.all().
2026-04-29 00:24:08,494 ERROR Error in KITEX.NS: The truth value of a Series is ambiguous. Use a.empty, a.bool(), a.item(), a.any() or a.all().
2026-04-29 00:24:08,505 ERROR Error in JUBLPHARMA.NS: The truth value of a Series is ambiguous. Use a.empty, a.bool(), a.item(), a.any() or a.all().
2026-04-29 00:24:08,514 ERROR Error in KIRLPNU.NS: The truth value of a Series is ambiguous. Use a.empty, a.bool(), a.item(), a.any() or a.all().
2026-04-29 00:24:08,584 ERROR Error in KRBL.NS: The truth value of a Series is ambiguous. Use a.empty, a.bool(), a.item(), a.any() or a.all().
2026-04-29 00:24:08,591 ERROR Error in KFINTECH.NS: The truth value of a Series is ambiguous. Use a.empty, a.bool(), a.item(), a.any() or a.all().
2026-04-29 00:24:08,594 ERROR Error in KEI.NS: The truth value of a Series is ambiguous. Use a.empty, a.bool(), a.item(), a.any() or a.all().
2026-04-29 00:24:08,600 ERROR Error in KPIL.NS: The truth value of a Series is ambiguous. Use a.empty, a.bool(), a.item(), a.any() or a.all().
2026-04-29 00:24:08,640 ERROR Error in KPITTECH.NS: The truth value of a Series is ambiguous. Use a.empty, a.bool(), a.item(), a.any() or a.all().
2026-04-29 00:24:08,713 ERROR Error in LALPATHLAB.NS: The truth value of a Series is ambiguous. Use a.empty, a.bool(), a.item(), a.any() or a.all().
2026-04-29 00:24:08,723 ERROR Error in KOTAKBANK.NS: The truth value of a Series is ambiguous. Use a.empty, a.bool(), a.item(), a.any() or a.all().
2026-04-29 00:24:08,753 ERROR Error in LICHSGFIN.NS: The truth value of a Series is ambiguous. Use a.empty, a.bool(), a.item(), a.any() or a.all().
2026-04-29 00:24:08,791 ERROR Error in KPRMILL.NS: The truth value of a Series is ambiguous. Use a.empty, a.bool(), a.item(), a.any() or a.all().
2026-04-29 00:24:08,804 ERROR Error in KTKBANK.NS: The truth value of a Series is ambiguous. Use a.empty, a.bool(), a.item(), a.any() or a.all().
2026-04-29 00:24:08,806 ERROR Error in LAURUSLABS.NS: The truth value of a Series is ambiguous. Use a.empty, a.bool(), a.item(), a.any() or a.all().
2026-04-29 00:24:08,821 ERROR Error in KSB.NS: The truth value of a Series is ambiguous. Use a.empty, a.bool(), a.item(), a.any() or a.all().
2026-04-29 00:24:08,892 ERROR Error in LLOYDSME.NS: The truth value of a Series is ambiguous. Use a.empty, a.bool(), a.item(), a.any() or a.all().
2026-04-29 00:24:08,959 ERROR Error in LT.NS: The truth value of a Series is ambiguous. Use a.empty, a.bool(), a.item(), a.any() or a.all().
2026-04-29 00:24:09,033 ERROR Error in LUMAXTECH.NS: The truth value of a Series is ambiguous. Use a.empty, a.bool(), a.item(), a.any() or a.all().
2026-04-29 00:24:09,100 ERROR Error in LTF.NS: The truth value of a Series is ambiguous. Use a.empty, a.bool(), a.item(), a.any() or a.all().
2026-04-29 00:24:09,117 ERROR Error in LODHA.NS: The truth value of a Series is ambiguous. Use a.empty, a.bool(), a.item(), a.any() or a.all().
2026-04-29 00:24:09,127 ERROR Error in LUPIN.NS: The truth value of a Series is ambiguous. Use a.empty, a.bool(), a.item(), a.any() or a.all().
2026-04-29 00:24:09,139 ERROR Error in MAHABANK.NS: The truth value of a Series is ambiguous. Use a.empty, a.bool(), a.item(), a.any() or a.all().
2026-04-29 00:24:09,171 ERROR Error in MSUMI.NS: The truth value of a Series is ambiguous. Use a.empty, a.bool(), a.item(), a.any() or a.all().
2026-04-29 00:24:09,178 ERROR Error in MOTHERSON.NS: The truth value of a Series is ambiguous. Use a.empty, a.bool(), a.item(), a.any() or a.all().
2026-04-29 00:24:09,185 ERROR Error in MASTEK.NS: The truth value of a Series is ambiguous. Use a.empty, a.bool(), a.item(), a.any() or a.all().
2026-04-29 00:24:09,202 ERROR Error in M&MFIN.NS: The truth value of a Series is ambiguous. Use a.empty, a.bool(), a.item(), a.any() or a.all().
2026-04-29 00:24:09,216 ERROR Error in MGL.NS: The truth value of a Series is ambiguous. Use a.empty, a.bool(), a.item(), a.any() or a.all().
2026-04-29 00:24:09,225 ERROR Error in MIDHANI.NS: The truth value of a Series is ambiguous. Use a.empty, a.bool(), a.item(), a.any() or a.all().
2026-04-29 00:24:09,238 ERROR Error in MRPL.NS: The truth value of a Series is ambiguous. Use a.empty, a.bool(), a.item(), a.any() or a.all().
2026-04-29 00:24:09,254 ERROR Error in NAVA.NS: The truth value of a Series is ambiguous. Use a.empty, a.bool(), a.item(), a.any() or a.all().
2026-04-29 00:24:09,278 ERROR Error in MOTILALOFS.NS: The truth value of a Series is ambiguous. Use a.empty, a.bool(), a.item(), a.any() or a.all().
2026-04-29 00:24:09,296 ERROR Error in NEOGEN.NS: The truth value of a Series is ambiguous. Use a.empty, a.bool(), a.item(), a.any() or a.all().
2026-04-29 00:24:09,320 ERROR Error in NBCC.NS: The truth value of a Series is ambiguous. Use a.empty, a.bool(), a.item(), a.any() or a.all().
2026-04-29 00:24:09,339 ERROR Error in NLCINDIA.NS: The truth value of a Series is ambiguous. Use a.empty, a.bool(), a.item(), a.any() or a.all().
2026-04-29 00:24:09,358 ERROR Error in NESTLEIND.NS: The truth value of a Series is ambiguous. Use a.empty, a.bool(), a.item(), a.any() or a.all().
2026-04-29 00:24:09,388 ERROR Error in NIACL.NS: The truth value of a Series is ambiguous. Use a.empty, a.bool(), a.item(), a.any() or a.all().
2026-04-29 00:24:09,402 ERROR Error in NMDC.NS: The truth value of a Series is ambiguous. Use a.empty, a.bool(), a.item(), a.any() or a.all().
2026-04-29 00:24:09,410 ERROR Error in NSLNISP.NS: The truth value of a Series is ambiguous. Use a.empty, a.bool(), a.item(), a.any() or a.all().
2026-04-29 00:24:09,438 ERROR Error in NTPCGREEN.NS: The truth value of a Series is ambiguous. Use a.empty, a.bool(), a.item(), a.any() or a.all().
2026-04-29 00:24:09,445 ERROR Error in NUVAMA.NS: The truth value of a Series is ambiguous. Use a.empty, a.bool(), a.item(), a.any() or a.all().
2026-04-29 00:24:09,478 ERROR Error in NUVOCO.NS: The truth value of a Series is ambiguous. Use a.empty, a.bool(), a.item(), a.any() or a.all().
2026-04-29 00:24:09,491 ERROR Error in PTCIL.NS: The truth value of a Series is ambiguous. Use a.empty, a.bool(), a.item(), a.any() or a.all().
2026-04-29 00:24:09,519 ERROR Error in SAREGAMA.NS: The truth value of a Series is ambiguous. Use a.empty, a.bool(), a.item(), a.any() or a.all().
2026-04-29 00:24:09,547 ERROR Error in NYKAA.NS: The truth value of a Series is ambiguous. Use a.empty, a.bool(), a.item(), a.any() or a.all().
2026-04-29 00:24:09,548 ERROR Error in TEXRAIL.NS: The truth value of a Series is ambiguous. Use a.empty, a.bool(), a.item(), a.any() or a.all().
2026-04-29 00:25:33,892 INFO Prefetching missing metadata for 3 tickers...
2026-04-29 00:25:34,482 ERROR HTTP Error 404: {"quoteSummary":{"result":null,"error":{"code":"Not Found","description":"Quote not found for symbol: DUMMYALCAR.NS"}}}
2026-04-29 00:25:59,047 ERROR Error in ABB.NS: The truth value of a Series is ambiguous. Use a.empty, a.bool(), a.item(), a.any() or a.all().
2026-04-29 00:25:59,056 ERROR Error in ABLBL.NS: The truth value of a Series is ambiguous. Use a.empty, a.bool(), a.item(), a.any() or a.all().
2026-04-29 00:25:59,086 ERROR Error in ACMESOLAR.NS: The truth value of a Series is ambiguous. Use a.empty, a.bool(), a.item(), a.any() or a.all().
2026-04-29 00:25:59,097 ERROR Error in ADVENZYMES.NS: The truth value of a Series is ambiguous. Use a.empty, a.bool(), a.item(), a.any() or a.all().
2026-04-29 00:25:59,114 ERROR Error in ACI.NS: The truth value of a Series is ambiguous. Use a.empty, a.bool(), a.item(), a.any() or a.all().
2026-04-29 00:25:59,122 ERROR Error in AETHER.NS: The truth value of a Series is ambiguous. Use a.empty, a.bool(), a.item(), a.any() or a.all().
2026-04-29 00:25:59,146 ERROR Error in AEGISVOPAK.NS: The truth value of a Series is ambiguous. Use a.empty, a.bool(), a.item(), a.any() or a.all().
2026-04-29 00:25:59,154 ERROR Error in ADANIPOWER.NS: The truth value of a Series is ambiguous. Use a.empty, a.bool(), a.item(), a.any() or a.all().
2026-04-29 00:25:59,182 ERROR Error in ABSLAMC.NS: The truth value of a Series is ambiguous. Use a.empty, a.bool(), a.item(), a.any() or a.all().
2026-04-29 00:25:59,200 ERROR Error in AHLUCONT.NS: The truth value of a Series is ambiguous. Use a.empty, a.bool(), a.item(), a.any() or a.all().
2026-04-29 00:25:59,228 ERROR Error in AGARWALEYE.NS: The truth value of a Series is ambiguous. Use a.empty, a.bool(), a.item(), a.any() or a.all().
2026-04-29 00:25:59,276 ERROR Error in AEGISLOG.NS: The truth value of a Series is ambiguous. Use a.empty, a.bool(), a.item(), a.any() or a.all().
2026-04-29 00:25:59,310 ERROR Error in AKUMS.NS: The truth value of a Series is ambiguous. Use a.empty, a.bool(), a.item(), a.any() or a.all().
2026-04-29 00:25:59,321 ERROR Error in AFFLE.NS: The truth value of a Series is ambiguous. Use a.empty, a.bool(), a.item(), a.any() or a.all().
2026-04-29 00:25:59,331 ERROR Error in AJANTPHARM.NS: The truth value of a Series is ambiguous. Use a.empty, a.bool(), a.item(), a.any() or a.all().
2026-04-29 00:25:59,346 ERROR Error in ALOKINDS.NS: The truth value of a Series is ambiguous. Use a.empty, a.bool(), a.item(), a.any() or a.all().
2026-04-29 00:25:59,353 ERROR Error in AMBUJACEM.NS: The truth value of a Series is ambiguous. Use a.empty, a.bool(), a.item(), a.any() or a.all().
2026-04-29 00:25:59,369 ERROR Error in AIIL.NS: The truth value of a Series is ambiguous. Use a.empty, a.bool(), a.item(), a.any() or a.all().
2026-04-29 00:25:59,388 ERROR Error in APLLTD.NS: The truth value of a Series is ambiguous. Use a.empty, a.bool(), a.item(), a.any() or a.all().
2026-04-29 00:25:59,396 ERROR Error in AMBER.NS: The truth value of a Series is ambiguous. Use a.empty, a.bool(), a.item(), a.any() or a.all().
2026-04-29 00:25:59,406 ERROR Error in ASHAPURMIN.NS: The truth value of a Series is ambiguous. Use a.empty, a.bool(), a.item(), a.any() or a.all().
2026-04-29 00:25:59,414 ERROR Error in ANGELONE.NS: The truth value of a Series is ambiguous. Use a.empty, a.bool(), a.item(), a.any() or a.all().
2026-04-29 00:25:59,437 ERROR Error in ALIVUS.NS: The truth value of a Series is ambiguous. Use a.empty, a.bool(), a.item(), a.any() or a.all().
2026-04-29 00:25:59,453 ERROR Error in ASHOKLEY.NS: The truth value of a Series is ambiguous. Use a.empty, a.bool(), a.item(), a.any() or a.all().
2026-04-29 00:25:59,466 ERROR Error in APARINDS.NS: The truth value of a Series is ambiguous. Use a.empty, a.bool(), a.item(), a.any() or a.all().
2026-04-29 00:25:59,525 ERROR Error in ASKAUTOLTD.NS: The truth value of a Series is ambiguous. Use a.empty, a.bool(), a.item(), a.any() or a.all().
2026-04-29 00:25:59,544 ERROR Error in ASIANPAINT.NS: The truth value of a Series is ambiguous. Use a.empty, a.bool(), a.item(), a.any() or a.all().
2026-04-29 00:25:59,555 ERROR Error in BAJAJELEC.NS: The truth value of a Series is ambiguous. Use a.empty, a.bool(), a.item(), a.any() or a.all().
2026-04-29 00:25:59,573 ERROR Error in APOLLOHOSP.NS: The truth value of a Series is ambiguous. Use a.empty, a.bool(), a.item(), a.any() or a.all().
2026-04-29 00:25:59,580 ERROR Error in AVANTIFEED.NS: The truth value of a Series is ambiguous. Use a.empty, a.bool(), a.item(), a.any() or a.all().
2026-04-29 00:25:59,599 ERROR Error in APOLLOTYRE.NS: The truth value of a Series is ambiguous. Use a.empty, a.bool(), a.item(), a.any() or a.all().
2026-04-29 00:25:59,606 ERROR Error in BANKINDIA.NS: The truth value of a Series is ambiguous. Use a.empty, a.bool(), a.item(), a.any() or a.all().
2026-04-29 00:25:59,617 ERROR Error in AVL.NS: The truth value of a Series is ambiguous. Use a.empty, a.bool(), a.item(), a.any() or a.all().
2026-04-29 00:25:59,626 ERROR Error in APTUS.NS: The truth value of a Series is ambiguous. Use a.empty, a.bool(), a.item(), a.any() or a.all().
2026-04-29 00:25:59,634 ERROR Error in BAJAJHLDNG.NS: The truth value of a Series is ambiguous. Use a.empty, a.bool(), a.item(), a.any() or a.all().
2026-04-29 00:25:59,650 ERROR Error in AXISCADES.NS: The truth value of a Series is ambiguous. Use a.empty, a.bool(), a.item(), a.any() or a.all().
2026-04-29 00:25:59,668 ERROR Error in BECTORFOOD.NS: The truth value of a Series is ambiguous. Use a.empty, a.bool(), a.item(), a.any() or a.all().
2026-04-29 00:25:59,701 ERROR Error in BHARTIHEXA.NS: The truth value of a Series is ambiguous. Use a.empty, a.bool(), a.item(), a.any() or a.all().
2026-04-29 00:25:59,723 ERROR Error in BALKRISIND.NS: The truth value of a Series is ambiguous. Use a.empty, a.bool(), a.item(), a.any() or a.all().
2026-04-29 00:25:59,768 ERROR Error in BHARTIARTL.NS: The truth value of a Series is ambiguous. Use a.empty, a.bool(), a.item(), a.any() or a.all().
2026-04-29 00:25:59,789 ERROR Error in BLS.NS: The truth value of a Series is ambiguous. Use a.empty, a.bool(), a.item(), a.any() or a.all().
2026-04-29 00:25:59,825 ERROR Error in BORORENEW.NS: The truth value of a Series is ambiguous. Use a.empty, a.bool(), a.item(), a.any() or a.all().
2026-04-29 00:25:59,844 ERROR Error in BIKAJI.NS: The truth value of a Series is ambiguous. Use a.empty, a.bool(), a.item(), a.any() or a.all().
2026-04-29 00:25:59,851 ERROR Error in BAYERCROP.NS: The truth value of a Series is ambiguous. Use a.empty, a.bool(), a.item(), a.any() or a.all().
2026-04-29 00:25:59,874 ERROR Error in BHARATFORG.NS: The truth value of a Series is ambiguous. Use a.empty, a.bool(), a.item(), a.any() or a.all().
2026-04-29 00:25:59,894 ERROR Error in BSE.NS: The truth value of a Series is ambiguous. Use a.empty, a.bool(), a.item(), a.any() or a.all().
2026-04-29 00:25:59,910 ERROR Error in BPCL.NS: The truth value of a Series is ambiguous. Use a.empty, a.bool(), a.item(), a.any() or a.all().
2026-04-29 00:25:59,927 ERROR Error in BRIGADE.NS: The truth value of a Series is ambiguous. Use a.empty, a.bool(), a.item(), a.any() or a.all().
2026-04-29 00:25:59,958 ERROR Error in CAMPUS.NS: The truth value of a Series is ambiguous. Use a.empty, a.bool(), a.item(), a.any() or a.all().
2026-04-29 00:25:59,962 ERROR Error in BSOFT.NS: The truth value of a Series is ambiguous. Use a.empty, a.bool(), a.item(), a.any() or a.all().
2026-04-29 00:25:59,974 ERROR Error in CAPLIPOINT.NS: The truth value of a Series is ambiguous. Use a.empty, a.bool(), a.item(), a.any() or a.all().
2026-04-29 00:25:59,984 ERROR Error in CANBK.NS: The truth value of a Series is ambiguous. Use a.empty, a.bool(), a.item(), a.any() or a.all().
2026-04-29 00:25:59,995 ERROR Error in CAMS.NS: The truth value of a Series is ambiguous. Use a.empty, a.bool(), a.item(), a.any() or a.all().
2026-04-29 00:26:00,136 ERROR Error in CARTRADE.NS: The truth value of a Series is ambiguous. Use a.empty, a.bool(), a.item(), a.any() or a.all().
2026-04-29 00:26:00,151 ERROR Error in CASTROLIND.NS: The truth value of a Series is ambiguous. Use a.empty, a.bool(), a.item(), a.any() or a.all().
2026-04-29 00:26:00,168 ERROR Error in CCL.NS: The truth value of a Series is ambiguous. Use a.empty, a.bool(), a.item(), a.any() or a.all().
2026-04-29 00:26:00,188 ERROR Error in CESC.NS: The truth value of a Series is ambiguous. Use a.empty, a.bool(), a.item(), a.any() or a.all().
2026-04-29 00:26:00,214 ERROR Error in CHOICEIN.NS: The truth value of a Series is ambiguous. Use a.empty, a.bool(), a.item(), a.any() or a.all().
2026-04-29 00:26:00,221 ERROR Error in CGPOWER.NS: The truth value of a Series is ambiguous. Use a.empty, a.bool(), a.item(), a.any() or a.all().
2026-04-29 00:26:00,249 ERROR Error in CDSL.NS: The truth value of a Series is ambiguous. Use a.empty, a.bool(), a.item(), a.any() or a.all().
2026-04-29 00:26:00,355 ERROR Error in CONCORDBIO.NS: The truth value of a Series is ambiguous. Use a.empty, a.bool(), a.item(), a.any() or a.all().
2026-04-29 00:26:00,359 ERROR Error in CHALET.NS: The truth value of a Series is ambiguous. Use a.empty, a.bool(), a.item(), a.any() or a.all().
2026-04-29 00:26:00,365 ERROR Error in CENTURYPLY.NS: The truth value of a Series is ambiguous. Use a.empty, a.bool(), a.item(), a.any() or a.all().
2026-04-29 00:26:00,367 ERROR Error in CGCL.NS: The truth value of a Series is ambiguous. Use a.empty, a.bool(), a.item(), a.any() or a.all().
2026-04-29 00:26:00,370 ERROR Error in COLPAL.NS: The truth value of a Series is ambiguous. Use a.empty, a.bool(), a.item(), a.any() or a.all().
2026-04-29 00:26:00,392 ERROR Error in CYIENT.NS: The truth value of a Series is ambiguous. Use a.empty, a.bool(), a.item(), a.any() or a.all().
2026-04-29 00:26:00,404 ERROR Error in CELLO.NS: The truth value of a Series is ambiguous. Use a.empty, a.bool(), a.item(), a.any() or a.all().
2026-04-29 00:26:00,414 ERROR Error in DBL.NS: The truth value of a Series is ambiguous. Use a.empty, a.bool(), a.item(), a.any() or a.all().
2026-04-29 00:26:00,426 ERROR Error in CRAFTSMAN.NS: The truth value of a Series is ambiguous. Use a.empty, a.bool(), a.item(), a.any() or a.all().
2026-04-29 00:26:00,437 ERROR Error in CUPID.NS: The truth value of a Series is ambiguous. Use a.empty, a.bool(), a.item(), a.any() or a.all().
2026-04-29 00:26:00,448 ERROR Error in DABUR.NS: The truth value of a Series is ambiguous. Use a.empty, a.bool(), a.item(), a.any() or a.all().
2026-04-29 00:26:00,460 ERROR Error in CROMPTON.NS: The truth value of a Series is ambiguous. Use a.empty, a.bool(), a.item(), a.any() or a.all().
2026-04-29 00:26:00,518 ERROR Error in DCMSHRIRAM.NS: The truth value of a Series is ambiguous. Use a.empty, a.bool(), a.item(), a.any() or a.all().
2026-04-29 00:26:00,529 ERROR Error in DELHIVERY.NS: The truth value of a Series is ambiguous. Use a.empty, a.bool(), a.item(), a.any() or a.all().
2026-04-29 00:26:00,539 ERROR Error in DEEPAKFERT.NS: The truth value of a Series is ambiguous. Use a.empty, a.bool(), a.item(), a.any() or a.all().
2026-04-29 00:26:00,564 ERROR Error in DYNAMATECH.NS: The truth value of a Series is ambiguous. Use a.empty, a.bool(), a.item(), a.any() or a.all().
2026-04-29 00:26:00,580 ERROR Error in DEEPAKNTR.NS: The truth value of a Series is ambiguous. Use a.empty, a.bool(), a.item(), a.any() or a.all().
2026-04-29 00:26:00,625 ERROR Error in DEVYANI.NS: The truth value of a Series is ambiguous. Use a.empty, a.bool(), a.item(), a.any() or a.all().
2026-04-29 00:26:00,666 ERROR Error in EDELWEISS.NS: The truth value of a Series is ambiguous. Use a.empty, a.bool(), a.item(), a.any() or a.all().
2026-04-29 00:26:00,686 ERROR Error in EICHERMOT.NS: The truth value of a Series is ambiguous. Use a.empty, a.bool(), a.item(), a.any() or a.all().
2026-04-29 00:26:00,700 ERROR Error in EIEL.NS: The truth value of a Series is ambiguous. Use a.empty, a.bool(), a.item(), a.any() or a.all().
2026-04-29 00:26:00,709 ERROR Error in ELECON.NS: The truth value of a Series is ambiguous. Use a.empty, a.bool(), a.item(), a.any() or a.all().
2026-04-29 00:26:00,717 ERROR Error in DIVISLAB.NS: The truth value of a Series is ambiguous. Use a.empty, a.bool(), a.item(), a.any() or a.all().
2026-04-29 00:26:00,727 ERROR Error in ENDURANCE.NS: The truth value of a Series is ambiguous. Use a.empty, a.bool(), a.item(), a.any() or a.all().
2026-04-29 00:26:00,741 ERROR Error in EMAMILTD.NS: The truth value of a Series is ambiguous. Use a.empty, a.bool(), a.item(), a.any() or a.all().
2026-04-29 00:26:00,751 ERROR Error in ENGINERSIN.NS: The truth value of a Series is ambiguous. Use a.empty, a.bool(), a.item(), a.any() or a.all().
2026-04-29 00:26:00,778 ERROR Error in ESCORTS.NS: The truth value of a Series is ambiguous. Use a.empty, a.bool(), a.item(), a.any() or a.all().
2026-04-29 00:26:00,787 ERROR Error in EQUITASBNK.NS: The truth value of a Series is ambiguous. Use a.empty, a.bool(), a.item(), a.any() or a.all().
2026-04-29 00:26:00,808 ERROR Error in EXIDEIND.NS: The truth value of a Series is ambiguous. Use a.empty, a.bool(), a.item(), a.any() or a.all().
2026-04-29 00:26:00,820 ERROR Error in FEDFINA.NS: The truth value of a Series is ambiguous. Use a.empty, a.bool(), a.item(), a.any() or a.all().
2026-04-29 00:26:00,832 ERROR Error in ETHOSLTD.NS: The truth value of a Series is ambiguous. Use a.empty, a.bool(), a.item(), a.any() or a.all().
2026-04-29 00:26:00,867 ERROR Error in FACT.NS: The truth value of a Series is ambiguous. Use a.empty, a.bool(), a.item(), a.any() or a.all().
2026-04-29 00:26:00,880 ERROR Error in FORTIS.NS: The truth value of a Series is ambiguous. Use a.empty, a.bool(), a.item(), a.any() or a.all().
2026-04-29 00:26:00,892 ERROR Error in FIVESTAR.NS: The truth value of a Series is ambiguous. Use a.empty, a.bool(), a.item(), a.any() or a.all().
2026-04-29 00:26:00,899 ERROR Error in FIRSTCRY.NS: The truth value of a Series is ambiguous. Use a.empty, a.bool(), a.item(), a.any() or a.all().
2026-04-29 00:26:00,912 ERROR Error in FORCEMOT.NS: The truth value of a Series is ambiguous. Use a.empty, a.bool(), a.item(), a.any() or a.all().
2026-04-29 00:26:00,952 ERROR Error in GMRP&UI.NS: The truth value of a Series is ambiguous. Use a.empty, a.bool(), a.item(), a.any() or a.all().
2026-04-29 00:26:00,975 ERROR Error in GILLETTE.NS: The truth value of a Series is ambiguous. Use a.empty, a.bool(), a.item(), a.any() or a.all().
2026-04-29 00:26:00,995 ERROR Error in GALLANTT.NS: The truth value of a Series is ambiguous. Use a.empty, a.bool(), a.item(), a.any() or a.all().
2026-04-29 00:26:01,017 ERROR Error in GICRE.NS: The truth value of a Series is ambiguous. Use a.empty, a.bool(), a.item(), a.any() or a.all().
2026-04-29 00:26:01,036 ERROR Error in GNFC.NS: The truth value of a Series is ambiguous. Use a.empty, a.bool(), a.item(), a.any() or a.all().
2026-04-29 00:26:01,050 ERROR Error in GESHIP.NS: The truth value of a Series is ambiguous. Use a.empty, a.bool(), a.item(), a.any() or a.all().
2026-04-29 00:26:01,065 ERROR Error in GODFRYPHLP.NS: The truth value of a Series is ambiguous. Use a.empty, a.bool(), a.item(), a.any() or a.all().
2026-04-29 00:26:01,088 ERROR Error in GMDCLTD.NS: The truth value of a Series is ambiguous. Use a.empty, a.bool(), a.item(), a.any() or a.all().
2026-04-29 00:26:01,107 ERROR Error in HDFCAMC.NS: The truth value of a Series is ambiguous. Use a.empty, a.bool(), a.item(), a.any() or a.all().
2026-04-29 00:26:01,129 ERROR Error in HDBFS.NS: The truth value of a Series is ambiguous. Use a.empty, a.bool(), a.item(), a.any() or a.all().
2026-04-29 00:26:01,158 ERROR Error in GOKEX.NS: The truth value of a Series is ambiguous. Use a.empty, a.bool(), a.item(), a.any() or a.all().
2026-04-29 00:26:01,164 ERROR Error in HAL.NS: The truth value of a Series is ambiguous. Use a.empty, a.bool(), a.item(), a.any() or a.all().
2026-04-29 00:26:01,170 ERROR Error in GREAVESCOT.NS: The truth value of a Series is ambiguous. Use a.empty, a.bool(), a.item(), a.any() or a.all().
2026-04-29 00:26:01,179 ERROR Error in GRSE.NS: The truth value of a Series is ambiguous. Use a.empty, a.bool(), a.item(), a.any() or a.all().
2026-04-29 00:26:01,201 ERROR Error in GPPL.NS: The truth value of a Series is ambiguous. Use a.empty, a.bool(), a.item(), a.any() or a.all().
2026-04-29 00:26:01,211 ERROR Error in HEMIPROP.NS: The truth value of a Series is ambiguous. Use a.empty, a.bool(), a.item(), a.any() or a.all().
2026-04-29 00:26:01,233 ERROR Error in HONASA.NS: The truth value of a Series is ambiguous. Use a.empty, a.bool(), a.item(), a.any() or a.all().
2026-04-29 00:26:01,250 ERROR Error in HDFCBANK.NS: The truth value of a Series is ambiguous. Use a.empty, a.bool(), a.item(), a.any() or a.all().
2026-04-29 00:26:01,258 ERROR Error in ICIL.NS: The truth value of a Series is ambiguous. Use a.empty, a.bool(), a.item(), a.any() or a.all().
2026-04-29 00:26:01,271 ERROR Error in HYUNDAI.NS: The truth value of a Series is ambiguous. Use a.empty, a.bool(), a.item(), a.any() or a.all().
2026-04-29 00:26:01,305 ERROR Error in HOMEFIRST.NS: The truth value of a Series is ambiguous. Use a.empty, a.bool(), a.item(), a.any() or a.all().
2026-04-29 00:26:01,307 ERROR Error in HONAUT.NS: The truth value of a Series is ambiguous. Use a.empty, a.bool(), a.item(), a.any() or a.all().
2026-04-29 00:26:01,328 ERROR Error in IDEA.NS: The truth value of a Series is ambiguous. Use a.empty, a.bool(), a.item(), a.any() or a.all().
2026-04-29 00:26:01,339 ERROR Error in IDBI.NS: The truth value of a Series is ambiguous. Use a.empty, a.bool(), a.item(), a.any() or a.all().
2026-04-29 00:26:01,365 ERROR Error in INDHOTEL.NS: The truth value of a Series is ambiguous. Use a.empty, a.bool(), a.item(), a.any() or a.all().
2026-04-29 00:26:01,378 ERROR Error in IDFCFIRSTB.NS: The truth value of a Series is ambiguous. Use a.empty, a.bool(), a.item(), a.any() or a.all().
2026-04-29 00:26:01,384 ERROR Error in IIFLCAPS.NS: The truth value of a Series is ambiguous. Use a.empty, a.bool(), a.item(), a.any() or a.all().
2026-04-29 00:26:01,400 ERROR Error in IGIL.NS: The truth value of a Series is ambiguous. Use a.empty, a.bool(), a.item(), a.any() or a.all().
2026-04-29 00:26:01,409 ERROR Error in INDIGOPNTS.NS: The truth value of a Series is ambiguous. Use a.empty, a.bool(), a.item(), a.any() or a.all().
2026-04-29 00:26:01,420 ERROR Error in IGL.NS: The truth value of a Series is ambiguous. Use a.empty, a.bool(), a.item(), a.any() or a.all().
2026-04-29 00:26:01,470 ERROR Error in IKS.NS: The truth value of a Series is ambiguous. Use a.empty, a.bool(), a.item(), a.any() or a.all().
2026-04-29 00:26:01,514 ERROR Error in INOXWIND.NS: The truth value of a Series is ambiguous. Use a.empty, a.bool(), a.item(), a.any() or a.all().
2026-04-29 00:26:01,540 ERROR Error in IRFC.NS: The truth value of a Series is ambiguous. Use a.empty, a.bool(), a.item(), a.any() or a.all().
2026-04-29 00:26:01,553 ERROR Error in IPCALAB.NS: The truth value of a Series is ambiguous. Use a.empty, a.bool(), a.item(), a.any() or a.all().
2026-04-29 00:26:01,584 ERROR Error in INFY.NS: The truth value of a Series is ambiguous. Use a.empty, a.bool(), a.item(), a.any() or a.all().
2026-04-29 00:26:01,614 ERROR Error in IXIGO.NS: The truth value of a Series is ambiguous. Use a.empty, a.bool(), a.item(), a.any() or a.all().
2026-04-29 00:26:01,616 ERROR Error in IOB.NS: The truth value of a Series is ambiguous. Use a.empty, a.bool(), a.item(), a.any() or a.all().
2026-04-29 00:26:01,631 ERROR Error in IRB.NS: The truth value of a Series is ambiguous. Use a.empty, a.bool(), a.item(), a.any() or a.all().
2026-04-29 00:26:01,649 ERROR Error in JAMNAAUTO.NS: The truth value of a Series is ambiguous. Use a.empty, a.bool(), a.item(), a.any() or a.all().
2026-04-29 00:26:01,659 ERROR Error in ITC.NS: The truth value of a Series is ambiguous. Use a.empty, a.bool(), a.item(), a.any() or a.all().
2026-04-29 00:26:01,672 ERROR Error in ITI.NS: The truth value of a Series is ambiguous. Use a.empty, a.bool(), a.item(), a.any() or a.all().
2026-04-29 00:26:01,676 ERROR Error in IRCON.NS: The truth value of a Series is ambiguous. Use a.empty, a.bool(), a.item(), a.any() or a.all().
2026-04-29 00:26:01,696 ERROR Error in JINDALSTEL.NS: The truth value of a Series is ambiguous. Use a.empty, a.bool(), a.item(), a.any() or a.all().
2026-04-29 00:26:01,713 ERROR Error in J&KBANK.NS: The truth value of a Series is ambiguous. Use a.empty, a.bool(), a.item(), a.any() or a.all().
2026-04-29 00:26:01,728 ERROR Error in JAYNECOIND.NS: The truth value of a Series is ambiguous. Use a.empty, a.bool(), a.item(), a.any() or a.all().
2026-04-29 00:26:01,781 ERROR Error in JKPAPER.NS: The truth value of a Series is ambiguous. Use a.empty, a.bool(), a.item(), a.any() or a.all().
2026-04-29 00:26:01,783 ERROR Error in JIOFIN.NS: The truth value of a Series is ambiguous. Use a.empty, a.bool(), a.item(), a.any() or a.all().
2026-04-29 00:26:01,814 ERROR Error in JMFINANCIL.NS: The truth value of a Series is ambiguous. Use a.empty, a.bool(), a.item(), a.any() or a.all().
2026-04-29 00:26:01,821 ERROR Error in JKTYRE.NS: The truth value of a Series is ambiguous. Use a.empty, a.bool(), a.item(), a.any() or a.all().
2026-04-29 00:26:01,851 ERROR Error in JSLL.NS: The truth value of a Series is ambiguous. Use a.empty, a.bool(), a.item(), a.any() or a.all().
2026-04-29 00:26:01,868 ERROR Error in KANSAINER.NS: The truth value of a Series is ambiguous. Use a.empty, a.bool(), a.item(), a.any() or a.all().
2026-04-29 00:26:01,914 ERROR Error in KIRLOSBROS.NS: The truth value of a Series is ambiguous. Use a.empty, a.bool(), a.item(), a.any() or a.all().
2026-04-29 00:26:01,936 ERROR Error in KIRLPNU.NS: The truth value of a Series is ambiguous. Use a.empty, a.bool(), a.item(), a.any() or a.all().
2026-04-29 00:26:01,950 ERROR Error in KITEX.NS: The truth value of a Series is ambiguous. Use a.empty, a.bool(), a.item(), a.any() or a.all().
2026-04-29 00:26:01,964 ERROR Error in JUBLPHARMA.NS: The truth value of a Series is ambiguous. Use a.empty, a.bool(), a.item(), a.any() or a.all().
2026-04-29 00:26:01,981 ERROR Error in KEI.NS: The truth value of a Series is ambiguous. Use a.empty, a.bool(), a.item(), a.any() or a.all().
2026-04-29 00:26:01,984 ERROR Error in KFINTECH.NS: The truth value of a Series is ambiguous. Use a.empty, a.bool(), a.item(), a.any() or a.all().
2026-04-29 00:26:02,132 ERROR Error in KRBL.NS: The truth value of a Series is ambiguous. Use a.empty, a.bool(), a.item(), a.any() or a.all().
2026-04-29 00:26:02,275 ERROR Error in KOTAKBANK.NS: The truth value of a Series is ambiguous. Use a.empty, a.bool(), a.item(), a.any() or a.all().
2026-04-29 00:26:02,283 ERROR Error in KTKBANK.NS: The truth value of a Series is ambiguous. Use a.empty, a.bool(), a.item(), a.any() or a.all().
2026-04-29 00:26:02,288 ERROR Error in KPITTECH.NS: The truth value of a Series is ambiguous. Use a.empty, a.bool(), a.item(), a.any() or a.all().
2026-04-29 00:26:02,318 ERROR Error in KPRMILL.NS: The truth value of a Series is ambiguous. Use a.empty, a.bool(), a.item(), a.any() or a.all().
2026-04-29 00:26:02,348 ERROR Error in LAURUSLABS.NS: The truth value of a Series is ambiguous. Use a.empty, a.bool(), a.item(), a.any() or a.all().
2026-04-29 00:26:02,445 ERROR Error in LT.NS: The truth value of a Series is ambiguous. Use a.empty, a.bool(), a.item(), a.any() or a.all().
2026-04-29 00:26:02,458 ERROR Error in M&MFIN.NS: The truth value of a Series is ambiguous. Use a.empty, a.bool(), a.item(), a.any() or a.all().
2026-04-29 00:26:02,469 ERROR Error in LICHSGFIN.NS: The truth value of a Series is ambiguous. Use a.empty, a.bool(), a.item(), a.any() or a.all().
2026-04-29 00:26:02,487 ERROR Error in LUPIN.NS: The truth value of a Series is ambiguous. Use a.empty, a.bool(), a.item(), a.any() or a.all().
2026-04-29 00:26:02,513 ERROR Error in LTF.NS: The truth value of a Series is ambiguous. Use a.empty, a.bool(), a.item(), a.any() or a.all().
2026-04-29 00:26:02,524 ERROR Error in LLOYDSME.NS: The truth value of a Series is ambiguous. Use a.empty, a.bool(), a.item(), a.any() or a.all().
2026-04-29 00:26:02,527 ERROR Error in LODHA.NS: The truth value of a Series is ambiguous. Use a.empty, a.bool(), a.item(), a.any() or a.all().
2026-04-29 00:26:02,550 ERROR Error in MASTEK.NS: The truth value of a Series is ambiguous. Use a.empty, a.bool(), a.item(), a.any() or a.all().
2026-04-29 00:26:02,580 ERROR Error in MGL.NS: The truth value of a Series is ambiguous. Use a.empty, a.bool(), a.item(), a.any() or a.all().
2026-04-29 00:26:02,593 ERROR Error in MAHABANK.NS: The truth value of a Series is ambiguous. Use a.empty, a.bool(), a.item(), a.any() or a.all().
2026-04-29 00:26:02,687 ERROR Error in MIDHANI.NS: The truth value of a Series is ambiguous. Use a.empty, a.bool(), a.item(), a.any() or a.all().
2026-04-29 00:26:02,770 ERROR Error in NEOGEN.NS: The truth value of a Series is ambiguous. Use a.empty, a.bool(), a.item(), a.any() or a.all().
2026-04-29 00:26:02,800 ERROR Error in NBCC.NS: The truth value of a Series is ambiguous. Use a.empty, a.bool(), a.item(), a.any() or a.all().
2026-04-29 00:26:02,898 ERROR Error in NCC.NS: The truth value of a Series is ambiguous. Use a.empty, a.bool(), a.item(), a.any() or a.all().
2026-04-29 00:26:02,935 ERROR Error in NLCINDIA.NS: The truth value of a Series is ambiguous. Use a.empty, a.bool(), a.item(), a.any() or a.all().
2026-04-29 00:26:02,946 ERROR Error in MOTHERSON.NS: The truth value of a Series is ambiguous. Use a.empty, a.bool(), a.item(), a.any() or a.all().
2026-04-29 00:26:02,973 ERROR Error in MRPL.NS: The truth value of a Series is ambiguous. Use a.empty, a.bool(), a.item(), a.any() or a.all().
2026-04-29 00:26:02,985 ERROR Error in NAVA.NS: The truth value of a Series is ambiguous. Use a.empty, a.bool(), a.item(), a.any() or a.all().
2026-04-29 00:26:03,002 ERROR Error in NESTLEIND.NS: The truth value of a Series is ambiguous. Use a.empty, a.bool(), a.item(), a.any() or a.all().
2026-04-29 00:26:03,065 ERROR Error in NIACL.NS: The truth value of a Series is ambiguous. Use a.empty, a.bool(), a.item(), a.any() or a.all().
2026-04-29 00:26:03,152 ERROR Error in NMDC.NS: The truth value of a Series is ambiguous. Use a.empty, a.bool(), a.item(), a.any() or a.all().
2026-04-29 00:26:03,174 ERROR Error in NSLNISP.NS: The truth value of a Series is ambiguous. Use a.empty, a.bool(), a.item(), a.any() or a.all().
2026-04-29 00:26:03,207 ERROR Error in NTPCGREEN.NS: The truth value of a Series is ambiguous. Use a.empty, a.bool(), a.item(), a.any() or a.all().
2026-04-29 00:26:03,212 ERROR Error in SBIN.NS: The truth value of a Series is ambiguous. Use a.empty, a.bool(), a.item(), a.any() or a.all().
2026-04-29 00:26:03,243 ERROR Error in TI.NS: The truth value of a Series is ambiguous. Use a.empty, a.bool(), a.item(), a.any() or a.all().
2026-04-29 00:26:03,255 ERROR Error in NYKAA.NS: The truth value of a Series is ambiguous. Use a.empty, a.bool(), a.item(), a.any() or a.all().
2026-04-29 00:26:03,284 ERROR Error in NUVOCO.NS: The truth value of a Series is ambiguous. Use a.empty, a.bool(), a.item(), a.any() or a.all().
2026-04-29 00:26:03,378 ERROR Error in WIPRO.NS: The truth value of a Series is ambiguous. Use a.empty, a.bool(), a.item(), a.any() or a.all().
2026-04-29 00:26:03,388 ERROR Error in SYNGENE.NS: The truth value of a Series is ambiguous. Use a.empty, a.bool(), a.item(), a.any() or a.all().
2026-04-29 00:26:03,395 ERROR Error in ZEEL.NS: The truth value of a Series is ambiguous. Use a.empty, a.bool(), a.item(), a.any() or a.all().
2026-04-29 00:26:03,412 ERROR Error in UBL.NS: The truth value of a Series is ambiguous. Use a.empty, a.bool(), a.item(), a.any() or a.all().
2026-04-29 00:37:47,384 INFO Background metadata worker starting...
2026-04-29 00:37:47,682 INFO Prefetching missing metadata for 3 tickers...
2026-04-29 00:37:48,079 ERROR HTTP Error 404: {"quoteSummary":{"result":null,"error":{"code":"Not Found","description":"Quote not found for symbol: DUMMYALCAR.NS"}}}
2026-04-29 00:37:48,169 INFO Background cache refresh complete for 751 symbols.
2026-04-29 00:37:56,195 INFO Prefetching missing metadata for 1 tickers...
2026-04-29 00:41:13,045 INFO Background metadata worker starting...
2026-04-29 00:41:13,145 INFO Prefetching missing metadata for 3 tickers...
2026-04-29 00:41:14,550 ERROR HTTP Error 404: {"quoteSummary":{"result":null,"error":{"code":"Not Found","description":"Quote not found for symbol: DUMMYALCAR.NS"}}}
2026-04-29 00:41:15,088 ERROR HTTP Error 401: {"finance":{"result":null,"error":{"code":"Unauthorized","description":"User is unable to access this feature - https://bit.ly/yahoo-finance-api-feedback"}}}
2026-04-29 00:41:15,091 INFO Background cache refresh complete for 751 symbols.
2026-04-29 00:41:19,605 INFO Prefetching missing metadata for 1 tickers...
2026-04-29 00:45:37,610 ERROR Failed to fetch NSE CSV after 3 attempts: 404 Client Error: Not Found for url: https://nsearchives.nseindia.com/content/indices/ind_niftymicrocap250list.csv
2026-04-29 00:45:37,610 WARNING Sector segment https://nsearchives.nseindia.com/content/indices/ind_niftymicrocap250list.csv failed: 404 Client Error: Not Found for url: https://nsearchives.nseindia.com/content/indices/ind_niftymicrocap250list.csv
2026-04-29 00:45:41,063 ERROR Failed to fetch NSE CSV after 3 attempts: 404 Client Error: Not Found for url: https://archives.nseindia.com/content/indices/ind_niftymicrocap250list.csv
2026-04-29 00:45:41,064 WARNING Sector segment https://archives.nseindia.com/content/indices/ind_niftymicrocap250list.csv failed: 404 Client Error: Not Found for url: https://archives.nseindia.com/content/indices/ind_niftymicrocap250list.csv
2026-04-29 00:45:41,255 INFO Prefetching missing metadata for 3 tickers...
2026-04-29 00:45:41,841 ERROR HTTP Error 404: {"quoteSummary":{"result":null,"error":{"code":"Not Found","description":"Quote not found for symbol: DUMMYALCAR.NS"}}}
2026-04-29 00:46:20,141 ERROR 
1 Failed download:
2026-04-29 00:46:20,142 ERROR ['DUMMYALCAR.NS']: YFPricesMissingError('possibly delisted; no price data found  (period=2y) (Yahoo error = "No data found, symbol may be delisted")')
